---
http_interactions:
- request:
    method: post
    uri: https://www.braintrust.dev/api/apikey/login
    body:
      encoding: UTF-8
      string: ''
    headers:
      Accept-Encoding:
      - gzip;q=1.0,deflate;q=0.6,identity;q=0.3
      Accept:
      - "*/*"
      User-Agent:
      - Ruby
      Host:
      - www.braintrust.dev
      Authorization:
      - Bearer <BRAINTRUST_API_KEY>
  response:
    status:
      code: 200
      message: OK
    headers:
      Access-Control-Allow-Credentials:
      - 'true'
      Access-Control-Allow-Headers:
      - X-CSRF-Token, X-Requested-With, Accept, Accept-Version, Content-Length, Content-MD5,
        Content-Type, Date, X-Api-Version
      Access-Control-Allow-Methods:
      - GET,OPTIONS,PATCH,DELETE,POST,PUT
      Access-Control-Allow-Origin:
      - "*"
      Cache-Control:
      - public, max-age=0, must-revalidate
      Content-Length:
      - '395'
      Content-Security-Policy:
      - 'script-src ''self'' ''unsafe-eval'' ''wasm-unsafe-eval'' ''strict-dynamic''
        ''nonce-YTJjNjFhMTctZjRmNS00N2ZjLThmNGEtMjIwYmU4Zjk0MWJl''  *.js.stripe.com
        js.stripe.com maps.googleapis.com ; style-src ''self'' ''unsafe-inline'' *.braintrust.dev
        btcm6qilbbhv4yi1.public.blob.vercel-storage.com fonts.googleapis.com www.gstatic.com
        d4tuoctqmanu0.cloudfront.net; font-src ''self'' data: fonts.gstatic.com btcm6qilbbhv4yi1.public.blob.vercel-storage.com
        cdn.jsdelivr.net d4tuoctqmanu0.cloudfront.net fonts.googleapis.com mintlify-assets.b-cdn.net
        fonts.cdnfonts.com; object-src ''none''; base-uri ''self''; form-action ''self'';
        frame-ancestors ''self''; worker-src ''self'' blob:; report-uri https://o4507221741076480.ingest.us.sentry.io/api/4507221754380288/security/?sentry_key=27fa5ac907cf7c6ce4a1ab2a03f805b4&sentry_environment=production&sentry_release=16;
        report-to csp-endpoint-0'
      Content-Type:
      - application/json; charset=utf-8
      Date:
      - Thu, 11 Dec 2025 04:55:16 GMT
      Etag:
      - '"12n7ok4b5phaz"'
      Reporting-Endpoints:
      - csp-endpoint-0="https://o4507221741076480.ingest.us.sentry.io/api/4507221754380288/security/?sentry_key=27fa5ac907cf7c6ce4a1ab2a03f805b4&sentry_environment=production&sentry_release=16"
      Server:
      - Vercel
      Strict-Transport-Security:
      - max-age=63072000
      X-Clerk-Auth-Message:
      - Invalid JWT form. A JWT consists of three parts separated by dots. (reason=token-invalid,
        token-carrier=header)
      X-Clerk-Auth-Reason:
      - token-invalid
      X-Clerk-Auth-Status:
      - signed-out
      X-Content-Type-Options:
      - nosniff
      X-Frame-Options:
      - SAMEORIGIN
      X-Matched-Path:
      - "/api/apikey/login"
      X-Nonce:
      - YTJjNjFhMTctZjRmNS00N2ZjLThmNGEtMjIwYmU4Zjk0MWJl
      X-Vercel-Cache:
      - MISS
      X-Vercel-Id:
      - iad1::iad1::kcx4j-1765428916152-a1cf3fc51400
    body:
      encoding: UTF-8
      string: '{"org_info":[{"id":"5d7c97d7-fef1-4cb7-bda6-7e3756a0ca8e","name":"braintrustdata.com","api_url":"https://staging-api.braintrust.dev","git_metadata":{"fields":["commit","branch","tag","author_name","author_email","commit_message","commit_time","dirty"],"collect":"some"},"is_universal_api":true,"proxy_url":"https://staging-api.braintrust.dev","realtime_url":"wss://realtime.braintrustapi.com"}]}'
  recorded_at: Thu, 11 Dec 2025 04:55:16 GMT
- request:
    method: get
    uri: https://staging-api.braintrust.dev/v1/project?project_name=ruby-sdk-test
    body:
      encoding: US-ASCII
      string: ''
    headers:
      Accept-Encoding:
      - gzip;q=1.0,deflate;q=0.6,identity;q=0.3
      Accept:
      - "*/*"
      User-Agent:
      - Ruby
      Host:
      - staging-api.braintrust.dev
      Authorization:
      - Bearer <BRAINTRUST_API_KEY>
  response:
    status:
      code: 200
      message: OK
    headers:
      Content-Type:
      - application/json; charset=utf-8
      Content-Length:
      - '250'
      Connection:
      - keep-alive
      X-Amz-Cf-Pop:
      - JFK50-P10
      - JFK52-P8
      Date:
      - Thu, 11 Dec 2025 04:55:16 GMT
      Access-Control-Allow-Credentials:
      - 'true'
      X-Amzn-Requestid:
      - 4bae4144-3a12-4d57-905f-8a2cf7c039a9
      X-Bt-Internal-Trace-Id:
      - 693a4eb40000000053bced5a0bd7888a
      X-Amz-Apigw-Id:
      - VaE8PGqNoAMEXFA=
      Vary:
      - Origin, Accept-Encoding
      Etag:
      - W/"fa-HrwmCajpdJfSgika/ZPujG7WfoY"
      Access-Control-Expose-Headers:
      - x-bt-cursor,x-bt-found-existing,x-bt-query-plan
      X-Amzn-Trace-Id:
      - Root=1-693a4eb4-5724231b78c4b39d21af8f8e;Parent=02ba9eef1a36a91c;Sampled=0;Lineage=1:fc3b4ff1:0
      Via:
      - 1.1 50883ba97150fac6d0b034722524bd0a.cloudfront.net (CloudFront), 1.1 a14a267d508606220614716764dbbd3e.cloudfront.net
        (CloudFront)
      X-Cache:
      - Miss from cloudfront
      X-Amz-Cf-Id:
      - hm6pfsOS8vLbk09FnMGUHa52TiFH1DzsRukru3cllnYAAwa_L_IZMg==
    body:
      encoding: ASCII-8BIT
      string: '{"objects":[{"id":"ac86d18e-af78-4caf-918d-b89ad108ec67","org_id":"5d7c97d7-fef1-4cb7-bda6-7e3756a0ca8e","name":"ruby-sdk-test","created":"2025-10-22T03:32:12.324Z","deleted_at":null,"user_id":"f2ddc4e6-a51a-4a60-9734-9af4ea05c6ef","settings":null}]}'
  recorded_at: Thu, 11 Dec 2025 04:55:16 GMT
- request:
    method: post
    uri: https://staging-api.braintrust.dev/v1/function
    body:
      encoding: UTF-8
      string: '{"project_id":"ac86d18e-af78-4caf-918d-b89ad108ec67","slug":"test-ruby-sdk-scorer-helper","name":"test-ruby-sdk-scorer-helper","function_data":{"type":"prompt"},"prompt_data":{"prompt":{"type":"chat","messages":[{"role":"system","content":"You
        are a scorer. Return a score between 0 and 1."},{"role":"user","content":"Score
        this output: {{output}}"}]},"options":{"model":"gpt-4o-mini"}},"function_type":"scorer"}'
    headers:
      Accept-Encoding:
      - gzip;q=1.0,deflate;q=0.6,identity;q=0.3
      Accept:
      - "*/*"
      User-Agent:
      - Ruby
      Host:
      - staging-api.braintrust.dev
      Content-Type:
      - application/json
      Authorization:
      - Bearer <BRAINTRUST_API_KEY>
  response:
    status:
      code: 200
      message: OK
    headers:
      Content-Type:
      - application/json; charset=utf-8
      Content-Length:
      - '587'
      Connection:
      - keep-alive
      X-Amz-Cf-Pop:
      - JFK50-P10
      - JFK52-P8
      Date:
      - Thu, 11 Dec 2025 04:55:17 GMT
      Access-Control-Allow-Credentials:
      - 'true'
      X-Amzn-Requestid:
      - 0c519b08-0b31-4f2e-b035-9b4c734abfa4
      X-Bt-Internal-Trace-Id:
      - 693a4eb4000000002361ec5410e55c51
      X-Amz-Apigw-Id:
      - VaE8SEQHIAMEm6g=
      Vary:
      - Origin, Accept-Encoding
      Etag:
      - W/"24b-cTIRiLePppBz2Y71KMdrHz88H5I"
      Access-Control-Expose-Headers:
      - x-bt-cursor,x-bt-found-existing,x-bt-query-plan
      X-Amzn-Trace-Id:
      - Root=1-693a4eb4-301e15347b8223836ff288a7;Parent=08718d88dd9c307f;Sampled=0;Lineage=1:fc3b4ff1:0
      Via:
      - 1.1 3bd704a723998d21cd3d1c7e5aa5b320.cloudfront.net (CloudFront), 1.1 663d1f2ecede39322c8a8836b25e1bcc.cloudfront.net
        (CloudFront)
      X-Cache:
      - Miss from cloudfront
      X-Amz-Cf-Id:
      - C3ivx0FnIQ9NjmNxv9fTKiaTdqxBPeMwGK2cL6ywNjYRH04wtqoKXQ==
    body:
      encoding: ASCII-8BIT
      string: '{"log_id":"p","project_id":"ac86d18e-af78-4caf-918d-b89ad108ec67","slug":"test-ruby-sdk-scorer-helper","name":"test-ruby-sdk-scorer-helper","function_data":{"type":"prompt"},"prompt_data":{"prompt":{"type":"chat","messages":[{"role":"system","content":"You
        are a scorer. Return a score between 0 and 1."},{"role":"user","content":"Score
        this output: {{output}}"}]},"options":{"model":"gpt-4o-mini"}},"function_type":"scorer","id":"d3185824-261b-421d-b521-f1575891a1b3","created":"2025-12-11T04:55:16.838Z","org_id":"5d7c97d7-fef1-4cb7-bda6-7e3756a0ca8e","_xact_id":"1000196291402408416"}'
  recorded_at: Thu, 11 Dec 2025 04:55:17 GMT
- request:
    method: delete
    uri: https://staging-api.braintrust.dev/v1/function/d3185824-261b-421d-b521-f1575891a1b3
    body:
      encoding: US-ASCII
      string: ''
    headers:
      Accept-Encoding:
      - gzip;q=1.0,deflate;q=0.6,identity;q=0.3
      Accept:
      - "*/*"
      User-Agent:
      - Ruby
      Host:
      - staging-api.braintrust.dev
      Authorization:
      - Bearer <BRAINTRUST_API_KEY>
  response:
    status:
      code: 200
      message: OK
    headers:
      Content-Type:
      - application/json; charset=utf-8
      Content-Length:
      - '287'
      Connection:
      - keep-alive
      X-Amz-Cf-Pop:
      - JFK50-P10
      - JFK52-P8
      Date:
      - Thu, 11 Dec 2025 04:55:17 GMT
      Access-Control-Allow-Credentials:
      - 'true'
      X-Amzn-Requestid:
      - 407a5376-07ec-4d61-8614-7b7a2d890322
      X-Bt-Internal-Trace-Id:
      - 693a4eb500000000118149ac917ca883
      X-Amz-Apigw-Id:
      - VaE8YELyIAMEq6w=
      Vary:
      - Origin, Accept-Encoding
      Etag:
      - W/"11f-qcFVaem/NZDZs2Ry62ZL8kKjiN0"
      Access-Control-Expose-Headers:
      - x-bt-cursor,x-bt-found-existing,x-bt-query-plan
      X-Amzn-Trace-Id:
      - Root=1-693a4eb5-737ef8f52c36e01d7bf85444;Parent=0f2ec22a7e5c10c3;Sampled=0;Lineage=1:fc3b4ff1:0
      Via:
      - 1.1 3bd704a723998d21cd3d1c7e5aa5b320.cloudfront.net (CloudFront), 1.1 645b3b9307ff6780fc1a76b712bc5728.cloudfront.net
        (CloudFront)
      X-Cache:
      - Miss from cloudfront
      X-Amz-Cf-Id:
      - qygajHGqWnLYMjxtE2Gw8NbUONM8w49yUc9aGmKs615-N_DhqJz3bg==
    body:
      encoding: ASCII-8BIT
      string: '{"log_id":"p","project_id":"ac86d18e-af78-4caf-918d-b89ad108ec67","slug":"test-ruby-sdk-scorer-helper","id":"d3185824-261b-421d-b521-f1575891a1b3","created":"2025-12-11T04:55:17.398Z","org_id":"5d7c97d7-fef1-4cb7-bda6-7e3756a0ca8e","_object_delete":true,"_xact_id":"1000196291402474269"}'
  recorded_at: Thu, 11 Dec 2025 04:55:17 GMT
recorded_with: VCR 6.3.1
