---
http_interactions:
- request:
    method: post
    uri: https://www.braintrust.dev/api/apikey/login
    body:
      encoding: UTF-8
      string: ''
    headers:
      Accept-Encoding:
      - gzip;q=1.0,deflate;q=0.6,identity;q=0.3
      Accept:
      - "*/*"
      User-Agent:
      - Ruby
      Host:
      - www.braintrust.dev
      Authorization:
      - Bearer <BRAINTRUST_API_KEY>
  response:
    status:
      code: 200
      message: OK
    headers:
      Access-Control-Allow-Credentials:
      - 'true'
      Access-Control-Allow-Headers:
      - X-CSRF-Token, X-Requested-With, Accept, Accept-Version, Content-Length, Content-MD5,
        Content-Type, Date, X-Api-Version
      Access-Control-Allow-Methods:
      - GET,OPTIONS,PATCH,DELETE,POST,PUT
      Access-Control-Allow-Origin:
      - "*"
      Cache-Control:
      - public, max-age=0, must-revalidate
      Content-Length:
      - '395'
      Content-Security-Policy:
      - 'script-src ''self'' ''unsafe-eval'' ''wasm-unsafe-eval'' ''strict-dynamic''
        ''nonce-MmYwZmFiMWQtNjg4NC00YTE2LWE5OTItMzE0ZTg3MGFhNTNh''  *.js.stripe.com
        js.stripe.com maps.googleapis.com ; style-src ''self'' ''unsafe-inline'' *.braintrust.dev
        btcm6qilbbhv4yi1.public.blob.vercel-storage.com fonts.googleapis.com www.gstatic.com
        d4tuoctqmanu0.cloudfront.net; font-src ''self'' data: fonts.gstatic.com btcm6qilbbhv4yi1.public.blob.vercel-storage.com
        cdn.jsdelivr.net d4tuoctqmanu0.cloudfront.net fonts.googleapis.com mintlify-assets.b-cdn.net
        fonts.cdnfonts.com; object-src ''none''; base-uri ''self''; form-action ''self'';
        frame-ancestors ''self''; worker-src ''self'' blob:; report-uri https://o4507221741076480.ingest.us.sentry.io/api/4507221754380288/security/?sentry_key=27fa5ac907cf7c6ce4a1ab2a03f805b4&sentry_environment=production&sentry_release=16;
        report-to csp-endpoint-0'
      Content-Type:
      - application/json; charset=utf-8
      Date:
      - Tue, 03 Feb 2026 16:33:08 GMT
      Etag:
      - '"12n7ok4b5phaz"'
      Reporting-Endpoints:
      - csp-endpoint-0="https://o4507221741076480.ingest.us.sentry.io/api/4507221754380288/security/?sentry_key=27fa5ac907cf7c6ce4a1ab2a03f805b4&sentry_environment=production&sentry_release=16"
      Server:
      - Vercel
      Strict-Transport-Security:
      - max-age=63072000
      X-Clerk-Auth-Message:
      - Invalid JWT form. A JWT consists of three parts separated by dots. (reason=token-invalid,
        token-carrier=header)
      X-Clerk-Auth-Reason:
      - token-invalid
      X-Clerk-Auth-Status:
      - signed-out
      X-Content-Type-Options:
      - nosniff
      X-Frame-Options:
      - SAMEORIGIN
      X-Matched-Path:
      - "/api/apikey/login"
      X-Nonce:
      - MmYwZmFiMWQtNjg4NC00YTE2LWE5OTItMzE0ZTg3MGFhNTNh
      X-Vercel-Cache:
      - MISS
      X-Vercel-Id:
      - cle1::iad1::ghmxj-1770136388123-be3269ddef3e
    body:
      encoding: UTF-8
      string: '{"org_info":[{"id":"5d7c97d7-fef1-4cb7-bda6-7e3756a0ca8e","name":"braintrustdata.com","api_url":"https://staging-api.braintrust.dev","git_metadata":{"fields":["commit","branch","tag","author_name","author_email","commit_message","commit_time","dirty"],"collect":"some"},"is_universal_api":true,"proxy_url":"https://staging-api.braintrust.dev","realtime_url":"wss://realtime.braintrustapi.com"}]}'
  recorded_at: Tue, 03 Feb 2026 16:33:08 GMT
- request:
    method: get
    uri: https://staging-api.braintrust.dev/v1/project?project_name=ruby-sdk-test
    body:
      encoding: US-ASCII
      string: ''
    headers:
      Accept-Encoding:
      - gzip;q=1.0,deflate;q=0.6,identity;q=0.3
      Accept:
      - "*/*"
      User-Agent:
      - Ruby
      Host:
      - staging-api.braintrust.dev
      Authorization:
      - Bearer <BRAINTRUST_API_KEY>
  response:
    status:
      code: 200
      message: OK
    headers:
      Content-Type:
      - application/json; charset=utf-8
      Content-Length:
      - '269'
      Connection:
      - keep-alive
      X-Amz-Cf-Pop:
      - CMH68-P1
      - CMH68-P1
      Date:
      - Tue, 03 Feb 2026 16:33:08 GMT
      Access-Control-Allow-Credentials:
      - 'true'
      X-Amzn-Requestid:
      - 458bdb37-c7dd-435d-8b11-880cf64b9c4e
      X-Bt-Internal-Trace-Id:
      - 69822344000000003d66a0003e2d8e5c
      X-Amz-Apigw-Id:
      - YNpywFagoAMEUiw=
      Vary:
      - Origin, Accept-Encoding
      Etag:
      - W/"10d-SEV8zdYyFxsGQVbFPF9yW/SqrIE"
      Access-Control-Expose-Headers:
      - x-bt-cursor,x-bt-found-existing,x-bt-query-plan
      X-Amzn-Trace-Id:
      - Root=1-69822344-1313d1613b18b7be36fb3789;Parent=08d66bd32e72fe64;Sampled=0;Lineage=1:fc3b4ff1:0
      Via:
      - 1.1 1f25a64e755f195dbccfdacb5a82a7ce.cloudfront.net (CloudFront), 1.1 7e4c775b563a7a47cbdf48a806a6bd2a.cloudfront.net
        (CloudFront)
      X-Cache:
      - Miss from cloudfront
      X-Amz-Cf-Id:
      - z5qWg4SAuaivZsVRtH8qKQSSd1FzU4aOuMdPyk-H1abMXlKwM6uqiQ==
    body:
      encoding: ASCII-8BIT
      string: '{"objects":[{"id":"ac86d18e-af78-4caf-918d-b89ad108ec67","org_id":"5d7c97d7-fef1-4cb7-bda6-7e3756a0ca8e","name":"ruby-sdk-test","description":null,"created":"2025-10-22T03:32:12.324Z","deleted_at":null,"user_id":"f2ddc4e6-a51a-4a60-9734-9af4ea05c6ef","settings":null}]}'
  recorded_at: Tue, 03 Feb 2026 16:33:08 GMT
- request:
    method: post
    uri: https://staging-api.braintrust.dev/v1/function
    body:
      encoding: UTF-8
      string: '{"project_id":"ac86d18e-af78-4caf-918d-b89ad108ec67","slug":"test-ruby-sdk-get-version","name":"test-ruby-sdk-get-version","function_data":{"type":"prompt"},"prompt_data":{"prompt":{"type":"chat","messages":[{"role":"user","content":"Version
        test message"}]},"options":{"model":"gpt-4o-mini"}}}'
    headers:
      Accept-Encoding:
      - gzip;q=1.0,deflate;q=0.6,identity;q=0.3
      Accept:
      - "*/*"
      User-Agent:
      - Ruby
      Host:
      - staging-api.braintrust.dev
      Content-Type:
      - application/json
      Authorization:
      - Bearer <BRAINTRUST_API_KEY>
  response:
    status:
      code: 200
      message: OK
    headers:
      Content-Type:
      - application/json; charset=utf-8
      Content-Length:
      - '469'
      Connection:
      - keep-alive
      X-Amz-Cf-Pop:
      - CMH68-P1
      - CMH68-P1
      Date:
      - Tue, 03 Feb 2026 16:33:09 GMT
      Access-Control-Allow-Credentials:
      - 'true'
      X-Amzn-Requestid:
      - 96c75162-20f9-4e1c-be0d-782d3f07547c
      X-Bt-Internal-Trace-Id:
      - 698223440000000036800c79695f4502
      X-Amz-Apigw-Id:
      - YNpyyEd4IAMEr3g=
      Vary:
      - Origin, Accept-Encoding
      Etag:
      - W/"1d5-EXDd/m5R7AuOv8m7Q9If7CqJm/0"
      Access-Control-Expose-Headers:
      - x-bt-cursor,x-bt-found-existing,x-bt-query-plan
      X-Amzn-Trace-Id:
      - Root=1-69822344-6d5737ee59077c897584a5e1;Parent=7f672d0dc8bad837;Sampled=0;Lineage=1:fc3b4ff1:0
      Via:
      - 1.1 ff2cda2997d759f25d189d4bd5288a18.cloudfront.net (CloudFront), 1.1 ed11b381965875f4766a15a39ce86a5a.cloudfront.net
        (CloudFront)
      X-Cache:
      - Miss from cloudfront
      X-Amz-Cf-Id:
      - bjsF6cAsgNc1zvIAsWUKMM3qWY5jWp747Xi_Qikk9wTF1xF8FkDbEQ==
    body:
      encoding: ASCII-8BIT
      string: '{"log_id":"p","project_id":"ac86d18e-af78-4caf-918d-b89ad108ec67","slug":"test-ruby-sdk-get-version","name":"test-ruby-sdk-get-version","function_data":{"type":"prompt"},"prompt_data":{"prompt":{"type":"chat","messages":[{"role":"user","content":"Version
        test message"}]},"options":{"model":"gpt-4o-mini"}},"id":"51619c9a-c450-4532-9be2-ddc07f667f88","created":"2026-02-03T16:33:08.808Z","org_id":"5d7c97d7-fef1-4cb7-bda6-7e3756a0ca8e","_xact_id":"1000196599911306390"}'
  recorded_at: Tue, 03 Feb 2026 16:33:09 GMT
- request:
    method: get
    uri: https://staging-api.braintrust.dev/v1/function/51619c9a-c450-4532-9be2-ddc07f667f88?version=1000196599911306390
    body:
      encoding: US-ASCII
      string: ''
    headers:
      Accept-Encoding:
      - gzip;q=1.0,deflate;q=0.6,identity;q=0.3
      Accept:
      - "*/*"
      User-Agent:
      - Ruby
      Host:
      - staging-api.braintrust.dev
      Authorization:
      - Bearer <BRAINTRUST_API_KEY>
  response:
    status:
      code: 200
      message: OK
    headers:
      Content-Type:
      - application/json; charset=utf-8
      Content-Length:
      - '574'
      Connection:
      - keep-alive
      X-Amz-Cf-Pop:
      - CMH68-P1
      - CMH68-P1
      Date:
      - Tue, 03 Feb 2026 16:33:09 GMT
      Access-Control-Allow-Credentials:
      - 'true'
      X-Amzn-Requestid:
      - fc2331fc-7760-421d-8ef5-81a6844478cb
      X-Bt-Internal-Trace-Id:
      - 6982234500000000437008e428860d4c
      X-Amz-Apigw-Id:
      - YNpy5H8HIAMEUxQ=
      Vary:
      - Origin, Accept-Encoding
      Etag:
      - W/"23e-1wXcVKhMbpJMjZHunom3G8oHbyY"
      Access-Control-Expose-Headers:
      - x-bt-cursor,x-bt-found-existing,x-bt-query-plan
      X-Amzn-Trace-Id:
      - Root=1-69822345-0dc09d0173d5027d260d4cad;Parent=64a5f852d88955f5;Sampled=0;Lineage=1:fc3b4ff1:0
      Via:
      - 1.1 c2b321e4bf2baad609809abdec469ff6.cloudfront.net (CloudFront), 1.1 1aba603d822d5b3ffcc843f252edb6ea.cloudfront.net
        (CloudFront)
      X-Cache:
      - Miss from cloudfront
      X-Amz-Cf-Id:
      - CJK4qcYkg2yeFO1ZFxLBolJ4-wt-OJl-1OmzbV6adUzCP16R2invFg==
    body:
      encoding: ASCII-8BIT
      string: '{"id":"51619c9a-c450-4532-9be2-ddc07f667f88","_xact_id":"1000196599911306390","project_id":"ac86d18e-af78-4caf-918d-b89ad108ec67","log_id":"p","org_id":"5d7c97d7-fef1-4cb7-bda6-7e3756a0ca8e","name":"test-ruby-sdk-get-version","slug":"test-ruby-sdk-get-version","description":null,"created":"2026-02-03T16:33:08.808Z","prompt_data":{"prompt":{"type":"chat","messages":[{"role":"user","content":"Version
        test message"}]},"options":{"model":"gpt-4o-mini"}},"tags":null,"metadata":null,"function_type":null,"function_data":{"type":"prompt"},"origin":null,"function_schema":null}'
  recorded_at: Tue, 03 Feb 2026 16:33:09 GMT
- request:
    method: delete
    uri: https://staging-api.braintrust.dev/v1/function/51619c9a-c450-4532-9be2-ddc07f667f88
    body:
      encoding: US-ASCII
      string: ''
    headers:
      Accept-Encoding:
      - gzip;q=1.0,deflate;q=0.6,identity;q=0.3
      Accept:
      - "*/*"
      User-Agent:
      - Ruby
      Host:
      - staging-api.braintrust.dev
      Authorization:
      - Bearer <BRAINTRUST_API_KEY>
  response:
    status:
      code: 200
      message: OK
    headers:
      Content-Type:
      - application/json; charset=utf-8
      Content-Length:
      - '285'
      Connection:
      - keep-alive
      X-Amz-Cf-Pop:
      - CMH68-P1
      - CMH68-P1
      Date:
      - Tue, 03 Feb 2026 16:33:10 GMT
      Access-Control-Allow-Credentials:
      - 'true'
      X-Amzn-Requestid:
      - 9750ea43-9ce6-47a8-a4a3-7b33062e464b
      X-Bt-Internal-Trace-Id:
      - 69822345000000003e5cfec1015329e3
      X-Amz-Apigw-Id:
      - YNpy-Gx4oAMEh7g=
      Vary:
      - Origin, Accept-Encoding
      Etag:
      - W/"11d-TXf4dI6R04Mz+mUFVNDns6262HQ"
      Access-Control-Expose-Headers:
      - x-bt-cursor,x-bt-found-existing,x-bt-query-plan
      X-Amzn-Trace-Id:
      - Root=1-69822345-190babb759c148332924f5f0;Parent=2b3b7f6f7276be2e;Sampled=0;Lineage=1:fc3b4ff1:0
      Via:
      - 1.1 ff2cda2997d759f25d189d4bd5288a18.cloudfront.net (CloudFront), 1.1 7e4c775b563a7a47cbdf48a806a6bd2a.cloudfront.net
        (CloudFront)
      X-Cache:
      - Miss from cloudfront
      X-Amz-Cf-Id:
      - bH8q5cDjQz8j8jkSIUFRfgUNBx6VUWAkkvD3OSXcTIfyOEqjaBvKuw==
    body:
      encoding: ASCII-8BIT
      string: '{"log_id":"p","project_id":"ac86d18e-af78-4caf-918d-b89ad108ec67","slug":"test-ruby-sdk-get-version","id":"51619c9a-c450-4532-9be2-ddc07f667f88","created":"2026-02-03T16:33:10.053Z","org_id":"5d7c97d7-fef1-4cb7-bda6-7e3756a0ca8e","_object_delete":true,"_xact_id":"1000196599911439840"}'
  recorded_at: Tue, 03 Feb 2026 16:33:10 GMT
recorded_with: VCR 6.4.0
