---
http_interactions:
- request:
    method: post
    uri: https://www.braintrust.dev/api/apikey/login
    body:
      encoding: UTF-8
      string: ''
    headers:
      Accept-Encoding:
      - gzip;q=1.0,deflate;q=0.6,identity;q=0.3
      Accept:
      - "*/*"
      User-Agent:
      - Ruby
      Host:
      - www.braintrust.dev
      Authorization:
      - Bearer test-key
  response:
    status:
      code: 401
      message: Unauthorized
    headers:
      Access-Control-Allow-Credentials:
      - 'true'
      Access-Control-Allow-Headers:
      - X-CSRF-Token, X-Requested-With, Accept, Accept-Version, Content-Length, Content-MD5,
        Content-Type, Date, X-Api-Version
      Access-Control-Allow-Methods:
      - GET,OPTIONS,PATCH,DELETE,POST,PUT
      Access-Control-Allow-Origin:
      - "*"
      Cache-Control:
      - public, max-age=0, must-revalidate
      Content-Length:
      - '193'
      Content-Security-Policy:
      - 'script-src ''self'' ''unsafe-eval'' ''wasm-unsafe-eval'' ''strict-dynamic''
        ''nonce-NGM0ZTIyMGYtYjFmNC00NWM0LThiNTItYWI5ZDU0OTNkMTVj''  *.js.stripe.com
        js.stripe.com maps.googleapis.com ; style-src ''self'' ''unsafe-inline'' *.braintrust.dev
        btcm6qilbbhv4yi1.public.blob.vercel-storage.com fonts.googleapis.com www.gstatic.com;
        font-src ''self'' data: fonts.gstatic.com btcm6qilbbhv4yi1.public.blob.vercel-storage.com;
        object-src ''none''; base-uri ''self''; form-action ''self''; frame-ancestors
        ''self''; worker-src ''self'' blob:; report-uri https://o4507221741076480.ingest.us.sentry.io/api/4507221754380288/security/?sentry_key=27fa5ac907cf7c6ce4a1ab2a03f805b4&sentry_environment=production&sentry_release=14;
        report-to csp-endpoint-0'
      Content-Type:
      - text/plain; charset=utf-8
      Date:
      - Sat, 25 Oct 2025 16:04:47 GMT
      Etag:
      - '"10a39h4v7gs5d"'
      Reporting-Endpoints:
      - csp-endpoint-0="https://o4507221741076480.ingest.us.sentry.io/api/4507221754380288/security/?sentry_key=27fa5ac907cf7c6ce4a1ab2a03f805b4&sentry_environment=production&sentry_release=14"
      Server:
      - Vercel
      Strict-Transport-Security:
      - max-age=63072000
      X-Clerk-Auth-Message:
      - Invalid JWT form. A JWT consists of three parts separated by dots. (reason=token-invalid,
        token-carrier=header)
      X-Clerk-Auth-Reason:
      - token-invalid
      X-Clerk-Auth-Status:
      - signed-out
      X-Content-Type-Options:
      - nosniff
      X-Frame-Options:
      - SAMEORIGIN
      X-Matched-Path:
      - "/api/apikey/login"
      X-Nonce:
      - NGM0ZTIyMGYtYjFmNC00NWM0LThiNTItYWI5ZDU0OTNkMTVj
      X-Vercel-Cache:
      - MISS
      X-Vercel-Id:
      - iad1::iad1::6xs6c-1761408287398-2ec3c35de0a0
    body:
      encoding: UTF-8
      string: 'Failed to validate Cognito JWT: Error: JWT string does not consist
        of exactly 3 parts (header, payload, signature) [timestamp=1761408287.436]
        [request_id=iad1::6xs6c-1761408287398-2ec3c35de0a0]'
  recorded_at: Sat, 25 Oct 2025 16:04:47 GMT
- request:
    method: post
    uri: https://www.braintrust.dev/api/apikey/login
    body:
      encoding: UTF-8
      string: ''
    headers:
      Accept-Encoding:
      - gzip;q=1.0,deflate;q=0.6,identity;q=0.3
      Accept:
      - "*/*"
      User-Agent:
      - Ruby
      Host:
      - www.braintrust.dev
      Authorization:
      - Bearer test-key
  response:
    status:
      code: 401
      message: Unauthorized
    headers:
      Access-Control-Allow-Credentials:
      - 'true'
      Access-Control-Allow-Headers:
      - X-CSRF-Token, X-Requested-With, Accept, Accept-Version, Content-Length, Content-MD5,
        Content-Type, Date, X-Api-Version
      Access-Control-Allow-Methods:
      - GET,OPTIONS,PATCH,DELETE,POST,PUT
      Access-Control-Allow-Origin:
      - "*"
      Cache-Control:
      - public, max-age=0, must-revalidate
      Content-Length:
      - '193'
      Content-Security-Policy:
      - 'script-src ''self'' ''unsafe-eval'' ''wasm-unsafe-eval'' ''strict-dynamic''
        ''nonce-YzgyNzk2MTctMWQ4NC00MDcyLWI5MTUtYWNlYjRjMDZhMmI5''  *.js.stripe.com
        js.stripe.com maps.googleapis.com ; style-src ''self'' ''unsafe-inline'' *.braintrust.dev
        btcm6qilbbhv4yi1.public.blob.vercel-storage.com fonts.googleapis.com www.gstatic.com;
        font-src ''self'' data: fonts.gstatic.com btcm6qilbbhv4yi1.public.blob.vercel-storage.com;
        object-src ''none''; base-uri ''self''; form-action ''self''; frame-ancestors
        ''self''; worker-src ''self'' blob:; report-uri https://o4507221741076480.ingest.us.sentry.io/api/4507221754380288/security/?sentry_key=27fa5ac907cf7c6ce4a1ab2a03f805b4&sentry_environment=production&sentry_release=14;
        report-to csp-endpoint-0'
      Content-Type:
      - text/plain; charset=utf-8
      Date:
      - Sat, 25 Oct 2025 16:04:47 GMT
      Etag:
      - '"kjql215s1z5d"'
      Reporting-Endpoints:
      - csp-endpoint-0="https://o4507221741076480.ingest.us.sentry.io/api/4507221754380288/security/?sentry_key=27fa5ac907cf7c6ce4a1ab2a03f805b4&sentry_environment=production&sentry_release=14"
      Server:
      - Vercel
      Strict-Transport-Security:
      - max-age=63072000
      X-Clerk-Auth-Message:
      - Invalid JWT form. A JWT consists of three parts separated by dots. (reason=token-invalid,
        token-carrier=header)
      X-Clerk-Auth-Reason:
      - token-invalid
      X-Clerk-Auth-Status:
      - signed-out
      X-Content-Type-Options:
      - nosniff
      X-Frame-Options:
      - SAMEORIGIN
      X-Matched-Path:
      - "/api/apikey/login"
      X-Nonce:
      - YzgyNzk2MTctMWQ4NC00MDcyLWI5MTUtYWNlYjRjMDZhMmI5
      X-Vercel-Cache:
      - MISS
      X-Vercel-Id:
      - iad1::iad1::s8h29-1761408287404-addfbc311180
    body:
      encoding: UTF-8
      string: 'Failed to validate Cognito JWT: Error: JWT string does not consist
        of exactly 3 parts (header, payload, signature) [timestamp=1761408287.447]
        [request_id=iad1::s8h29-1761408287404-addfbc311180]'
  recorded_at: Sat, 25 Oct 2025 16:04:47 GMT
- request:
    method: post
    uri: https://www.braintrust.dev/api/apikey/login
    body:
      encoding: UTF-8
      string: ''
    headers:
      Accept-Encoding:
      - gzip;q=1.0,deflate;q=0.6,identity;q=0.3
      Accept:
      - "*/*"
      User-Agent:
      - Ruby
      Host:
      - www.braintrust.dev
      Authorization:
      - Bearer test-key
  response:
    status:
      code: 401
      message: Unauthorized
    headers:
      Access-Control-Allow-Credentials:
      - 'true'
      Access-Control-Allow-Headers:
      - X-CSRF-Token, X-Requested-With, Accept, Accept-Version, Content-Length, Content-MD5,
        Content-Type, Date, X-Api-Version
      Access-Control-Allow-Methods:
      - GET,OPTIONS,PATCH,DELETE,POST,PUT
      Access-Control-Allow-Origin:
      - "*"
      Cache-Control:
      - public, max-age=0, must-revalidate
      Content-Length:
      - '193'
      Content-Security-Policy:
      - 'script-src ''self'' ''unsafe-eval'' ''wasm-unsafe-eval'' ''strict-dynamic''
        ''nonce-MTIwOTc0MmUtNDNlNS00ZmRjLWI2NjctOTUxNmU4Yzc4MzNj''  *.js.stripe.com
        js.stripe.com maps.googleapis.com ; style-src ''self'' ''unsafe-inline'' *.braintrust.dev
        btcm6qilbbhv4yi1.public.blob.vercel-storage.com fonts.googleapis.com www.gstatic.com;
        font-src ''self'' data: fonts.gstatic.com btcm6qilbbhv4yi1.public.blob.vercel-storage.com;
        object-src ''none''; base-uri ''self''; form-action ''self''; frame-ancestors
        ''self''; worker-src ''self'' blob:; report-uri https://o4507221741076480.ingest.us.sentry.io/api/4507221754380288/security/?sentry_key=27fa5ac907cf7c6ce4a1ab2a03f805b4&sentry_environment=production&sentry_release=14;
        report-to csp-endpoint-0'
      Content-Type:
      - text/plain; charset=utf-8
      Date:
      - Sat, 25 Oct 2025 16:04:47 GMT
      Etag:
      - '"xobvoylzv65d"'
      Reporting-Endpoints:
      - csp-endpoint-0="https://o4507221741076480.ingest.us.sentry.io/api/4507221754380288/security/?sentry_key=27fa5ac907cf7c6ce4a1ab2a03f805b4&sentry_environment=production&sentry_release=14"
      Server:
      - Vercel
      Strict-Transport-Security:
      - max-age=63072000
      X-Clerk-Auth-Message:
      - Invalid JWT form. A JWT consists of three parts separated by dots. (reason=token-invalid,
        token-carrier=header)
      X-Clerk-Auth-Reason:
      - token-invalid
      X-Clerk-Auth-Status:
      - signed-out
      X-Content-Type-Options:
      - nosniff
      X-Frame-Options:
      - SAMEORIGIN
      X-Matched-Path:
      - "/api/apikey/login"
      X-Nonce:
      - MTIwOTc0MmUtNDNlNS00ZmRjLWI2NjctOTUxNmU4Yzc4MzNj
      X-Vercel-Cache:
      - MISS
      X-Vercel-Id:
      - iad1::iad1::r9pv7-1761408287379-f7a20eb6a4fd
    body:
      encoding: UTF-8
      string: 'Failed to validate Cognito JWT: Error: JWT string does not consist
        of exactly 3 parts (header, payload, signature) [timestamp=1761408287.425]
        [request_id=iad1::r9pv7-1761408287379-f7a20eb6a4fd]'
  recorded_at: Sat, 25 Oct 2025 16:04:47 GMT
- request:
    method: post
    uri: https://www.braintrust.dev/api/apikey/login
    body:
      encoding: UTF-8
      string: ''
    headers:
      Accept-Encoding:
      - gzip;q=1.0,deflate;q=0.6,identity;q=0.3
      Accept:
      - "*/*"
      User-Agent:
      - Ruby
      Host:
      - www.braintrust.dev
      Authorization:
      - Bearer test-key
  response:
    status:
      code: 401
      message: Unauthorized
    headers:
      Access-Control-Allow-Credentials:
      - 'true'
      Access-Control-Allow-Headers:
      - X-CSRF-Token, X-Requested-With, Accept, Accept-Version, Content-Length, Content-MD5,
        Content-Type, Date, X-Api-Version
      Access-Control-Allow-Methods:
      - GET,OPTIONS,PATCH,DELETE,POST,PUT
      Access-Control-Allow-Origin:
      - "*"
      Cache-Control:
      - public, max-age=0, must-revalidate
      Content-Length:
      - '193'
      Content-Security-Policy:
      - 'script-src ''self'' ''unsafe-eval'' ''wasm-unsafe-eval'' ''strict-dynamic''
        ''nonce-NzQ4NWIwZTYtMWFlNC00YjBlLThjODMtY2YxMmYxMTVjNDgx''  *.js.stripe.com
        js.stripe.com maps.googleapis.com ; style-src ''self'' ''unsafe-inline'' *.braintrust.dev
        btcm6qilbbhv4yi1.public.blob.vercel-storage.com fonts.googleapis.com www.gstatic.com;
        font-src ''self'' data: fonts.gstatic.com btcm6qilbbhv4yi1.public.blob.vercel-storage.com;
        object-src ''none''; base-uri ''self''; form-action ''self''; frame-ancestors
        ''self''; worker-src ''self'' blob:; report-uri https://o4507221741076480.ingest.us.sentry.io/api/4507221754380288/security/?sentry_key=27fa5ac907cf7c6ce4a1ab2a03f805b4&sentry_environment=production&sentry_release=14;
        report-to csp-endpoint-0'
      Content-Type:
      - text/plain; charset=utf-8
      Date:
      - Sat, 25 Oct 2025 16:04:47 GMT
      Etag:
      - '"l73l4atfx25d"'
      Reporting-Endpoints:
      - csp-endpoint-0="https://o4507221741076480.ingest.us.sentry.io/api/4507221754380288/security/?sentry_key=27fa5ac907cf7c6ce4a1ab2a03f805b4&sentry_environment=production&sentry_release=14"
      Server:
      - Vercel
      Strict-Transport-Security:
      - max-age=63072000
      X-Clerk-Auth-Message:
      - Invalid JWT form. A JWT consists of three parts separated by dots. (reason=token-invalid,
        token-carrier=header)
      X-Clerk-Auth-Reason:
      - token-invalid
      X-Clerk-Auth-Status:
      - signed-out
      X-Content-Type-Options:
      - nosniff
      X-Frame-Options:
      - SAMEORIGIN
      X-Matched-Path:
      - "/api/apikey/login"
      X-Nonce:
      - NzQ4NWIwZTYtMWFlNC00YjBlLThjODMtY2YxMmYxMTVjNDgx
      X-Vercel-Cache:
      - MISS
      X-Vercel-Id:
      - iad1::iad1::xfm69-1761408287385-47d9dc52a27f
    body:
      encoding: UTF-8
      string: 'Failed to validate Cognito JWT: Error: JWT string does not consist
        of exactly 3 parts (header, payload, signature) [timestamp=1761408287.433]
        [request_id=iad1::xfm69-1761408287385-47d9dc52a27f]'
  recorded_at: Sat, 25 Oct 2025 16:04:47 GMT
- request:
    method: post
    uri: https://www.braintrust.dev/api/apikey/login
    body:
      encoding: UTF-8
      string: ''
    headers:
      Accept-Encoding:
      - gzip;q=1.0,deflate;q=0.6,identity;q=0.3
      Accept:
      - "*/*"
      User-Agent:
      - Ruby
      Host:
      - www.braintrust.dev
      Authorization:
      - Bearer explicit-key
  response:
    status:
      code: 401
      message: Unauthorized
    headers:
      Access-Control-Allow-Credentials:
      - 'true'
      Access-Control-Allow-Headers:
      - X-CSRF-Token, X-Requested-With, Accept, Accept-Version, Content-Length, Content-MD5,
        Content-Type, Date, X-Api-Version
      Access-Control-Allow-Methods:
      - GET,OPTIONS,PATCH,DELETE,POST,PUT
      Access-Control-Allow-Origin:
      - "*"
      Cache-Control:
      - public, max-age=0, must-revalidate
      Content-Length:
      - '193'
      Content-Security-Policy:
      - 'script-src ''self'' ''unsafe-eval'' ''wasm-unsafe-eval'' ''strict-dynamic''
        ''nonce-OTJjMGIwYzAtMTA5ZC00ODNiLTgwNjUtNjU3ZmZiNGI1OWZh''  *.js.stripe.com
        js.stripe.com maps.googleapis.com ; style-src ''self'' ''unsafe-inline'' *.braintrust.dev
        btcm6qilbbhv4yi1.public.blob.vercel-storage.com fonts.googleapis.com www.gstatic.com;
        font-src ''self'' data: fonts.gstatic.com btcm6qilbbhv4yi1.public.blob.vercel-storage.com;
        object-src ''none''; base-uri ''self''; form-action ''self''; frame-ancestors
        ''self''; worker-src ''self'' blob:; report-uri https://o4507221741076480.ingest.us.sentry.io/api/4507221754380288/security/?sentry_key=27fa5ac907cf7c6ce4a1ab2a03f805b4&sentry_environment=production&sentry_release=14;
        report-to csp-endpoint-0'
      Content-Type:
      - text/plain; charset=utf-8
      Date:
      - Sat, 25 Oct 2025 16:04:47 GMT
      Etag:
      - '"x36im3404w5d"'
      Reporting-Endpoints:
      - csp-endpoint-0="https://o4507221741076480.ingest.us.sentry.io/api/4507221754380288/security/?sentry_key=27fa5ac907cf7c6ce4a1ab2a03f805b4&sentry_environment=production&sentry_release=14"
      Server:
      - Vercel
      Strict-Transport-Security:
      - max-age=63072000
      X-Clerk-Auth-Message:
      - Invalid JWT form. A JWT consists of three parts separated by dots. (reason=token-invalid,
        token-carrier=header)
      X-Clerk-Auth-Reason:
      - token-invalid
      X-Clerk-Auth-Status:
      - signed-out
      X-Content-Type-Options:
      - nosniff
      X-Frame-Options:
      - SAMEORIGIN
      X-Matched-Path:
      - "/api/apikey/login"
      X-Nonce:
      - OTJjMGIwYzAtMTA5ZC00ODNiLTgwNjUtNjU3ZmZiNGI1OWZh
      X-Vercel-Cache:
      - MISS
      X-Vercel-Id:
      - iad1::iad1::dthj2-1761408287420-8507cd8ed170
    body:
      encoding: UTF-8
      string: 'Failed to validate Cognito JWT: Error: JWT string does not consist
        of exactly 3 parts (header, payload, signature) [timestamp=1761408287.475]
        [request_id=iad1::dthj2-1761408287420-8507cd8ed170]'
  recorded_at: Sat, 25 Oct 2025 16:04:47 GMT
- request:
    method: post
    uri: https://www.braintrust.dev/api/apikey/login
    body:
      encoding: UTF-8
      string: ''
    headers:
      Accept-Encoding:
      - gzip;q=1.0,deflate;q=0.6,identity;q=0.3
      Accept:
      - "*/*"
      User-Agent:
      - Ruby
      Host:
      - www.braintrust.dev
      Authorization:
      - Bearer test-key
  response:
    status:
      code: 401
      message: Unauthorized
    headers:
      Access-Control-Allow-Credentials:
      - 'true'
      Access-Control-Allow-Headers:
      - X-CSRF-Token, X-Requested-With, Accept, Accept-Version, Content-Length, Content-MD5,
        Content-Type, Date, X-Api-Version
      Access-Control-Allow-Methods:
      - GET,OPTIONS,PATCH,DELETE,POST,PUT
      Access-Control-Allow-Origin:
      - "*"
      Cache-Control:
      - public, max-age=0, must-revalidate
      Content-Length:
      - '192'
      Content-Security-Policy:
      - 'script-src ''self'' ''unsafe-eval'' ''wasm-unsafe-eval'' ''strict-dynamic''
        ''nonce-NTMzNjE1N2QtZGY0Zi00MThhLTlhOGItNDhjODRlMmExNjRi''  *.js.stripe.com
        js.stripe.com maps.googleapis.com ; style-src ''self'' ''unsafe-inline'' *.braintrust.dev
        btcm6qilbbhv4yi1.public.blob.vercel-storage.com fonts.googleapis.com www.gstatic.com;
        font-src ''self'' data: fonts.gstatic.com btcm6qilbbhv4yi1.public.blob.vercel-storage.com;
        object-src ''none''; base-uri ''self''; form-action ''self''; frame-ancestors
        ''self''; worker-src ''self'' blob:; report-uri https://o4507221741076480.ingest.us.sentry.io/api/4507221754380288/security/?sentry_key=27fa5ac907cf7c6ce4a1ab2a03f805b4&sentry_environment=production&sentry_release=14;
        report-to csp-endpoint-0'
      Content-Type:
      - text/plain; charset=utf-8
      Date:
      - Sat, 25 Oct 2025 16:04:47 GMT
      Etag:
      - '"d9hviqntdy5c"'
      Reporting-Endpoints:
      - csp-endpoint-0="https://o4507221741076480.ingest.us.sentry.io/api/4507221754380288/security/?sentry_key=27fa5ac907cf7c6ce4a1ab2a03f805b4&sentry_environment=production&sentry_release=14"
      Server:
      - Vercel
      Strict-Transport-Security:
      - max-age=63072000
      X-Clerk-Auth-Message:
      - Invalid JWT form. A JWT consists of three parts separated by dots. (reason=token-invalid,
        token-carrier=header)
      X-Clerk-Auth-Reason:
      - token-invalid
      X-Clerk-Auth-Status:
      - signed-out
      X-Content-Type-Options:
      - nosniff
      X-Frame-Options:
      - SAMEORIGIN
      X-Matched-Path:
      - "/api/apikey/login"
      X-Nonce:
      - NTMzNjE1N2QtZGY0Zi00MThhLTlhOGItNDhjODRlMmExNjRi
      X-Vercel-Cache:
      - MISS
      X-Vercel-Id:
      - iad1::iad1::rgmvd-1761408287426-b6b342a8af06
    body:
      encoding: UTF-8
      string: 'Failed to validate Cognito JWT: Error: JWT string does not consist
        of exactly 3 parts (header, payload, signature) [timestamp=1761408287.48]
        [request_id=iad1::rgmvd-1761408287426-b6b342a8af06]'
  recorded_at: Sat, 25 Oct 2025 16:04:47 GMT
- request:
    method: post
    uri: https://www.braintrust.dev/api/apikey/login
    body:
      encoding: UTF-8
      string: ''
    headers:
      Accept-Encoding:
      - gzip;q=1.0,deflate;q=0.6,identity;q=0.3
      Accept:
      - "*/*"
      User-Agent:
      - Ruby
      Host:
      - www.braintrust.dev
      Authorization:
      - Bearer test-key
  response:
    status:
      code: 401
      message: Unauthorized
    headers:
      Access-Control-Allow-Credentials:
      - 'true'
      Access-Control-Allow-Headers:
      - X-CSRF-Token, X-Requested-With, Accept, Accept-Version, Content-Length, Content-MD5,
        Content-Type, Date, X-Api-Version
      Access-Control-Allow-Methods:
      - GET,OPTIONS,PATCH,DELETE,POST,PUT
      Access-Control-Allow-Origin:
      - "*"
      Cache-Control:
      - public, max-age=0, must-revalidate
      Content-Length:
      - '193'
      Content-Security-Policy:
      - 'script-src ''self'' ''unsafe-eval'' ''wasm-unsafe-eval'' ''strict-dynamic''
        ''nonce-ZDE4NjdiODAtZmJiOS00MjU5LThmNTItM2JhNzhhM2U0MmE0''  *.js.stripe.com
        js.stripe.com maps.googleapis.com ; style-src ''self'' ''unsafe-inline'' *.braintrust.dev
        btcm6qilbbhv4yi1.public.blob.vercel-storage.com fonts.googleapis.com www.gstatic.com;
        font-src ''self'' data: fonts.gstatic.com btcm6qilbbhv4yi1.public.blob.vercel-storage.com;
        object-src ''none''; base-uri ''self''; form-action ''self''; frame-ancestors
        ''self''; worker-src ''self'' blob:; report-uri https://o4507221741076480.ingest.us.sentry.io/api/4507221754380288/security/?sentry_key=27fa5ac907cf7c6ce4a1ab2a03f805b4&sentry_environment=production&sentry_release=14;
        report-to csp-endpoint-0'
      Content-Type:
      - text/plain; charset=utf-8
      Date:
      - Sat, 25 Oct 2025 16:04:47 GMT
      Etag:
      - '"txzs0zcnun5d"'
      Reporting-Endpoints:
      - csp-endpoint-0="https://o4507221741076480.ingest.us.sentry.io/api/4507221754380288/security/?sentry_key=27fa5ac907cf7c6ce4a1ab2a03f805b4&sentry_environment=production&sentry_release=14"
      Server:
      - Vercel
      Strict-Transport-Security:
      - max-age=63072000
      X-Clerk-Auth-Message:
      - Invalid JWT form. A JWT consists of three parts separated by dots. (reason=token-invalid,
        token-carrier=header)
      X-Clerk-Auth-Reason:
      - token-invalid
      X-Clerk-Auth-Status:
      - signed-out
      X-Content-Type-Options:
      - nosniff
      X-Frame-Options:
      - SAMEORIGIN
      X-Matched-Path:
      - "/api/apikey/login"
      X-Nonce:
      - ZDE4NjdiODAtZmJiOS00MjU5LThmNTItM2JhNzhhM2U0MmE0
      X-Vercel-Cache:
      - MISS
      X-Vercel-Id:
      - iad1::iad1::5f2ww-1761408287428-277b0a60017c
    body:
      encoding: UTF-8
      string: 'Failed to validate Cognito JWT: Error: JWT string does not consist
        of exactly 3 parts (header, payload, signature) [timestamp=1761408287.482]
        [request_id=iad1::5f2ww-1761408287428-277b0a60017c]'
  recorded_at: Sat, 25 Oct 2025 16:04:47 GMT
- request:
    method: post
    uri: https://www.braintrust.dev/api/apikey/login
    body:
      encoding: UTF-8
      string: ''
    headers:
      Accept-Encoding:
      - gzip;q=1.0,deflate;q=0.6,identity;q=0.3
      Accept:
      - "*/*"
      User-Agent:
      - Ruby
      Host:
      - www.braintrust.dev
      Authorization:
      - Bearer test-key
  response:
    status:
      code: 401
      message: Unauthorized
    headers:
      Access-Control-Allow-Credentials:
      - 'true'
      Access-Control-Allow-Headers:
      - X-CSRF-Token, X-Requested-With, Accept, Accept-Version, Content-Length, Content-MD5,
        Content-Type, Date, X-Api-Version
      Access-Control-Allow-Methods:
      - GET,OPTIONS,PATCH,DELETE,POST,PUT
      Access-Control-Allow-Origin:
      - "*"
      Cache-Control:
      - public, max-age=0, must-revalidate
      Content-Length:
      - '193'
      Content-Security-Policy:
      - 'script-src ''self'' ''unsafe-eval'' ''wasm-unsafe-eval'' ''strict-dynamic''
        ''nonce-NzczNGY2MzMtYTVmNS00NWIwLWIzMzYtYzRjZjE5NzlhMDMw''  *.js.stripe.com
        js.stripe.com maps.googleapis.com ; style-src ''self'' ''unsafe-inline'' *.braintrust.dev
        btcm6qilbbhv4yi1.public.blob.vercel-storage.com fonts.googleapis.com www.gstatic.com;
        font-src ''self'' data: fonts.gstatic.com btcm6qilbbhv4yi1.public.blob.vercel-storage.com;
        object-src ''none''; base-uri ''self''; form-action ''self''; frame-ancestors
        ''self''; worker-src ''self'' blob:; report-uri https://o4507221741076480.ingest.us.sentry.io/api/4507221754380288/security/?sentry_key=27fa5ac907cf7c6ce4a1ab2a03f805b4&sentry_environment=production&sentry_release=14;
        report-to csp-endpoint-0'
      Content-Type:
      - text/plain; charset=utf-8
      Date:
      - Sat, 25 Oct 2025 16:04:47 GMT
      Etag:
      - '"61aaui2ykx5d"'
      Reporting-Endpoints:
      - csp-endpoint-0="https://o4507221741076480.ingest.us.sentry.io/api/4507221754380288/security/?sentry_key=27fa5ac907cf7c6ce4a1ab2a03f805b4&sentry_environment=production&sentry_release=14"
      Server:
      - Vercel
      Strict-Transport-Security:
      - max-age=63072000
      X-Clerk-Auth-Message:
      - Invalid JWT form. A JWT consists of three parts separated by dots. (reason=token-invalid,
        token-carrier=header)
      X-Clerk-Auth-Reason:
      - token-invalid
      X-Clerk-Auth-Status:
      - signed-out
      X-Content-Type-Options:
      - nosniff
      X-Frame-Options:
      - SAMEORIGIN
      X-Matched-Path:
      - "/api/apikey/login"
      X-Nonce:
      - NzczNGY2MzMtYTVmNS00NWIwLWIzMzYtYzRjZjE5NzlhMDMw
      X-Vercel-Cache:
      - MISS
      X-Vercel-Id:
      - iad1::iad1::l98w4-1761408287446-15de70534173
    body:
      encoding: UTF-8
      string: 'Failed to validate Cognito JWT: Error: JWT string does not consist
        of exactly 3 parts (header, payload, signature) [timestamp=1761408287.488]
        [request_id=iad1::l98w4-1761408287446-15de70534173]'
  recorded_at: Sat, 25 Oct 2025 16:04:47 GMT
- request:
    method: post
    uri: https://www.braintrust.dev/api/apikey/login
    body:
      encoding: UTF-8
      string: ''
    headers:
      Accept-Encoding:
      - gzip;q=1.0,deflate;q=0.6,identity;q=0.3
      Accept:
      - "*/*"
      User-Agent:
      - Ruby
      Host:
      - www.braintrust.dev
      Authorization:
      - Bearer test-key
  response:
    status:
      code: 401
      message: Unauthorized
    headers:
      Access-Control-Allow-Credentials:
      - 'true'
      Access-Control-Allow-Headers:
      - X-CSRF-Token, X-Requested-With, Accept, Accept-Version, Content-Length, Content-MD5,
        Content-Type, Date, X-Api-Version
      Access-Control-Allow-Methods:
      - GET,OPTIONS,PATCH,DELETE,POST,PUT
      Access-Control-Allow-Origin:
      - "*"
      Cache-Control:
      - public, max-age=0, must-revalidate
      Content-Length:
      - '193'
      Content-Security-Policy:
      - 'script-src ''self'' ''unsafe-eval'' ''wasm-unsafe-eval'' ''strict-dynamic''
        ''nonce-Y2RkZTIxZGQtNDU2MC00NGIxLWEyNTEtYjc1ZTBjNWI4MmIx''  *.js.stripe.com
        js.stripe.com maps.googleapis.com ; style-src ''self'' ''unsafe-inline'' *.braintrust.dev
        btcm6qilbbhv4yi1.public.blob.vercel-storage.com fonts.googleapis.com www.gstatic.com;
        font-src ''self'' data: fonts.gstatic.com btcm6qilbbhv4yi1.public.blob.vercel-storage.com;
        object-src ''none''; base-uri ''self''; form-action ''self''; frame-ancestors
        ''self''; worker-src ''self'' blob:; report-uri https://o4507221741076480.ingest.us.sentry.io/api/4507221754380288/security/?sentry_key=27fa5ac907cf7c6ce4a1ab2a03f805b4&sentry_environment=production&sentry_release=14;
        report-to csp-endpoint-0'
      Content-Type:
      - text/plain; charset=utf-8
      Date:
      - Sat, 25 Oct 2025 16:04:47 GMT
      Etag:
      - '"kqvmt4a69l5d"'
      Reporting-Endpoints:
      - csp-endpoint-0="https://o4507221741076480.ingest.us.sentry.io/api/4507221754380288/security/?sentry_key=27fa5ac907cf7c6ce4a1ab2a03f805b4&sentry_environment=production&sentry_release=14"
      Server:
      - Vercel
      Strict-Transport-Security:
      - max-age=63072000
      X-Clerk-Auth-Message:
      - Invalid JWT form. A JWT consists of three parts separated by dots. (reason=token-invalid,
        token-carrier=header)
      X-Clerk-Auth-Reason:
      - token-invalid
      X-Clerk-Auth-Status:
      - signed-out
      X-Content-Type-Options:
      - nosniff
      X-Frame-Options:
      - SAMEORIGIN
      X-Matched-Path:
      - "/api/apikey/login"
      X-Nonce:
      - Y2RkZTIxZGQtNDU2MC00NGIxLWEyNTEtYjc1ZTBjNWI4MmIx
      X-Vercel-Cache:
      - MISS
      X-Vercel-Id:
      - iad1::iad1::dnw4s-1761408287438-0b4a59f8f34a
    body:
      encoding: UTF-8
      string: 'Failed to validate Cognito JWT: Error: JWT string does not consist
        of exactly 3 parts (header, payload, signature) [timestamp=1761408287.499]
        [request_id=iad1::dnw4s-1761408287438-0b4a59f8f34a]'
  recorded_at: Sat, 25 Oct 2025 16:04:47 GMT
- request:
    method: post
    uri: https://www.braintrust.dev/api/apikey/login
    body:
      encoding: UTF-8
      string: ''
    headers:
      Accept-Encoding:
      - gzip;q=1.0,deflate;q=0.6,identity;q=0.3
      Accept:
      - "*/*"
      User-Agent:
      - Ruby
      Host:
      - www.braintrust.dev
      Authorization:
      - Bearer <BRAINTRUST_API_KEY>
  response:
    status:
      code: 200
      message: OK
    headers:
      Access-Control-Allow-Credentials:
      - 'true'
      Access-Control-Allow-Headers:
      - X-CSRF-Token, X-Requested-With, Accept, Accept-Version, Content-Length, Content-MD5,
        Content-Type, Date, X-Api-Version
      Access-Control-Allow-Methods:
      - GET,OPTIONS,PATCH,DELETE,POST,PUT
      Access-Control-Allow-Origin:
      - "*"
      Cache-Control:
      - public, max-age=0, must-revalidate
      Content-Length:
      - '257'
      Content-Security-Policy:
      - 'script-src ''self'' ''unsafe-eval'' ''wasm-unsafe-eval'' ''strict-dynamic''
        ''nonce-ZTAzMDY2MmUtZjdjNy00OTJhLThiZGQtNTgyYTM0OGJmMzIz''  *.js.stripe.com
        js.stripe.com maps.googleapis.com ; style-src ''self'' ''unsafe-inline'' *.braintrust.dev
        btcm6qilbbhv4yi1.public.blob.vercel-storage.com fonts.googleapis.com www.gstatic.com;
        font-src ''self'' data: fonts.gstatic.com btcm6qilbbhv4yi1.public.blob.vercel-storage.com;
        object-src ''none''; base-uri ''self''; form-action ''self''; frame-ancestors
        ''self''; worker-src ''self'' blob:; report-uri https://o4507221741076480.ingest.us.sentry.io/api/4507221754380288/security/?sentry_key=27fa5ac907cf7c6ce4a1ab2a03f805b4&sentry_environment=production&sentry_release=14;
        report-to csp-endpoint-0'
      Content-Type:
      - application/json; charset=utf-8
      Date:
      - Sat, 25 Oct 2025 16:04:47 GMT
      Etag:
      - '"ubzjf1iqqj75"'
      Reporting-Endpoints:
      - csp-endpoint-0="https://o4507221741076480.ingest.us.sentry.io/api/4507221754380288/security/?sentry_key=27fa5ac907cf7c6ce4a1ab2a03f805b4&sentry_environment=production&sentry_release=14"
      Server:
      - Vercel
      Strict-Transport-Security:
      - max-age=63072000
      X-Clerk-Auth-Message:
      - Invalid JWT form. A JWT consists of three parts separated by dots. (reason=token-invalid,
        token-carrier=header)
      X-Clerk-Auth-Reason:
      - token-invalid
      X-Clerk-Auth-Status:
      - signed-out
      X-Content-Type-Options:
      - nosniff
      X-Frame-Options:
      - SAMEORIGIN
      X-Matched-Path:
      - "/api/apikey/login"
      X-Nonce:
      - ZTAzMDY2MmUtZjdjNy00OTJhLThiZGQtNTgyYTM0OGJmMzIz
      X-Vercel-Cache:
      - MISS
      X-Vercel-Id:
      - iad1::iad1::k25nq-1761408287453-7603588fe079
    body:
      encoding: UTF-8
      string: '{"org_info":[{"id":"5ba6d482-b475-4c66-8cd2-5815694764e3","name":"matt-test-org","api_url":"https://api.braintrust.dev","git_metadata":null,"is_universal_api":null,"proxy_url":"https://api.braintrust.dev","realtime_url":"wss://realtime.braintrustapi.com"}]}'
  recorded_at: Sat, 25 Oct 2025 16:04:47 GMT
- request:
    method: post
    uri: https://www.braintrust.dev/api/apikey/login
    body:
      encoding: UTF-8
      string: ''
    headers:
      Accept-Encoding:
      - gzip;q=1.0,deflate;q=0.6,identity;q=0.3
      Accept:
      - "*/*"
      User-Agent:
      - Ruby
      Host:
      - www.braintrust.dev
      Authorization:
      - Bearer <BRAINTRUST_API_KEY>
  response:
    status:
      code: 200
      message: OK
    headers:
      Access-Control-Allow-Credentials:
      - 'true'
      Access-Control-Allow-Headers:
      - X-CSRF-Token, X-Requested-With, Accept, Accept-Version, Content-Length, Content-MD5,
        Content-Type, Date, X-Api-Version
      Access-Control-Allow-Methods:
      - GET,OPTIONS,PATCH,DELETE,POST,PUT
      Access-Control-Allow-Origin:
      - "*"
      Cache-Control:
      - public, max-age=0, must-revalidate
      Content-Length:
      - '257'
      Content-Security-Policy:
      - 'script-src ''self'' ''unsafe-eval'' ''wasm-unsafe-eval'' ''strict-dynamic''
        ''nonce-MzY1NTliNGUtNmRiNy00YjUwLTkyY2ItOTAzNmI1YTE5ZTdj''  *.js.stripe.com
        js.stripe.com maps.googleapis.com ; style-src ''self'' ''unsafe-inline'' *.braintrust.dev
        btcm6qilbbhv4yi1.public.blob.vercel-storage.com fonts.googleapis.com www.gstatic.com;
        font-src ''self'' data: fonts.gstatic.com btcm6qilbbhv4yi1.public.blob.vercel-storage.com;
        object-src ''none''; base-uri ''self''; form-action ''self''; frame-ancestors
        ''self''; worker-src ''self'' blob:; report-uri https://o4507221741076480.ingest.us.sentry.io/api/4507221754380288/security/?sentry_key=27fa5ac907cf7c6ce4a1ab2a03f805b4&sentry_environment=production&sentry_release=14;
        report-to csp-endpoint-0'
      Content-Type:
      - application/json; charset=utf-8
      Date:
      - Sat, 25 Oct 2025 16:04:47 GMT
      Etag:
      - '"ubzjf1iqqj75"'
      Reporting-Endpoints:
      - csp-endpoint-0="https://o4507221741076480.ingest.us.sentry.io/api/4507221754380288/security/?sentry_key=27fa5ac907cf7c6ce4a1ab2a03f805b4&sentry_environment=production&sentry_release=14"
      Server:
      - Vercel
      Strict-Transport-Security:
      - max-age=63072000
      X-Clerk-Auth-Message:
      - Invalid JWT form. A JWT consists of three parts separated by dots. (reason=token-invalid,
        token-carrier=header)
      X-Clerk-Auth-Reason:
      - token-invalid
      X-Clerk-Auth-Status:
      - signed-out
      X-Content-Type-Options:
      - nosniff
      X-Frame-Options:
      - SAMEORIGIN
      X-Matched-Path:
      - "/api/apikey/login"
      X-Nonce:
      - MzY1NTliNGUtNmRiNy00YjUwLTkyY2ItOTAzNmI1YTE5ZTdj
      X-Vercel-Cache:
      - MISS
      X-Vercel-Id:
      - iad1::iad1::pr8tn-1761408287394-6588e58ac565
    body:
      encoding: UTF-8
      string: '{"org_info":[{"id":"5ba6d482-b475-4c66-8cd2-5815694764e3","name":"matt-test-org","api_url":"https://api.braintrust.dev","git_metadata":null,"is_universal_api":null,"proxy_url":"https://api.braintrust.dev","realtime_url":"wss://realtime.braintrustapi.com"}]}'
  recorded_at: Sat, 25 Oct 2025 16:04:47 GMT
- request:
    method: post
    uri: https://www.braintrust.dev/api/apikey/login
    body:
      encoding: UTF-8
      string: ''
    headers:
      Accept-Encoding:
      - gzip;q=1.0,deflate;q=0.6,identity;q=0.3
      Accept:
      - "*/*"
      User-Agent:
      - Ruby
      Host:
      - www.braintrust.dev
      Authorization:
      - Bearer test-key
  response:
    status:
      code: 401
      message: Unauthorized
    headers:
      Access-Control-Allow-Credentials:
      - 'true'
      Access-Control-Allow-Headers:
      - X-CSRF-Token, X-Requested-With, Accept, Accept-Version, Content-Length, Content-MD5,
        Content-Type, Date, X-Api-Version
      Access-Control-Allow-Methods:
      - GET,OPTIONS,PATCH,DELETE,POST,PUT
      Access-Control-Allow-Origin:
      - "*"
      Cache-Control:
      - public, max-age=0, must-revalidate
      Content-Length:
      - '193'
      Content-Security-Policy:
      - 'script-src ''self'' ''unsafe-eval'' ''wasm-unsafe-eval'' ''strict-dynamic''
        ''nonce-MDJjZGNjMDAtMWVmZi00OWQwLWJiN2ItNDIxMjhmOWY5YTcy''  *.js.stripe.com
        js.stripe.com maps.googleapis.com ; style-src ''self'' ''unsafe-inline'' *.braintrust.dev
        btcm6qilbbhv4yi1.public.blob.vercel-storage.com fonts.googleapis.com www.gstatic.com;
        font-src ''self'' data: fonts.gstatic.com btcm6qilbbhv4yi1.public.blob.vercel-storage.com;
        object-src ''none''; base-uri ''self''; form-action ''self''; frame-ancestors
        ''self''; worker-src ''self'' blob:; report-uri https://o4507221741076480.ingest.us.sentry.io/api/4507221754380288/security/?sentry_key=27fa5ac907cf7c6ce4a1ab2a03f805b4&sentry_environment=production&sentry_release=14;
        report-to csp-endpoint-0'
      Content-Type:
      - text/plain; charset=utf-8
      Date:
      - Sat, 25 Oct 2025 16:04:47 GMT
      Etag:
      - '"70zd749lyo5d"'
      Reporting-Endpoints:
      - csp-endpoint-0="https://o4507221741076480.ingest.us.sentry.io/api/4507221754380288/security/?sentry_key=27fa5ac907cf7c6ce4a1ab2a03f805b4&sentry_environment=production&sentry_release=14"
      Server:
      - Vercel
      Strict-Transport-Security:
      - max-age=63072000
      X-Clerk-Auth-Message:
      - Invalid JWT form. A JWT consists of three parts separated by dots. (reason=token-invalid,
        token-carrier=header)
      X-Clerk-Auth-Reason:
      - token-invalid
      X-Clerk-Auth-Status:
      - signed-out
      X-Content-Type-Options:
      - nosniff
      X-Frame-Options:
      - SAMEORIGIN
      X-Matched-Path:
      - "/api/apikey/login"
      X-Nonce:
      - MDJjZGNjMDAtMWVmZi00OWQwLWJiN2ItNDIxMjhmOWY5YTcy
      X-Vercel-Cache:
      - MISS
      X-Vercel-Id:
      - iad1::iad1::2lxbj-1761408287437-e020c9f5c62e
    body:
      encoding: UTF-8
      string: 'Failed to validate Cognito JWT: Error: JWT string does not consist
        of exactly 3 parts (header, payload, signature) [timestamp=1761408287.599]
        [request_id=iad1::2lxbj-1761408287437-e020c9f5c62e]'
  recorded_at: Sat, 25 Oct 2025 16:04:47 GMT
- request:
    method: post
    uri: https://www.braintrust.dev/api/apikey/login
    body:
      encoding: UTF-8
      string: ''
    headers:
      Accept-Encoding:
      - gzip;q=1.0,deflate;q=0.6,identity;q=0.3
      Accept:
      - "*/*"
      User-Agent:
      - Ruby
      Host:
      - www.braintrust.dev
      Authorization:
      - Bearer test-key
  response:
    status:
      code: 401
      message: Unauthorized
    headers:
      Access-Control-Allow-Credentials:
      - 'true'
      Access-Control-Allow-Headers:
      - X-CSRF-Token, X-Requested-With, Accept, Accept-Version, Content-Length, Content-MD5,
        Content-Type, Date, X-Api-Version
      Access-Control-Allow-Methods:
      - GET,OPTIONS,PATCH,DELETE,POST,PUT
      Access-Control-Allow-Origin:
      - "*"
      Cache-Control:
      - public, max-age=0, must-revalidate
      Content-Length:
      - '193'
      Content-Security-Policy:
      - 'script-src ''self'' ''unsafe-eval'' ''wasm-unsafe-eval'' ''strict-dynamic''
        ''nonce-YjIwM2NkZmQtZDcyZS00ZjAxLThmNDktZjg5ZTVhZDQxN2Y5''  *.js.stripe.com
        js.stripe.com maps.googleapis.com ; style-src ''self'' ''unsafe-inline'' *.braintrust.dev
        btcm6qilbbhv4yi1.public.blob.vercel-storage.com fonts.googleapis.com www.gstatic.com;
        font-src ''self'' data: fonts.gstatic.com btcm6qilbbhv4yi1.public.blob.vercel-storage.com;
        object-src ''none''; base-uri ''self''; form-action ''self''; frame-ancestors
        ''self''; worker-src ''self'' blob:; report-uri https://o4507221741076480.ingest.us.sentry.io/api/4507221754380288/security/?sentry_key=27fa5ac907cf7c6ce4a1ab2a03f805b4&sentry_environment=production&sentry_release=14;
        report-to csp-endpoint-0'
      Content-Type:
      - text/plain; charset=utf-8
      Date:
      - Sat, 25 Oct 2025 16:04:47 GMT
      Etag:
      - '"x4nn3hg9v95d"'
      Reporting-Endpoints:
      - csp-endpoint-0="https://o4507221741076480.ingest.us.sentry.io/api/4507221754380288/security/?sentry_key=27fa5ac907cf7c6ce4a1ab2a03f805b4&sentry_environment=production&sentry_release=14"
      Server:
      - Vercel
      Strict-Transport-Security:
      - max-age=63072000
      X-Clerk-Auth-Message:
      - Invalid JWT form. A JWT consists of three parts separated by dots. (reason=token-invalid,
        token-carrier=header)
      X-Clerk-Auth-Reason:
      - token-invalid
      X-Clerk-Auth-Status:
      - signed-out
      X-Content-Type-Options:
      - nosniff
      X-Frame-Options:
      - SAMEORIGIN
      X-Matched-Path:
      - "/api/apikey/login"
      X-Nonce:
      - YjIwM2NkZmQtZDcyZS00ZjAxLThmNDktZjg5ZTVhZDQxN2Y5
      X-Vercel-Cache:
      - MISS
      X-Vercel-Id:
      - iad1::iad1::vsbhz-1761408287628-31ee36bac444
    body:
      encoding: UTF-8
      string: 'Failed to validate Cognito JWT: Error: JWT string does not consist
        of exactly 3 parts (header, payload, signature) [timestamp=1761408287.677]
        [request_id=iad1::vsbhz-1761408287628-31ee36bac444]'
  recorded_at: Sat, 25 Oct 2025 16:04:47 GMT
- request:
    method: post
    uri: https://www.braintrust.dev/api/apikey/login
    body:
      encoding: UTF-8
      string: ''
    headers:
      Accept-Encoding:
      - gzip;q=1.0,deflate;q=0.6,identity;q=0.3
      Accept:
      - "*/*"
      User-Agent:
      - Ruby
      Host:
      - www.braintrust.dev
      Authorization:
      - Bearer test-key
  response:
    status:
      code: 401
      message: Unauthorized
    headers:
      Access-Control-Allow-Credentials:
      - 'true'
      Access-Control-Allow-Headers:
      - X-CSRF-Token, X-Requested-With, Accept, Accept-Version, Content-Length, Content-MD5,
        Content-Type, Date, X-Api-Version
      Access-Control-Allow-Methods:
      - GET,OPTIONS,PATCH,DELETE,POST,PUT
      Access-Control-Allow-Origin:
      - "*"
      Cache-Control:
      - public, max-age=0, must-revalidate
      Content-Length:
      - '193'
      Content-Security-Policy:
      - 'script-src ''self'' ''unsafe-eval'' ''wasm-unsafe-eval'' ''strict-dynamic''
        ''nonce-NGRiYjNmNDUtMDE3Yi00YTJkLWFmN2UtMTc4NzBmNzIwZjA0''  *.js.stripe.com
        js.stripe.com maps.googleapis.com ; style-src ''self'' ''unsafe-inline'' *.braintrust.dev
        btcm6qilbbhv4yi1.public.blob.vercel-storage.com fonts.googleapis.com www.gstatic.com;
        font-src ''self'' data: fonts.gstatic.com btcm6qilbbhv4yi1.public.blob.vercel-storage.com;
        object-src ''none''; base-uri ''self''; form-action ''self''; frame-ancestors
        ''self''; worker-src ''self'' blob:; report-uri https://o4507221741076480.ingest.us.sentry.io/api/4507221754380288/security/?sentry_key=27fa5ac907cf7c6ce4a1ab2a03f805b4&sentry_environment=production&sentry_release=14;
        report-to csp-endpoint-0'
      Content-Type:
      - text/plain; charset=utf-8
      Date:
      - Sat, 25 Oct 2025 16:04:47 GMT
      Etag:
      - '"b8kxiqads05d"'
      Reporting-Endpoints:
      - csp-endpoint-0="https://o4507221741076480.ingest.us.sentry.io/api/4507221754380288/security/?sentry_key=27fa5ac907cf7c6ce4a1ab2a03f805b4&sentry_environment=production&sentry_release=14"
      Server:
      - Vercel
      Strict-Transport-Security:
      - max-age=63072000
      X-Clerk-Auth-Message:
      - Invalid JWT form. A JWT consists of three parts separated by dots. (reason=token-invalid,
        token-carrier=header)
      X-Clerk-Auth-Reason:
      - token-invalid
      X-Clerk-Auth-Status:
      - signed-out
      X-Content-Type-Options:
      - nosniff
      X-Frame-Options:
      - SAMEORIGIN
      X-Matched-Path:
      - "/api/apikey/login"
      X-Nonce:
      - NGRiYjNmNDUtMDE3Yi00YTJkLWFmN2UtMTc4NzBmNzIwZjA0
      X-Vercel-Cache:
      - MISS
      X-Vercel-Id:
      - iad1::iad1::qzcxs-1761408287653-e1c52164cd26
    body:
      encoding: UTF-8
      string: 'Failed to validate Cognito JWT: Error: JWT string does not consist
        of exactly 3 parts (header, payload, signature) [timestamp=1761408287.694]
        [request_id=iad1::qzcxs-1761408287653-e1c52164cd26]'
  recorded_at: Sat, 25 Oct 2025 16:04:47 GMT
- request:
    method: post
    uri: https://www.braintrust.dev/api/apikey/login
    body:
      encoding: UTF-8
      string: ''
    headers:
      Accept-Encoding:
      - gzip;q=1.0,deflate;q=0.6,identity;q=0.3
      Accept:
      - "*/*"
      User-Agent:
      - Ruby
      Host:
      - www.braintrust.dev
      Authorization:
      - Bearer test-key
  response:
    status:
      code: 401
      message: Unauthorized
    headers:
      Access-Control-Allow-Credentials:
      - 'true'
      Access-Control-Allow-Headers:
      - X-CSRF-Token, X-Requested-With, Accept, Accept-Version, Content-Length, Content-MD5,
        Content-Type, Date, X-Api-Version
      Access-Control-Allow-Methods:
      - GET,OPTIONS,PATCH,DELETE,POST,PUT
      Access-Control-Allow-Origin:
      - "*"
      Cache-Control:
      - public, max-age=0, must-revalidate
      Content-Length:
      - '193'
      Content-Security-Policy:
      - 'script-src ''self'' ''unsafe-eval'' ''wasm-unsafe-eval'' ''strict-dynamic''
        ''nonce-ZDRlZGFkYzYtYWY2Zi00NjcxLTk5Y2ItOTYyYmY5MThkY2Nk''  *.js.stripe.com
        js.stripe.com maps.googleapis.com ; style-src ''self'' ''unsafe-inline'' *.braintrust.dev
        btcm6qilbbhv4yi1.public.blob.vercel-storage.com fonts.googleapis.com www.gstatic.com;
        font-src ''self'' data: fonts.gstatic.com btcm6qilbbhv4yi1.public.blob.vercel-storage.com;
        object-src ''none''; base-uri ''self''; form-action ''self''; frame-ancestors
        ''self''; worker-src ''self'' blob:; report-uri https://o4507221741076480.ingest.us.sentry.io/api/4507221754380288/security/?sentry_key=27fa5ac907cf7c6ce4a1ab2a03f805b4&sentry_environment=production&sentry_release=14;
        report-to csp-endpoint-0'
      Content-Type:
      - text/plain; charset=utf-8
      Date:
      - Sat, 25 Oct 2025 16:04:47 GMT
      Etag:
      - '"fz4zc0a3wo5d"'
      Reporting-Endpoints:
      - csp-endpoint-0="https://o4507221741076480.ingest.us.sentry.io/api/4507221754380288/security/?sentry_key=27fa5ac907cf7c6ce4a1ab2a03f805b4&sentry_environment=production&sentry_release=14"
      Server:
      - Vercel
      Strict-Transport-Security:
      - max-age=63072000
      X-Clerk-Auth-Message:
      - Invalid JWT form. A JWT consists of three parts separated by dots. (reason=token-invalid,
        token-carrier=header)
      X-Clerk-Auth-Reason:
      - token-invalid
      X-Clerk-Auth-Status:
      - signed-out
      X-Content-Type-Options:
      - nosniff
      X-Frame-Options:
      - SAMEORIGIN
      X-Matched-Path:
      - "/api/apikey/login"
      X-Nonce:
      - ZDRlZGFkYzYtYWY2Zi00NjcxLTk5Y2ItOTYyYmY5MThkY2Nk
      X-Vercel-Cache:
      - MISS
      X-Vercel-Id:
      - iad1::iad1::ljl58-1761408287673-3c26834c3946
    body:
      encoding: UTF-8
      string: 'Failed to validate Cognito JWT: Error: JWT string does not consist
        of exactly 3 parts (header, payload, signature) [timestamp=1761408287.726]
        [request_id=iad1::ljl58-1761408287673-3c26834c3946]'
  recorded_at: Sat, 25 Oct 2025 16:04:47 GMT
- request:
    method: post
    uri: https://www.braintrust.dev/api/apikey/login
    body:
      encoding: UTF-8
      string: ''
    headers:
      Accept-Encoding:
      - gzip;q=1.0,deflate;q=0.6,identity;q=0.3
      Accept:
      - "*/*"
      User-Agent:
      - Ruby
      Host:
      - www.braintrust.dev
      Authorization:
      - Bearer test-key
  response:
    status:
      code: 401
      message: Unauthorized
    headers:
      Access-Control-Allow-Credentials:
      - 'true'
      Access-Control-Allow-Headers:
      - X-CSRF-Token, X-Requested-With, Accept, Accept-Version, Content-Length, Content-MD5,
        Content-Type, Date, X-Api-Version
      Access-Control-Allow-Methods:
      - GET,OPTIONS,PATCH,DELETE,POST,PUT
      Access-Control-Allow-Origin:
      - "*"
      Cache-Control:
      - public, max-age=0, must-revalidate
      Content-Length:
      - '193'
      Content-Security-Policy:
      - 'script-src ''self'' ''unsafe-eval'' ''wasm-unsafe-eval'' ''strict-dynamic''
        ''nonce-NTE5NTYyMDQtZWFjNS00YzllLWFhODAtY2E2YTk5YWRkNTVh''  *.js.stripe.com
        js.stripe.com maps.googleapis.com ; style-src ''self'' ''unsafe-inline'' *.braintrust.dev
        btcm6qilbbhv4yi1.public.blob.vercel-storage.com fonts.googleapis.com www.gstatic.com;
        font-src ''self'' data: fonts.gstatic.com btcm6qilbbhv4yi1.public.blob.vercel-storage.com;
        object-src ''none''; base-uri ''self''; form-action ''self''; frame-ancestors
        ''self''; worker-src ''self'' blob:; report-uri https://o4507221741076480.ingest.us.sentry.io/api/4507221754380288/security/?sentry_key=27fa5ac907cf7c6ce4a1ab2a03f805b4&sentry_environment=production&sentry_release=14;
        report-to csp-endpoint-0'
      Content-Type:
      - text/plain; charset=utf-8
      Date:
      - Sat, 25 Oct 2025 16:04:47 GMT
      Etag:
      - '"o4tj8lywme5d"'
      Reporting-Endpoints:
      - csp-endpoint-0="https://o4507221741076480.ingest.us.sentry.io/api/4507221754380288/security/?sentry_key=27fa5ac907cf7c6ce4a1ab2a03f805b4&sentry_environment=production&sentry_release=14"
      Server:
      - Vercel
      Strict-Transport-Security:
      - max-age=63072000
      X-Clerk-Auth-Message:
      - Invalid JWT form. A JWT consists of three parts separated by dots. (reason=token-invalid,
        token-carrier=header)
      X-Clerk-Auth-Reason:
      - token-invalid
      X-Clerk-Auth-Status:
      - signed-out
      X-Content-Type-Options:
      - nosniff
      X-Frame-Options:
      - SAMEORIGIN
      X-Matched-Path:
      - "/api/apikey/login"
      X-Nonce:
      - NTE5NTYyMDQtZWFjNS00YzllLWFhODAtY2E2YTk5YWRkNTVh
      X-Vercel-Cache:
      - MISS
      X-Vercel-Id:
      - iad1::iad1::2lzwx-1761408287700-cefc2441852e
    body:
      encoding: UTF-8
      string: 'Failed to validate Cognito JWT: Error: JWT string does not consist
        of exactly 3 parts (header, payload, signature) [timestamp=1761408287.748]
        [request_id=iad1::2lzwx-1761408287700-cefc2441852e]'
  recorded_at: Sat, 25 Oct 2025 16:04:47 GMT
- request:
    method: post
    uri: https://www.braintrust.dev/api/apikey/login
    body:
      encoding: UTF-8
      string: ''
    headers:
      Accept-Encoding:
      - gzip;q=1.0,deflate;q=0.6,identity;q=0.3
      Accept:
      - "*/*"
      User-Agent:
      - Ruby
      Host:
      - www.braintrust.dev
      Authorization:
      - Bearer test-key
  response:
    status:
      code: 401
      message: Unauthorized
    headers:
      Access-Control-Allow-Credentials:
      - 'true'
      Access-Control-Allow-Headers:
      - X-CSRF-Token, X-Requested-With, Accept, Accept-Version, Content-Length, Content-MD5,
        Content-Type, Date, X-Api-Version
      Access-Control-Allow-Methods:
      - GET,OPTIONS,PATCH,DELETE,POST,PUT
      Access-Control-Allow-Origin:
      - "*"
      Cache-Control:
      - public, max-age=0, must-revalidate
      Content-Length:
      - '193'
      Content-Security-Policy:
      - 'script-src ''self'' ''unsafe-eval'' ''wasm-unsafe-eval'' ''strict-dynamic''
        ''nonce-NzFjMWRjNGMtOTFiYy00OWY1LThjNzQtZTA4M2IzM2ZjODQy''  *.js.stripe.com
        js.stripe.com maps.googleapis.com ; style-src ''self'' ''unsafe-inline'' *.braintrust.dev
        btcm6qilbbhv4yi1.public.blob.vercel-storage.com fonts.googleapis.com www.gstatic.com;
        font-src ''self'' data: fonts.gstatic.com btcm6qilbbhv4yi1.public.blob.vercel-storage.com;
        object-src ''none''; base-uri ''self''; form-action ''self''; frame-ancestors
        ''self''; worker-src ''self'' blob:; report-uri https://o4507221741076480.ingest.us.sentry.io/api/4507221754380288/security/?sentry_key=27fa5ac907cf7c6ce4a1ab2a03f805b4&sentry_environment=production&sentry_release=14;
        report-to csp-endpoint-0'
      Content-Type:
      - text/plain; charset=utf-8
      Date:
      - Sat, 25 Oct 2025 16:04:47 GMT
      Etag:
      - '"lt3r7ugd9m5d"'
      Reporting-Endpoints:
      - csp-endpoint-0="https://o4507221741076480.ingest.us.sentry.io/api/4507221754380288/security/?sentry_key=27fa5ac907cf7c6ce4a1ab2a03f805b4&sentry_environment=production&sentry_release=14"
      Server:
      - Vercel
      Strict-Transport-Security:
      - max-age=63072000
      X-Clerk-Auth-Message:
      - Invalid JWT form. A JWT consists of three parts separated by dots. (reason=token-invalid,
        token-carrier=header)
      X-Clerk-Auth-Reason:
      - token-invalid
      X-Clerk-Auth-Status:
      - signed-out
      X-Content-Type-Options:
      - nosniff
      X-Frame-Options:
      - SAMEORIGIN
      X-Matched-Path:
      - "/api/apikey/login"
      X-Nonce:
      - NzFjMWRjNGMtOTFiYy00OWY1LThjNzQtZTA4M2IzM2ZjODQy
      X-Vercel-Cache:
      - MISS
      X-Vercel-Id:
      - iad1::iad1::wkfmb-1761408287725-2a488b3999a9
    body:
      encoding: UTF-8
      string: 'Failed to validate Cognito JWT: Error: JWT string does not consist
        of exactly 3 parts (header, payload, signature) [timestamp=1761408287.779]
        [request_id=iad1::wkfmb-1761408287725-2a488b3999a9]'
  recorded_at: Sat, 25 Oct 2025 16:04:47 GMT
- request:
    method: post
    uri: https://www.braintrust.dev/api/apikey/login
    body:
      encoding: UTF-8
      string: ''
    headers:
      Accept-Encoding:
      - gzip;q=1.0,deflate;q=0.6,identity;q=0.3
      Accept:
      - "*/*"
      User-Agent:
      - Ruby
      Host:
      - www.braintrust.dev
      Authorization:
      - Bearer test-key
  response:
    status:
      code: 401
      message: Unauthorized
    headers:
      Access-Control-Allow-Credentials:
      - 'true'
      Access-Control-Allow-Headers:
      - X-CSRF-Token, X-Requested-With, Accept, Accept-Version, Content-Length, Content-MD5,
        Content-Type, Date, X-Api-Version
      Access-Control-Allow-Methods:
      - GET,OPTIONS,PATCH,DELETE,POST,PUT
      Access-Control-Allow-Origin:
      - "*"
      Cache-Control:
      - public, max-age=0, must-revalidate
      Content-Length:
      - '193'
      Content-Security-Policy:
      - 'script-src ''self'' ''unsafe-eval'' ''wasm-unsafe-eval'' ''strict-dynamic''
        ''nonce-OWUyYzAwZDQtMGEyNy00NmUyLWEzMjMtODg5MzE4YjY4NGM0''  *.js.stripe.com
        js.stripe.com maps.googleapis.com ; style-src ''self'' ''unsafe-inline'' *.braintrust.dev
        btcm6qilbbhv4yi1.public.blob.vercel-storage.com fonts.googleapis.com www.gstatic.com;
        font-src ''self'' data: fonts.gstatic.com btcm6qilbbhv4yi1.public.blob.vercel-storage.com;
        object-src ''none''; base-uri ''self''; form-action ''self''; frame-ancestors
        ''self''; worker-src ''self'' blob:; report-uri https://o4507221741076480.ingest.us.sentry.io/api/4507221754380288/security/?sentry_key=27fa5ac907cf7c6ce4a1ab2a03f805b4&sentry_environment=production&sentry_release=14;
        report-to csp-endpoint-0'
      Content-Type:
      - text/plain; charset=utf-8
      Date:
      - Sat, 25 Oct 2025 16:04:47 GMT
      Etag:
      - '"l7urs4kd4o5d"'
      Reporting-Endpoints:
      - csp-endpoint-0="https://o4507221741076480.ingest.us.sentry.io/api/4507221754380288/security/?sentry_key=27fa5ac907cf7c6ce4a1ab2a03f805b4&sentry_environment=production&sentry_release=14"
      Server:
      - Vercel
      Strict-Transport-Security:
      - max-age=63072000
      X-Clerk-Auth-Message:
      - Invalid JWT form. A JWT consists of three parts separated by dots. (reason=token-invalid,
        token-carrier=header)
      X-Clerk-Auth-Reason:
      - token-invalid
      X-Clerk-Auth-Status:
      - signed-out
      X-Content-Type-Options:
      - nosniff
      X-Frame-Options:
      - SAMEORIGIN
      X-Matched-Path:
      - "/api/apikey/login"
      X-Nonce:
      - OWUyYzAwZDQtMGEyNy00NmUyLWEzMjMtODg5MzE4YjY4NGM0
      X-Vercel-Cache:
      - MISS
      X-Vercel-Id:
      - iad1::iad1::mfzhk-1761408287767-7673222ef3b9
    body:
      encoding: UTF-8
      string: 'Failed to validate Cognito JWT: Error: JWT string does not consist
        of exactly 3 parts (header, payload, signature) [timestamp=1761408287.805]
        [request_id=iad1::mfzhk-1761408287767-7673222ef3b9]'
  recorded_at: Sat, 25 Oct 2025 16:04:47 GMT
- request:
    method: post
    uri: https://www.braintrust.dev/api/apikey/login
    body:
      encoding: UTF-8
      string: ''
    headers:
      Accept-Encoding:
      - gzip;q=1.0,deflate;q=0.6,identity;q=0.3
      Accept:
      - "*/*"
      User-Agent:
      - Ruby
      Host:
      - www.braintrust.dev
      Authorization:
      - Bearer test-key
  response:
    status:
      code: 401
      message: Unauthorized
    headers:
      Access-Control-Allow-Credentials:
      - 'true'
      Access-Control-Allow-Headers:
      - X-CSRF-Token, X-Requested-With, Accept, Accept-Version, Content-Length, Content-MD5,
        Content-Type, Date, X-Api-Version
      Access-Control-Allow-Methods:
      - GET,OPTIONS,PATCH,DELETE,POST,PUT
      Access-Control-Allow-Origin:
      - "*"
      Cache-Control:
      - public, max-age=0, must-revalidate
      Content-Length:
      - '193'
      Content-Security-Policy:
      - 'script-src ''self'' ''unsafe-eval'' ''wasm-unsafe-eval'' ''strict-dynamic''
        ''nonce-Y2RhMDQ3ZWYtNTJjYS00Yzg3LWEwY2UtNzZiYjEwZmQ2OTY5''  *.js.stripe.com
        js.stripe.com maps.googleapis.com ; style-src ''self'' ''unsafe-inline'' *.braintrust.dev
        btcm6qilbbhv4yi1.public.blob.vercel-storage.com fonts.googleapis.com www.gstatic.com;
        font-src ''self'' data: fonts.gstatic.com btcm6qilbbhv4yi1.public.blob.vercel-storage.com;
        object-src ''none''; base-uri ''self''; form-action ''self''; frame-ancestors
        ''self''; worker-src ''self'' blob:; report-uri https://o4507221741076480.ingest.us.sentry.io/api/4507221754380288/security/?sentry_key=27fa5ac907cf7c6ce4a1ab2a03f805b4&sentry_environment=production&sentry_release=14;
        report-to csp-endpoint-0'
      Content-Type:
      - text/plain; charset=utf-8
      Date:
      - Sat, 25 Oct 2025 16:04:47 GMT
      Etag:
      - '"hjth721faj5d"'
      Reporting-Endpoints:
      - csp-endpoint-0="https://o4507221741076480.ingest.us.sentry.io/api/4507221754380288/security/?sentry_key=27fa5ac907cf7c6ce4a1ab2a03f805b4&sentry_environment=production&sentry_release=14"
      Server:
      - Vercel
      Strict-Transport-Security:
      - max-age=63072000
      X-Clerk-Auth-Message:
      - Invalid JWT form. A JWT consists of three parts separated by dots. (reason=token-invalid,
        token-carrier=header)
      X-Clerk-Auth-Reason:
      - token-invalid
      X-Clerk-Auth-Status:
      - signed-out
      X-Content-Type-Options:
      - nosniff
      X-Frame-Options:
      - SAMEORIGIN
      X-Matched-Path:
      - "/api/apikey/login"
      X-Nonce:
      - Y2RhMDQ3ZWYtNTJjYS00Yzg3LWEwY2UtNzZiYjEwZmQ2OTY5
      X-Vercel-Cache:
      - MISS
      X-Vercel-Id:
      - iad1::iad1::tls4h-1761408287737-756eba8c0a0c
    body:
      encoding: UTF-8
      string: 'Failed to validate Cognito JWT: Error: JWT string does not consist
        of exactly 3 parts (header, payload, signature) [timestamp=1761408287.779]
        [request_id=iad1::tls4h-1761408287737-756eba8c0a0c]'
  recorded_at: Sat, 25 Oct 2025 16:04:47 GMT
- request:
    method: post
    uri: https://www.braintrust.dev/api/apikey/login
    body:
      encoding: UTF-8
      string: ''
    headers:
      Accept-Encoding:
      - gzip;q=1.0,deflate;q=0.6,identity;q=0.3
      Accept:
      - "*/*"
      User-Agent:
      - Ruby
      Host:
      - www.braintrust.dev
      Authorization:
      - Bearer test-key
  response:
    status:
      code: 401
      message: Unauthorized
    headers:
      Access-Control-Allow-Credentials:
      - 'true'
      Access-Control-Allow-Headers:
      - X-CSRF-Token, X-Requested-With, Accept, Accept-Version, Content-Length, Content-MD5,
        Content-Type, Date, X-Api-Version
      Access-Control-Allow-Methods:
      - GET,OPTIONS,PATCH,DELETE,POST,PUT
      Access-Control-Allow-Origin:
      - "*"
      Cache-Control:
      - public, max-age=0, must-revalidate
      Content-Length:
      - '193'
      Content-Security-Policy:
      - 'script-src ''self'' ''unsafe-eval'' ''wasm-unsafe-eval'' ''strict-dynamic''
        ''nonce-MmViZDIzNGMtNmMwNC00MmUyLWI0ZjEtZjJmNzdlMGE1ZmRk''  *.js.stripe.com
        js.stripe.com maps.googleapis.com ; style-src ''self'' ''unsafe-inline'' *.braintrust.dev
        btcm6qilbbhv4yi1.public.blob.vercel-storage.com fonts.googleapis.com www.gstatic.com;
        font-src ''self'' data: fonts.gstatic.com btcm6qilbbhv4yi1.public.blob.vercel-storage.com;
        object-src ''none''; base-uri ''self''; form-action ''self''; frame-ancestors
        ''self''; worker-src ''self'' blob:; report-uri https://o4507221741076480.ingest.us.sentry.io/api/4507221754380288/security/?sentry_key=27fa5ac907cf7c6ce4a1ab2a03f805b4&sentry_environment=production&sentry_release=14;
        report-to csp-endpoint-0'
      Content-Type:
      - text/plain; charset=utf-8
      Date:
      - Sat, 25 Oct 2025 16:04:47 GMT
      Etag:
      - '"184dv6hc62e5d"'
      Reporting-Endpoints:
      - csp-endpoint-0="https://o4507221741076480.ingest.us.sentry.io/api/4507221754380288/security/?sentry_key=27fa5ac907cf7c6ce4a1ab2a03f805b4&sentry_environment=production&sentry_release=14"
      Server:
      - Vercel
      Strict-Transport-Security:
      - max-age=63072000
      X-Clerk-Auth-Message:
      - Invalid JWT form. A JWT consists of three parts separated by dots. (reason=token-invalid,
        token-carrier=header)
      X-Clerk-Auth-Reason:
      - token-invalid
      X-Clerk-Auth-Status:
      - signed-out
      X-Content-Type-Options:
      - nosniff
      X-Frame-Options:
      - SAMEORIGIN
      X-Matched-Path:
      - "/api/apikey/login"
      X-Nonce:
      - MmViZDIzNGMtNmMwNC00MmUyLWI0ZjEtZjJmNzdlMGE1ZmRk
      X-Vercel-Cache:
      - MISS
      X-Vercel-Id:
      - iad1::iad1::7ccdk-1761408287722-95331e1328b2
    body:
      encoding: UTF-8
      string: 'Failed to validate Cognito JWT: Error: JWT string does not consist
        of exactly 3 parts (header, payload, signature) [timestamp=1761408287.776]
        [request_id=iad1::7ccdk-1761408287722-95331e1328b2]'
  recorded_at: Sat, 25 Oct 2025 16:04:47 GMT
- request:
    method: post
    uri: https://www.braintrust.dev/api/apikey/login
    body:
      encoding: UTF-8
      string: ''
    headers:
      Accept-Encoding:
      - gzip;q=1.0,deflate;q=0.6,identity;q=0.3
      Accept:
      - "*/*"
      User-Agent:
      - Ruby
      Host:
      - www.braintrust.dev
      Authorization:
      - Bearer explicit-key
  response:
    status:
      code: 401
      message: Unauthorized
    headers:
      Access-Control-Allow-Credentials:
      - 'true'
      Access-Control-Allow-Headers:
      - X-CSRF-Token, X-Requested-With, Accept, Accept-Version, Content-Length, Content-MD5,
        Content-Type, Date, X-Api-Version
      Access-Control-Allow-Methods:
      - GET,OPTIONS,PATCH,DELETE,POST,PUT
      Access-Control-Allow-Origin:
      - "*"
      Cache-Control:
      - public, max-age=0, must-revalidate
      Content-Length:
      - '193'
      Content-Security-Policy:
      - 'script-src ''self'' ''unsafe-eval'' ''wasm-unsafe-eval'' ''strict-dynamic''
        ''nonce-MWZlOTRhY2YtOGE1NS00MmEzLWEzZGItNGI4YTViYjNhZjMx''  *.js.stripe.com
        js.stripe.com maps.googleapis.com ; style-src ''self'' ''unsafe-inline'' *.braintrust.dev
        btcm6qilbbhv4yi1.public.blob.vercel-storage.com fonts.googleapis.com www.gstatic.com;
        font-src ''self'' data: fonts.gstatic.com btcm6qilbbhv4yi1.public.blob.vercel-storage.com;
        object-src ''none''; base-uri ''self''; form-action ''self''; frame-ancestors
        ''self''; worker-src ''self'' blob:; report-uri https://o4507221741076480.ingest.us.sentry.io/api/4507221754380288/security/?sentry_key=27fa5ac907cf7c6ce4a1ab2a03f805b4&sentry_environment=production&sentry_release=14;
        report-to csp-endpoint-0'
      Content-Type:
      - text/plain; charset=utf-8
      Date:
      - Sat, 25 Oct 2025 16:04:47 GMT
      Etag:
      - '"138bkm3iawz5d"'
      Reporting-Endpoints:
      - csp-endpoint-0="https://o4507221741076480.ingest.us.sentry.io/api/4507221754380288/security/?sentry_key=27fa5ac907cf7c6ce4a1ab2a03f805b4&sentry_environment=production&sentry_release=14"
      Server:
      - Vercel
      Strict-Transport-Security:
      - max-age=63072000
      X-Clerk-Auth-Message:
      - Invalid JWT form. A JWT consists of three parts separated by dots. (reason=token-invalid,
        token-carrier=header)
      X-Clerk-Auth-Reason:
      - token-invalid
      X-Clerk-Auth-Status:
      - signed-out
      X-Content-Type-Options:
      - nosniff
      X-Frame-Options:
      - SAMEORIGIN
      X-Matched-Path:
      - "/api/apikey/login"
      X-Nonce:
      - MWZlOTRhY2YtOGE1NS00MmEzLWEzZGItNGI4YTViYjNhZjMx
      X-Vercel-Cache:
      - MISS
      X-Vercel-Id:
      - iad1::iad1::wjknd-1761408287744-33ff2007af42
    body:
      encoding: UTF-8
      string: 'Failed to validate Cognito JWT: Error: JWT string does not consist
        of exactly 3 parts (header, payload, signature) [timestamp=1761408287.786]
        [request_id=iad1::wjknd-1761408287744-33ff2007af42]'
  recorded_at: Sat, 25 Oct 2025 16:04:47 GMT
- request:
    method: post
    uri: https://www.braintrust.dev/api/apikey/login
    body:
      encoding: UTF-8
      string: ''
    headers:
      Accept-Encoding:
      - gzip;q=1.0,deflate;q=0.6,identity;q=0.3
      Accept:
      - "*/*"
      User-Agent:
      - Ruby
      Host:
      - www.braintrust.dev
      Authorization:
      - Bearer test-key
  response:
    status:
      code: 401
      message: Unauthorized
    headers:
      Access-Control-Allow-Credentials:
      - 'true'
      Access-Control-Allow-Headers:
      - X-CSRF-Token, X-Requested-With, Accept, Accept-Version, Content-Length, Content-MD5,
        Content-Type, Date, X-Api-Version
      Access-Control-Allow-Methods:
      - GET,OPTIONS,PATCH,DELETE,POST,PUT
      Access-Control-Allow-Origin:
      - "*"
      Cache-Control:
      - public, max-age=0, must-revalidate
      Content-Length:
      - '193'
      Content-Security-Policy:
      - 'script-src ''self'' ''unsafe-eval'' ''wasm-unsafe-eval'' ''strict-dynamic''
        ''nonce-MzJlMGQyMWQtYTc5NC00ZWEyLWI5N2QtZWZmNWQ3ODRjYWE0''  *.js.stripe.com
        js.stripe.com maps.googleapis.com ; style-src ''self'' ''unsafe-inline'' *.braintrust.dev
        btcm6qilbbhv4yi1.public.blob.vercel-storage.com fonts.googleapis.com www.gstatic.com;
        font-src ''self'' data: fonts.gstatic.com btcm6qilbbhv4yi1.public.blob.vercel-storage.com;
        object-src ''none''; base-uri ''self''; form-action ''self''; frame-ancestors
        ''self''; worker-src ''self'' blob:; report-uri https://o4507221741076480.ingest.us.sentry.io/api/4507221754380288/security/?sentry_key=27fa5ac907cf7c6ce4a1ab2a03f805b4&sentry_environment=production&sentry_release=14;
        report-to csp-endpoint-0'
      Content-Type:
      - text/plain; charset=utf-8
      Date:
      - Sat, 25 Oct 2025 16:04:47 GMT
      Etag:
      - '"8t6xezzdys5d"'
      Reporting-Endpoints:
      - csp-endpoint-0="https://o4507221741076480.ingest.us.sentry.io/api/4507221754380288/security/?sentry_key=27fa5ac907cf7c6ce4a1ab2a03f805b4&sentry_environment=production&sentry_release=14"
      Server:
      - Vercel
      Strict-Transport-Security:
      - max-age=63072000
      X-Clerk-Auth-Message:
      - Invalid JWT form. A JWT consists of three parts separated by dots. (reason=token-invalid,
        token-carrier=header)
      X-Clerk-Auth-Reason:
      - token-invalid
      X-Clerk-Auth-Status:
      - signed-out
      X-Content-Type-Options:
      - nosniff
      X-Frame-Options:
      - SAMEORIGIN
      X-Matched-Path:
      - "/api/apikey/login"
      X-Nonce:
      - MzJlMGQyMWQtYTc5NC00ZWEyLWI5N2QtZWZmNWQ3ODRjYWE0
      X-Vercel-Cache:
      - MISS
      X-Vercel-Id:
      - iad1::iad1::zpnjn-1761408287772-c97a8c69b399
    body:
      encoding: UTF-8
      string: 'Failed to validate Cognito JWT: Error: JWT string does not consist
        of exactly 3 parts (header, payload, signature) [timestamp=1761408287.814]
        [request_id=iad1::zpnjn-1761408287772-c97a8c69b399]'
  recorded_at: Sat, 25 Oct 2025 16:04:47 GMT
- request:
    method: post
    uri: https://www.braintrust.dev/api/apikey/login
    body:
      encoding: UTF-8
      string: ''
    headers:
      Accept-Encoding:
      - gzip;q=1.0,deflate;q=0.6,identity;q=0.3
      Accept:
      - "*/*"
      User-Agent:
      - Ruby
      Host:
      - www.braintrust.dev
      Authorization:
      - Bearer test-key
  response:
    status:
      code: 401
      message: Unauthorized
    headers:
      Access-Control-Allow-Credentials:
      - 'true'
      Access-Control-Allow-Headers:
      - X-CSRF-Token, X-Requested-With, Accept, Accept-Version, Content-Length, Content-MD5,
        Content-Type, Date, X-Api-Version
      Access-Control-Allow-Methods:
      - GET,OPTIONS,PATCH,DELETE,POST,PUT
      Access-Control-Allow-Origin:
      - "*"
      Cache-Control:
      - public, max-age=0, must-revalidate
      Content-Length:
      - '193'
      Content-Security-Policy:
      - 'script-src ''self'' ''unsafe-eval'' ''wasm-unsafe-eval'' ''strict-dynamic''
        ''nonce-OTE5YjMxZTctMWZkMS00N2Q0LTllYTMtMzVjYWRmM2I0OTY4''  *.js.stripe.com
        js.stripe.com maps.googleapis.com ; style-src ''self'' ''unsafe-inline'' *.braintrust.dev
        btcm6qilbbhv4yi1.public.blob.vercel-storage.com fonts.googleapis.com www.gstatic.com;
        font-src ''self'' data: fonts.gstatic.com btcm6qilbbhv4yi1.public.blob.vercel-storage.com;
        object-src ''none''; base-uri ''self''; form-action ''self''; frame-ancestors
        ''self''; worker-src ''self'' blob:; report-uri https://o4507221741076480.ingest.us.sentry.io/api/4507221754380288/security/?sentry_key=27fa5ac907cf7c6ce4a1ab2a03f805b4&sentry_environment=production&sentry_release=14;
        report-to csp-endpoint-0'
      Content-Type:
      - text/plain; charset=utf-8
      Date:
      - Sat, 25 Oct 2025 16:04:47 GMT
      Etag:
      - '"9751irf4185d"'
      Reporting-Endpoints:
      - csp-endpoint-0="https://o4507221741076480.ingest.us.sentry.io/api/4507221754380288/security/?sentry_key=27fa5ac907cf7c6ce4a1ab2a03f805b4&sentry_environment=production&sentry_release=14"
      Server:
      - Vercel
      Strict-Transport-Security:
      - max-age=63072000
      X-Clerk-Auth-Message:
      - Invalid JWT form. A JWT consists of three parts separated by dots. (reason=token-invalid,
        token-carrier=header)
      X-Clerk-Auth-Reason:
      - token-invalid
      X-Clerk-Auth-Status:
      - signed-out
      X-Content-Type-Options:
      - nosniff
      X-Frame-Options:
      - SAMEORIGIN
      X-Matched-Path:
      - "/api/apikey/login"
      X-Nonce:
      - OTE5YjMxZTctMWZkMS00N2Q0LTllYTMtMzVjYWRmM2I0OTY4
      X-Vercel-Cache:
      - MISS
      X-Vercel-Id:
      - iad1::iad1::479dk-1761408287861-5223f61cd14d
    body:
      encoding: UTF-8
      string: 'Failed to validate Cognito JWT: Error: JWT string does not consist
        of exactly 3 parts (header, payload, signature) [timestamp=1761408287.998]
        [request_id=iad1::479dk-1761408287861-5223f61cd14d]'
  recorded_at: Sat, 25 Oct 2025 16:04:47 GMT
- request:
    method: post
    uri: https://www.braintrust.dev/api/apikey/login
    body:
      encoding: UTF-8
      string: ''
    headers:
      Accept-Encoding:
      - gzip;q=1.0,deflate;q=0.6,identity;q=0.3
      Accept:
      - "*/*"
      User-Agent:
      - Ruby
      Host:
      - www.braintrust.dev
      Authorization:
      - Bearer test-key
  response:
    status:
      code: 401
      message: Unauthorized
    headers:
      Access-Control-Allow-Credentials:
      - 'true'
      Access-Control-Allow-Headers:
      - X-CSRF-Token, X-Requested-With, Accept, Accept-Version, Content-Length, Content-MD5,
        Content-Type, Date, X-Api-Version
      Access-Control-Allow-Methods:
      - GET,OPTIONS,PATCH,DELETE,POST,PUT
      Access-Control-Allow-Origin:
      - "*"
      Cache-Control:
      - public, max-age=0, must-revalidate
      Content-Length:
      - '193'
      Content-Security-Policy:
      - 'script-src ''self'' ''unsafe-eval'' ''wasm-unsafe-eval'' ''strict-dynamic''
        ''nonce-MmNhYTgzYmYtYjU4Ni00MGQ5LTg2MTktODcxYjk3ZmRmNzEw''  *.js.stripe.com
        js.stripe.com maps.googleapis.com ; style-src ''self'' ''unsafe-inline'' *.braintrust.dev
        btcm6qilbbhv4yi1.public.blob.vercel-storage.com fonts.googleapis.com www.gstatic.com;
        font-src ''self'' data: fonts.gstatic.com btcm6qilbbhv4yi1.public.blob.vercel-storage.com;
        object-src ''none''; base-uri ''self''; form-action ''self''; frame-ancestors
        ''self''; worker-src ''self'' blob:; report-uri https://o4507221741076480.ingest.us.sentry.io/api/4507221754380288/security/?sentry_key=27fa5ac907cf7c6ce4a1ab2a03f805b4&sentry_environment=production&sentry_release=14;
        report-to csp-endpoint-0'
      Content-Type:
      - text/plain; charset=utf-8
      Date:
      - Sat, 25 Oct 2025 16:04:48 GMT
      Etag:
      - '"dsrk4zn5b45d"'
      Reporting-Endpoints:
      - csp-endpoint-0="https://o4507221741076480.ingest.us.sentry.io/api/4507221754380288/security/?sentry_key=27fa5ac907cf7c6ce4a1ab2a03f805b4&sentry_environment=production&sentry_release=14"
      Server:
      - Vercel
      Strict-Transport-Security:
      - max-age=63072000
      X-Clerk-Auth-Message:
      - Invalid JWT form. A JWT consists of three parts separated by dots. (reason=token-invalid,
        token-carrier=header)
      X-Clerk-Auth-Reason:
      - token-invalid
      X-Clerk-Auth-Status:
      - signed-out
      X-Content-Type-Options:
      - nosniff
      X-Frame-Options:
      - SAMEORIGIN
      X-Matched-Path:
      - "/api/apikey/login"
      X-Nonce:
      - MmNhYTgzYmYtYjU4Ni00MGQ5LTg2MTktODcxYjk3ZmRmNzEw
      X-Vercel-Cache:
      - MISS
      X-Vercel-Id:
      - iad1::iad1::jbgld-1761408287997-f2afbac25954
    body:
      encoding: UTF-8
      string: 'Failed to validate Cognito JWT: Error: JWT string does not consist
        of exactly 3 parts (header, payload, signature) [timestamp=1761408288.048]
        [request_id=iad1::jbgld-1761408287997-f2afbac25954]'
  recorded_at: Sat, 25 Oct 2025 16:04:47 GMT
- request:
    method: post
    uri: https://www.braintrust.dev/api/apikey/login
    body:
      encoding: UTF-8
      string: ''
    headers:
      Accept-Encoding:
      - gzip;q=1.0,deflate;q=0.6,identity;q=0.3
      Accept:
      - "*/*"
      User-Agent:
      - Ruby
      Host:
      - www.braintrust.dev
      Authorization:
      - Bearer test-key
  response:
    status:
      code: 401
      message: Unauthorized
    headers:
      Access-Control-Allow-Credentials:
      - 'true'
      Access-Control-Allow-Headers:
      - X-CSRF-Token, X-Requested-With, Accept, Accept-Version, Content-Length, Content-MD5,
        Content-Type, Date, X-Api-Version
      Access-Control-Allow-Methods:
      - GET,OPTIONS,PATCH,DELETE,POST,PUT
      Access-Control-Allow-Origin:
      - "*"
      Cache-Control:
      - public, max-age=0, must-revalidate
      Content-Length:
      - '192'
      Content-Security-Policy:
      - 'script-src ''self'' ''unsafe-eval'' ''wasm-unsafe-eval'' ''strict-dynamic''
        ''nonce-OWZjOTMxOGMtNjY4OS00NDc4LWJlYjktN2U1YTI0ZDVhZTY2''  *.js.stripe.com
        js.stripe.com maps.googleapis.com ; style-src ''self'' ''unsafe-inline'' *.braintrust.dev
        btcm6qilbbhv4yi1.public.blob.vercel-storage.com fonts.googleapis.com www.gstatic.com;
        font-src ''self'' data: fonts.gstatic.com btcm6qilbbhv4yi1.public.blob.vercel-storage.com;
        object-src ''none''; base-uri ''self''; form-action ''self''; frame-ancestors
        ''self''; worker-src ''self'' blob:; report-uri https://o4507221741076480.ingest.us.sentry.io/api/4507221754380288/security/?sentry_key=27fa5ac907cf7c6ce4a1ab2a03f805b4&sentry_environment=production&sentry_release=14;
        report-to csp-endpoint-0'
      Content-Type:
      - text/plain; charset=utf-8
      Date:
      - Sat, 25 Oct 2025 16:04:48 GMT
      Etag:
      - '"qsyieyqkmk5c"'
      Reporting-Endpoints:
      - csp-endpoint-0="https://o4507221741076480.ingest.us.sentry.io/api/4507221754380288/security/?sentry_key=27fa5ac907cf7c6ce4a1ab2a03f805b4&sentry_environment=production&sentry_release=14"
      Server:
      - Vercel
      Strict-Transport-Security:
      - max-age=63072000
      X-Clerk-Auth-Message:
      - Invalid JWT form. A JWT consists of three parts separated by dots. (reason=token-invalid,
        token-carrier=header)
      X-Clerk-Auth-Reason:
      - token-invalid
      X-Clerk-Auth-Status:
      - signed-out
      X-Content-Type-Options:
      - nosniff
      X-Frame-Options:
      - SAMEORIGIN
      X-Matched-Path:
      - "/api/apikey/login"
      X-Nonce:
      - OWZjOTMxOGMtNjY4OS00NDc4LWJlYjktN2U1YTI0ZDVhZTY2
      X-Vercel-Cache:
      - MISS
      X-Vercel-Id:
      - iad1::iad1::bjc62-1761408288028-d6e908182ac3
    body:
      encoding: UTF-8
      string: 'Failed to validate Cognito JWT: Error: JWT string does not consist
        of exactly 3 parts (header, payload, signature) [timestamp=1761408288.07]
        [request_id=iad1::bjc62-1761408288028-d6e908182ac3]'
  recorded_at: Sat, 25 Oct 2025 16:04:47 GMT
- request:
    method: post
    uri: https://www.braintrust.dev/api/apikey/login
    body:
      encoding: UTF-8
      string: ''
    headers:
      Accept-Encoding:
      - gzip;q=1.0,deflate;q=0.6,identity;q=0.3
      Accept:
      - "*/*"
      User-Agent:
      - Ruby
      Host:
      - www.braintrust.dev
      Authorization:
      - Bearer test-key
  response:
    status:
      code: 401
      message: Unauthorized
    headers:
      Access-Control-Allow-Credentials:
      - 'true'
      Access-Control-Allow-Headers:
      - X-CSRF-Token, X-Requested-With, Accept, Accept-Version, Content-Length, Content-MD5,
        Content-Type, Date, X-Api-Version
      Access-Control-Allow-Methods:
      - GET,OPTIONS,PATCH,DELETE,POST,PUT
      Access-Control-Allow-Origin:
      - "*"
      Cache-Control:
      - public, max-age=0, must-revalidate
      Content-Length:
      - '193'
      Content-Security-Policy:
      - 'script-src ''self'' ''unsafe-eval'' ''wasm-unsafe-eval'' ''strict-dynamic''
        ''nonce-MDBlMDFjZDctNTM0YS00YWZmLWI4OTctMjJlODYyOWQyZmZi''  *.js.stripe.com
        js.stripe.com maps.googleapis.com ; style-src ''self'' ''unsafe-inline'' *.braintrust.dev
        btcm6qilbbhv4yi1.public.blob.vercel-storage.com fonts.googleapis.com www.gstatic.com;
        font-src ''self'' data: fonts.gstatic.com btcm6qilbbhv4yi1.public.blob.vercel-storage.com;
        object-src ''none''; base-uri ''self''; form-action ''self''; frame-ancestors
        ''self''; worker-src ''self'' blob:; report-uri https://o4507221741076480.ingest.us.sentry.io/api/4507221754380288/security/?sentry_key=27fa5ac907cf7c6ce4a1ab2a03f805b4&sentry_environment=production&sentry_release=14;
        report-to csp-endpoint-0'
      Content-Type:
      - text/plain; charset=utf-8
      Date:
      - Sat, 25 Oct 2025 16:04:48 GMT
      Etag:
      - '"15yzftygh7o5d"'
      Reporting-Endpoints:
      - csp-endpoint-0="https://o4507221741076480.ingest.us.sentry.io/api/4507221754380288/security/?sentry_key=27fa5ac907cf7c6ce4a1ab2a03f805b4&sentry_environment=production&sentry_release=14"
      Server:
      - Vercel
      Strict-Transport-Security:
      - max-age=63072000
      X-Clerk-Auth-Message:
      - Invalid JWT form. A JWT consists of three parts separated by dots. (reason=token-invalid,
        token-carrier=header)
      X-Clerk-Auth-Reason:
      - token-invalid
      X-Clerk-Auth-Status:
      - signed-out
      X-Content-Type-Options:
      - nosniff
      X-Frame-Options:
      - SAMEORIGIN
      X-Matched-Path:
      - "/api/apikey/login"
      X-Nonce:
      - MDBlMDFjZDctNTM0YS00YWZmLWI4OTctMjJlODYyOWQyZmZi
      X-Vercel-Cache:
      - MISS
      X-Vercel-Id:
      - iad1::iad1::r9mrn-1761408288039-8c9ed4c2c6d6
    body:
      encoding: UTF-8
      string: 'Failed to validate Cognito JWT: Error: JWT string does not consist
        of exactly 3 parts (header, payload, signature) [timestamp=1761408288.087]
        [request_id=iad1::r9mrn-1761408288039-8c9ed4c2c6d6]'
  recorded_at: Sat, 25 Oct 2025 16:04:48 GMT
- request:
    method: post
    uri: https://www.braintrust.dev/api/apikey/login
    body:
      encoding: UTF-8
      string: ''
    headers:
      Accept-Encoding:
      - gzip;q=1.0,deflate;q=0.6,identity;q=0.3
      Accept:
      - "*/*"
      User-Agent:
      - Ruby
      Host:
      - www.braintrust.dev
      Authorization:
      - Bearer test-key
  response:
    status:
      code: 401
      message: Unauthorized
    headers:
      Access-Control-Allow-Credentials:
      - 'true'
      Access-Control-Allow-Headers:
      - X-CSRF-Token, X-Requested-With, Accept, Accept-Version, Content-Length, Content-MD5,
        Content-Type, Date, X-Api-Version
      Access-Control-Allow-Methods:
      - GET,OPTIONS,PATCH,DELETE,POST,PUT
      Access-Control-Allow-Origin:
      - "*"
      Cache-Control:
      - public, max-age=0, must-revalidate
      Content-Length:
      - '193'
      Content-Security-Policy:
      - 'script-src ''self'' ''unsafe-eval'' ''wasm-unsafe-eval'' ''strict-dynamic''
        ''nonce-NzkyNjk3MGItZWM2ZC00NjNiLTllYzQtZjViNjhiYzVlODJh''  *.js.stripe.com
        js.stripe.com maps.googleapis.com ; style-src ''self'' ''unsafe-inline'' *.braintrust.dev
        btcm6qilbbhv4yi1.public.blob.vercel-storage.com fonts.googleapis.com www.gstatic.com;
        font-src ''self'' data: fonts.gstatic.com btcm6qilbbhv4yi1.public.blob.vercel-storage.com;
        object-src ''none''; base-uri ''self''; form-action ''self''; frame-ancestors
        ''self''; worker-src ''self'' blob:; report-uri https://o4507221741076480.ingest.us.sentry.io/api/4507221754380288/security/?sentry_key=27fa5ac907cf7c6ce4a1ab2a03f805b4&sentry_environment=production&sentry_release=14;
        report-to csp-endpoint-0'
      Content-Type:
      - text/plain; charset=utf-8
      Date:
      - Sat, 25 Oct 2025 16:04:48 GMT
      Etag:
      - '"f4y1nsee3l5d"'
      Reporting-Endpoints:
      - csp-endpoint-0="https://o4507221741076480.ingest.us.sentry.io/api/4507221754380288/security/?sentry_key=27fa5ac907cf7c6ce4a1ab2a03f805b4&sentry_environment=production&sentry_release=14"
      Server:
      - Vercel
      Strict-Transport-Security:
      - max-age=63072000
      X-Clerk-Auth-Message:
      - Invalid JWT form. A JWT consists of three parts separated by dots. (reason=token-invalid,
        token-carrier=header)
      X-Clerk-Auth-Reason:
      - token-invalid
      X-Clerk-Auth-Status:
      - signed-out
      X-Content-Type-Options:
      - nosniff
      X-Frame-Options:
      - SAMEORIGIN
      X-Matched-Path:
      - "/api/apikey/login"
      X-Nonce:
      - NzkyNjk3MGItZWM2ZC00NjNiLTllYzQtZjViNjhiYzVlODJh
      X-Vercel-Cache:
      - MISS
      X-Vercel-Id:
      - iad1::iad1::xgdhs-1761408288069-6f5bd4a9a29b
    body:
      encoding: UTF-8
      string: 'Failed to validate Cognito JWT: Error: JWT string does not consist
        of exactly 3 parts (header, payload, signature) [timestamp=1761408288.101]
        [request_id=iad1::xgdhs-1761408288069-6f5bd4a9a29b]'
  recorded_at: Sat, 25 Oct 2025 16:04:48 GMT
- request:
    method: post
    uri: https://www.braintrust.dev/api/apikey/login
    body:
      encoding: UTF-8
      string: ''
    headers:
      Accept-Encoding:
      - gzip;q=1.0,deflate;q=0.6,identity;q=0.3
      Accept:
      - "*/*"
      User-Agent:
      - Ruby
      Host:
      - www.braintrust.dev
      Authorization:
      - Bearer test-key
  response:
    status:
      code: 401
      message: Unauthorized
    headers:
      Access-Control-Allow-Credentials:
      - 'true'
      Access-Control-Allow-Headers:
      - X-CSRF-Token, X-Requested-With, Accept, Accept-Version, Content-Length, Content-MD5,
        Content-Type, Date, X-Api-Version
      Access-Control-Allow-Methods:
      - GET,OPTIONS,PATCH,DELETE,POST,PUT
      Access-Control-Allow-Origin:
      - "*"
      Cache-Control:
      - public, max-age=0, must-revalidate
      Content-Length:
      - '193'
      Content-Security-Policy:
      - 'script-src ''self'' ''unsafe-eval'' ''wasm-unsafe-eval'' ''strict-dynamic''
        ''nonce-YzU0MjI0ZWQtNWZmYy00YTI3LTk3MmItODIxMDYyZDEzYTdj''  *.js.stripe.com
        js.stripe.com maps.googleapis.com ; style-src ''self'' ''unsafe-inline'' *.braintrust.dev
        btcm6qilbbhv4yi1.public.blob.vercel-storage.com fonts.googleapis.com www.gstatic.com;
        font-src ''self'' data: fonts.gstatic.com btcm6qilbbhv4yi1.public.blob.vercel-storage.com;
        object-src ''none''; base-uri ''self''; form-action ''self''; frame-ancestors
        ''self''; worker-src ''self'' blob:; report-uri https://o4507221741076480.ingest.us.sentry.io/api/4507221754380288/security/?sentry_key=27fa5ac907cf7c6ce4a1ab2a03f805b4&sentry_environment=production&sentry_release=14;
        report-to csp-endpoint-0'
      Content-Type:
      - text/plain; charset=utf-8
      Date:
      - Sat, 25 Oct 2025 16:04:48 GMT
      Etag:
      - '"kvhhydb9m85d"'
      Reporting-Endpoints:
      - csp-endpoint-0="https://o4507221741076480.ingest.us.sentry.io/api/4507221754380288/security/?sentry_key=27fa5ac907cf7c6ce4a1ab2a03f805b4&sentry_environment=production&sentry_release=14"
      Server:
      - Vercel
      Strict-Transport-Security:
      - max-age=63072000
      X-Clerk-Auth-Message:
      - Invalid JWT form. A JWT consists of three parts separated by dots. (reason=token-invalid,
        token-carrier=header)
      X-Clerk-Auth-Reason:
      - token-invalid
      X-Clerk-Auth-Status:
      - signed-out
      X-Content-Type-Options:
      - nosniff
      X-Frame-Options:
      - SAMEORIGIN
      X-Matched-Path:
      - "/api/apikey/login"
      X-Nonce:
      - YzU0MjI0ZWQtNWZmYy00YTI3LTk3MmItODIxMDYyZDEzYTdj
      X-Vercel-Cache:
      - MISS
      X-Vercel-Id:
      - iad1::iad1::pmdn8-1761408288091-0d74206708e2
    body:
      encoding: UTF-8
      string: 'Failed to validate Cognito JWT: Error: JWT string does not consist
        of exactly 3 parts (header, payload, signature) [timestamp=1761408288.138]
        [request_id=iad1::pmdn8-1761408288091-0d74206708e2]'
  recorded_at: Sat, 25 Oct 2025 16:04:48 GMT
- request:
    method: post
    uri: https://www.braintrust.dev/api/apikey/login
    body:
      encoding: UTF-8
      string: ''
    headers:
      Accept-Encoding:
      - gzip;q=1.0,deflate;q=0.6,identity;q=0.3
      Accept:
      - "*/*"
      User-Agent:
      - Ruby
      Host:
      - www.braintrust.dev
      Authorization:
      - Bearer explicit-key
  response:
    status:
      code: 401
      message: Unauthorized
    headers:
      Access-Control-Allow-Credentials:
      - 'true'
      Access-Control-Allow-Headers:
      - X-CSRF-Token, X-Requested-With, Accept, Accept-Version, Content-Length, Content-MD5,
        Content-Type, Date, X-Api-Version
      Access-Control-Allow-Methods:
      - GET,OPTIONS,PATCH,DELETE,POST,PUT
      Access-Control-Allow-Origin:
      - "*"
      Cache-Control:
      - public, max-age=0, must-revalidate
      Content-Length:
      - '193'
      Content-Security-Policy:
      - 'script-src ''self'' ''unsafe-eval'' ''wasm-unsafe-eval'' ''strict-dynamic''
        ''nonce-MmY3YTc5NmUtZThjZi00Y2EyLWJkNDEtY2VjYTE2N2NhN2E1''  *.js.stripe.com
        js.stripe.com maps.googleapis.com ; style-src ''self'' ''unsafe-inline'' *.braintrust.dev
        btcm6qilbbhv4yi1.public.blob.vercel-storage.com fonts.googleapis.com www.gstatic.com;
        font-src ''self'' data: fonts.gstatic.com btcm6qilbbhv4yi1.public.blob.vercel-storage.com;
        object-src ''none''; base-uri ''self''; form-action ''self''; frame-ancestors
        ''self''; worker-src ''self'' blob:; report-uri https://o4507221741076480.ingest.us.sentry.io/api/4507221754380288/security/?sentry_key=27fa5ac907cf7c6ce4a1ab2a03f805b4&sentry_environment=production&sentry_release=14;
        report-to csp-endpoint-0'
      Content-Type:
      - text/plain; charset=utf-8
      Date:
      - Sat, 25 Oct 2025 16:04:48 GMT
      Etag:
      - '"q30c7j4ve95d"'
      Reporting-Endpoints:
      - csp-endpoint-0="https://o4507221741076480.ingest.us.sentry.io/api/4507221754380288/security/?sentry_key=27fa5ac907cf7c6ce4a1ab2a03f805b4&sentry_environment=production&sentry_release=14"
      Server:
      - Vercel
      Strict-Transport-Security:
      - max-age=63072000
      X-Clerk-Auth-Message:
      - Invalid JWT form. A JWT consists of three parts separated by dots. (reason=token-invalid,
        token-carrier=header)
      X-Clerk-Auth-Reason:
      - token-invalid
      X-Clerk-Auth-Status:
      - signed-out
      X-Content-Type-Options:
      - nosniff
      X-Frame-Options:
      - SAMEORIGIN
      X-Matched-Path:
      - "/api/apikey/login"
      X-Nonce:
      - MmY3YTc5NmUtZThjZi00Y2EyLWJkNDEtY2VjYTE2N2NhN2E1
      X-Vercel-Cache:
      - MISS
      X-Vercel-Id:
      - iad1::iad1::hnfcv-1761408288132-1f4ed914d8fc
    body:
      encoding: UTF-8
      string: 'Failed to validate Cognito JWT: Error: JWT string does not consist
        of exactly 3 parts (header, payload, signature) [timestamp=1761408288.188]
        [request_id=iad1::hnfcv-1761408288132-1f4ed914d8fc]'
  recorded_at: Sat, 25 Oct 2025 16:04:48 GMT
- request:
    method: post
    uri: https://www.braintrust.dev/api/apikey/login
    body:
      encoding: UTF-8
      string: ''
    headers:
      Accept-Encoding:
      - gzip;q=1.0,deflate;q=0.6,identity;q=0.3
      Accept:
      - "*/*"
      User-Agent:
      - Ruby
      Host:
      - www.braintrust.dev
      Authorization:
      - Bearer test-key
  response:
    status:
      code: 401
      message: Unauthorized
    headers:
      Access-Control-Allow-Credentials:
      - 'true'
      Access-Control-Allow-Headers:
      - X-CSRF-Token, X-Requested-With, Accept, Accept-Version, Content-Length, Content-MD5,
        Content-Type, Date, X-Api-Version
      Access-Control-Allow-Methods:
      - GET,OPTIONS,PATCH,DELETE,POST,PUT
      Access-Control-Allow-Origin:
      - "*"
      Cache-Control:
      - public, max-age=0, must-revalidate
      Content-Length:
      - '193'
      Content-Security-Policy:
      - 'script-src ''self'' ''unsafe-eval'' ''wasm-unsafe-eval'' ''strict-dynamic''
        ''nonce-ZTFhNjNkMmYtOWE3My00MGFlLTljMGItODBlMDY0OWEwMWJi''  *.js.stripe.com
        js.stripe.com maps.googleapis.com ; style-src ''self'' ''unsafe-inline'' *.braintrust.dev
        btcm6qilbbhv4yi1.public.blob.vercel-storage.com fonts.googleapis.com www.gstatic.com;
        font-src ''self'' data: fonts.gstatic.com btcm6qilbbhv4yi1.public.blob.vercel-storage.com;
        object-src ''none''; base-uri ''self''; form-action ''self''; frame-ancestors
        ''self''; worker-src ''self'' blob:; report-uri https://o4507221741076480.ingest.us.sentry.io/api/4507221754380288/security/?sentry_key=27fa5ac907cf7c6ce4a1ab2a03f805b4&sentry_environment=production&sentry_release=14;
        report-to csp-endpoint-0'
      Content-Type:
      - text/plain; charset=utf-8
      Date:
      - Sat, 25 Oct 2025 16:04:48 GMT
      Etag:
      - '"c3b4qxsbqr5d"'
      Reporting-Endpoints:
      - csp-endpoint-0="https://o4507221741076480.ingest.us.sentry.io/api/4507221754380288/security/?sentry_key=27fa5ac907cf7c6ce4a1ab2a03f805b4&sentry_environment=production&sentry_release=14"
      Server:
      - Vercel
      Strict-Transport-Security:
      - max-age=63072000
      X-Clerk-Auth-Message:
      - Invalid JWT form. A JWT consists of three parts separated by dots. (reason=token-invalid,
        token-carrier=header)
      X-Clerk-Auth-Reason:
      - token-invalid
      X-Clerk-Auth-Status:
      - signed-out
      X-Content-Type-Options:
      - nosniff
      X-Frame-Options:
      - SAMEORIGIN
      X-Matched-Path:
      - "/api/apikey/login"
      X-Nonce:
      - ZTFhNjNkMmYtOWE3My00MGFlLTljMGItODBlMDY0OWEwMWJi
      X-Vercel-Cache:
      - MISS
      X-Vercel-Id:
      - iad1::iad1::9nx8s-1761408288117-a704cb3ea00c
    body:
      encoding: UTF-8
      string: 'Failed to validate Cognito JWT: Error: JWT string does not consist
        of exactly 3 parts (header, payload, signature) [timestamp=1761408288.163]
        [request_id=iad1::9nx8s-1761408288117-a704cb3ea00c]'
  recorded_at: Sat, 25 Oct 2025 16:04:48 GMT
- request:
    method: post
    uri: https://www.braintrust.dev/api/apikey/login
    body:
      encoding: UTF-8
      string: ''
    headers:
      Accept-Encoding:
      - gzip;q=1.0,deflate;q=0.6,identity;q=0.3
      Accept:
      - "*/*"
      User-Agent:
      - Ruby
      Host:
      - www.braintrust.dev
      Authorization:
      - Bearer test-key
  response:
    status:
      code: 401
      message: Unauthorized
    headers:
      Access-Control-Allow-Credentials:
      - 'true'
      Access-Control-Allow-Headers:
      - X-CSRF-Token, X-Requested-With, Accept, Accept-Version, Content-Length, Content-MD5,
        Content-Type, Date, X-Api-Version
      Access-Control-Allow-Methods:
      - GET,OPTIONS,PATCH,DELETE,POST,PUT
      Access-Control-Allow-Origin:
      - "*"
      Cache-Control:
      - public, max-age=0, must-revalidate
      Content-Length:
      - '193'
      Content-Security-Policy:
      - 'script-src ''self'' ''unsafe-eval'' ''wasm-unsafe-eval'' ''strict-dynamic''
        ''nonce-ZTc5MjE4NDQtMjgwYS00MzQ3LWJmNWYtYWU4Yjg3ZGUwMTBl''  *.js.stripe.com
        js.stripe.com maps.googleapis.com ; style-src ''self'' ''unsafe-inline'' *.braintrust.dev
        btcm6qilbbhv4yi1.public.blob.vercel-storage.com fonts.googleapis.com www.gstatic.com;
        font-src ''self'' data: fonts.gstatic.com btcm6qilbbhv4yi1.public.blob.vercel-storage.com;
        object-src ''none''; base-uri ''self''; form-action ''self''; frame-ancestors
        ''self''; worker-src ''self'' blob:; report-uri https://o4507221741076480.ingest.us.sentry.io/api/4507221754380288/security/?sentry_key=27fa5ac907cf7c6ce4a1ab2a03f805b4&sentry_environment=production&sentry_release=14;
        report-to csp-endpoint-0'
      Content-Type:
      - text/plain; charset=utf-8
      Date:
      - Sat, 25 Oct 2025 16:04:48 GMT
      Etag:
      - '"pebjq6994q5d"'
      Reporting-Endpoints:
      - csp-endpoint-0="https://o4507221741076480.ingest.us.sentry.io/api/4507221754380288/security/?sentry_key=27fa5ac907cf7c6ce4a1ab2a03f805b4&sentry_environment=production&sentry_release=14"
      Server:
      - Vercel
      Strict-Transport-Security:
      - max-age=63072000
      X-Clerk-Auth-Message:
      - Invalid JWT form. A JWT consists of three parts separated by dots. (reason=token-invalid,
        token-carrier=header)
      X-Clerk-Auth-Reason:
      - token-invalid
      X-Clerk-Auth-Status:
      - signed-out
      X-Content-Type-Options:
      - nosniff
      X-Frame-Options:
      - SAMEORIGIN
      X-Matched-Path:
      - "/api/apikey/login"
      X-Nonce:
      - ZTc5MjE4NDQtMjgwYS00MzQ3LWJmNWYtYWU4Yjg3ZGUwMTBl
      X-Vercel-Cache:
      - MISS
      X-Vercel-Id:
      - iad1::iad1::czkdx-1761408288138-f9b59a8454e9
    body:
      encoding: UTF-8
      string: 'Failed to validate Cognito JWT: Error: JWT string does not consist
        of exactly 3 parts (header, payload, signature) [timestamp=1761408288.187]
        [request_id=iad1::czkdx-1761408288138-f9b59a8454e9]'
  recorded_at: Sat, 25 Oct 2025 16:04:48 GMT
- request:
    method: post
    uri: https://www.braintrust.dev/api/apikey/login
    body:
      encoding: UTF-8
      string: ''
    headers:
      Accept-Encoding:
      - gzip;q=1.0,deflate;q=0.6,identity;q=0.3
      Accept:
      - "*/*"
      User-Agent:
      - Ruby
      Host:
      - www.braintrust.dev
      Authorization:
      - Bearer test-key
  response:
    status:
      code: 401
      message: Unauthorized
    headers:
      Access-Control-Allow-Credentials:
      - 'true'
      Access-Control-Allow-Headers:
      - X-CSRF-Token, X-Requested-With, Accept, Accept-Version, Content-Length, Content-MD5,
        Content-Type, Date, X-Api-Version
      Access-Control-Allow-Methods:
      - GET,OPTIONS,PATCH,DELETE,POST,PUT
      Access-Control-Allow-Origin:
      - "*"
      Cache-Control:
      - public, max-age=0, must-revalidate
      Content-Length:
      - '193'
      Content-Security-Policy:
      - 'script-src ''self'' ''unsafe-eval'' ''wasm-unsafe-eval'' ''strict-dynamic''
        ''nonce-YTY5NDU0YzYtMjY1ZC00M2FlLTlhZWYtY2M4OGY1ZmU1NWIz''  *.js.stripe.com
        js.stripe.com maps.googleapis.com ; style-src ''self'' ''unsafe-inline'' *.braintrust.dev
        btcm6qilbbhv4yi1.public.blob.vercel-storage.com fonts.googleapis.com www.gstatic.com;
        font-src ''self'' data: fonts.gstatic.com btcm6qilbbhv4yi1.public.blob.vercel-storage.com;
        object-src ''none''; base-uri ''self''; form-action ''self''; frame-ancestors
        ''self''; worker-src ''self'' blob:; report-uri https://o4507221741076480.ingest.us.sentry.io/api/4507221754380288/security/?sentry_key=27fa5ac907cf7c6ce4a1ab2a03f805b4&sentry_environment=production&sentry_release=14;
        report-to csp-endpoint-0'
      Content-Type:
      - text/plain; charset=utf-8
      Date:
      - Sat, 25 Oct 2025 16:04:48 GMT
      Etag:
      - '"zojxgzv8eg5d"'
      Reporting-Endpoints:
      - csp-endpoint-0="https://o4507221741076480.ingest.us.sentry.io/api/4507221754380288/security/?sentry_key=27fa5ac907cf7c6ce4a1ab2a03f805b4&sentry_environment=production&sentry_release=14"
      Server:
      - Vercel
      Strict-Transport-Security:
      - max-age=63072000
      X-Clerk-Auth-Message:
      - Invalid JWT form. A JWT consists of three parts separated by dots. (reason=token-invalid,
        token-carrier=header)
      X-Clerk-Auth-Reason:
      - token-invalid
      X-Clerk-Auth-Status:
      - signed-out
      X-Content-Type-Options:
      - nosniff
      X-Frame-Options:
      - SAMEORIGIN
      X-Matched-Path:
      - "/api/apikey/login"
      X-Nonce:
      - YTY5NDU0YzYtMjY1ZC00M2FlLTlhZWYtY2M4OGY1ZmU1NWIz
      X-Vercel-Cache:
      - MISS
      X-Vercel-Id:
      - iad1::iad1::tls4h-1761408288154-5c729e159958
    body:
      encoding: UTF-8
      string: 'Failed to validate Cognito JWT: Error: JWT string does not consist
        of exactly 3 parts (header, payload, signature) [timestamp=1761408288.199]
        [request_id=iad1::tls4h-1761408288154-5c729e159958]'
  recorded_at: Sat, 25 Oct 2025 16:04:48 GMT
- request:
    method: post
    uri: https://www.braintrust.dev/api/apikey/login
    body:
      encoding: UTF-8
      string: ''
    headers:
      Accept-Encoding:
      - gzip;q=1.0,deflate;q=0.6,identity;q=0.3
      Accept:
      - "*/*"
      User-Agent:
      - Ruby
      Host:
      - www.braintrust.dev
      Authorization:
      - Bearer test-key
  response:
    status:
      code: 401
      message: Unauthorized
    headers:
      Access-Control-Allow-Credentials:
      - 'true'
      Access-Control-Allow-Headers:
      - X-CSRF-Token, X-Requested-With, Accept, Accept-Version, Content-Length, Content-MD5,
        Content-Type, Date, X-Api-Version
      Access-Control-Allow-Methods:
      - GET,OPTIONS,PATCH,DELETE,POST,PUT
      Access-Control-Allow-Origin:
      - "*"
      Cache-Control:
      - public, max-age=0, must-revalidate
      Content-Length:
      - '193'
      Content-Security-Policy:
      - 'script-src ''self'' ''unsafe-eval'' ''wasm-unsafe-eval'' ''strict-dynamic''
        ''nonce-NTA1ZGM3MmItOTMwNS00MzhmLTk4M2MtMzU4ZmZlMzlhOThh''  *.js.stripe.com
        js.stripe.com maps.googleapis.com ; style-src ''self'' ''unsafe-inline'' *.braintrust.dev
        btcm6qilbbhv4yi1.public.blob.vercel-storage.com fonts.googleapis.com www.gstatic.com;
        font-src ''self'' data: fonts.gstatic.com btcm6qilbbhv4yi1.public.blob.vercel-storage.com;
        object-src ''none''; base-uri ''self''; form-action ''self''; frame-ancestors
        ''self''; worker-src ''self'' blob:; report-uri https://o4507221741076480.ingest.us.sentry.io/api/4507221754380288/security/?sentry_key=27fa5ac907cf7c6ce4a1ab2a03f805b4&sentry_environment=production&sentry_release=14;
        report-to csp-endpoint-0'
      Content-Type:
      - text/plain; charset=utf-8
      Date:
      - Sat, 25 Oct 2025 16:04:48 GMT
      Etag:
      - '"dftxwijlza5d"'
      Reporting-Endpoints:
      - csp-endpoint-0="https://o4507221741076480.ingest.us.sentry.io/api/4507221754380288/security/?sentry_key=27fa5ac907cf7c6ce4a1ab2a03f805b4&sentry_environment=production&sentry_release=14"
      Server:
      - Vercel
      Strict-Transport-Security:
      - max-age=63072000
      X-Clerk-Auth-Message:
      - Invalid JWT form. A JWT consists of three parts separated by dots. (reason=token-invalid,
        token-carrier=header)
      X-Clerk-Auth-Reason:
      - token-invalid
      X-Clerk-Auth-Status:
      - signed-out
      X-Content-Type-Options:
      - nosniff
      X-Frame-Options:
      - SAMEORIGIN
      X-Matched-Path:
      - "/api/apikey/login"
      X-Nonce:
      - NTA1ZGM3MmItOTMwNS00MzhmLTk4M2MtMzU4ZmZlMzlhOThh
      X-Vercel-Cache:
      - MISS
      X-Vercel-Id:
      - iad1::iad1::cr982-1761408288097-316d54545f6d
    body:
      encoding: UTF-8
      string: 'Failed to validate Cognito JWT: Error: JWT string does not consist
        of exactly 3 parts (header, payload, signature) [timestamp=1761408288.202]
        [request_id=iad1::cr982-1761408288097-316d54545f6d]'
  recorded_at: Sat, 25 Oct 2025 16:04:48 GMT
- request:
    method: post
    uri: https://www.braintrust.dev/api/apikey/login
    body:
      encoding: UTF-8
      string: ''
    headers:
      Accept-Encoding:
      - gzip;q=1.0,deflate;q=0.6,identity;q=0.3
      Accept:
      - "*/*"
      User-Agent:
      - Ruby
      Host:
      - www.braintrust.dev
      Authorization:
      - Bearer test-key
  response:
    status:
      code: 401
      message: Unauthorized
    headers:
      Access-Control-Allow-Credentials:
      - 'true'
      Access-Control-Allow-Headers:
      - X-CSRF-Token, X-Requested-With, Accept, Accept-Version, Content-Length, Content-MD5,
        Content-Type, Date, X-Api-Version
      Access-Control-Allow-Methods:
      - GET,OPTIONS,PATCH,DELETE,POST,PUT
      Access-Control-Allow-Origin:
      - "*"
      Cache-Control:
      - public, max-age=0, must-revalidate
      Content-Length:
      - '193'
      Content-Security-Policy:
      - 'script-src ''self'' ''unsafe-eval'' ''wasm-unsafe-eval'' ''strict-dynamic''
        ''nonce-Mzc0ZWExZjgtODQ5MC00ZGEyLTg5NDgtYzdmY2NlZDYzYmVk''  *.js.stripe.com
        js.stripe.com maps.googleapis.com ; style-src ''self'' ''unsafe-inline'' *.braintrust.dev
        btcm6qilbbhv4yi1.public.blob.vercel-storage.com fonts.googleapis.com www.gstatic.com;
        font-src ''self'' data: fonts.gstatic.com btcm6qilbbhv4yi1.public.blob.vercel-storage.com;
        object-src ''none''; base-uri ''self''; form-action ''self''; frame-ancestors
        ''self''; worker-src ''self'' blob:; report-uri https://o4507221741076480.ingest.us.sentry.io/api/4507221754380288/security/?sentry_key=27fa5ac907cf7c6ce4a1ab2a03f805b4&sentry_environment=production&sentry_release=14;
        report-to csp-endpoint-0'
      Content-Type:
      - text/plain; charset=utf-8
      Date:
      - Sat, 25 Oct 2025 16:04:48 GMT
      Etag:
      - '"tzld9j4v9w5d"'
      Reporting-Endpoints:
      - csp-endpoint-0="https://o4507221741076480.ingest.us.sentry.io/api/4507221754380288/security/?sentry_key=27fa5ac907cf7c6ce4a1ab2a03f805b4&sentry_environment=production&sentry_release=14"
      Server:
      - Vercel
      Strict-Transport-Security:
      - max-age=63072000
      X-Clerk-Auth-Message:
      - Invalid JWT form. A JWT consists of three parts separated by dots. (reason=token-invalid,
        token-carrier=header)
      X-Clerk-Auth-Reason:
      - token-invalid
      X-Clerk-Auth-Status:
      - signed-out
      X-Content-Type-Options:
      - nosniff
      X-Frame-Options:
      - SAMEORIGIN
      X-Matched-Path:
      - "/api/apikey/login"
      X-Nonce:
      - Mzc0ZWExZjgtODQ5MC00ZGEyLTg5NDgtYzdmY2NlZDYzYmVk
      X-Vercel-Cache:
      - MISS
      X-Vercel-Id:
      - iad1::iad1::9wdm8-1761408288316-04cf248c4890
    body:
      encoding: UTF-8
      string: 'Failed to validate Cognito JWT: Error: JWT string does not consist
        of exactly 3 parts (header, payload, signature) [timestamp=1761408288.348]
        [request_id=iad1::9wdm8-1761408288316-04cf248c4890]'
  recorded_at: Sat, 25 Oct 2025 16:04:48 GMT
- request:
    method: post
    uri: https://www.braintrust.dev/api/apikey/login
    body:
      encoding: UTF-8
      string: ''
    headers:
      Accept-Encoding:
      - gzip;q=1.0,deflate;q=0.6,identity;q=0.3
      Accept:
      - "*/*"
      User-Agent:
      - Ruby
      Host:
      - www.braintrust.dev
      Authorization:
      - Bearer test-key
  response:
    status:
      code: 401
      message: Unauthorized
    headers:
      Access-Control-Allow-Credentials:
      - 'true'
      Access-Control-Allow-Headers:
      - X-CSRF-Token, X-Requested-With, Accept, Accept-Version, Content-Length, Content-MD5,
        Content-Type, Date, X-Api-Version
      Access-Control-Allow-Methods:
      - GET,OPTIONS,PATCH,DELETE,POST,PUT
      Access-Control-Allow-Origin:
      - "*"
      Cache-Control:
      - public, max-age=0, must-revalidate
      Content-Length:
      - '193'
      Content-Security-Policy:
      - 'script-src ''self'' ''unsafe-eval'' ''wasm-unsafe-eval'' ''strict-dynamic''
        ''nonce-OWUyYTdjYTUtODA0MS00NGJmLWI5NjktNWJlZDg5MTU0YjBh''  *.js.stripe.com
        js.stripe.com maps.googleapis.com ; style-src ''self'' ''unsafe-inline'' *.braintrust.dev
        btcm6qilbbhv4yi1.public.blob.vercel-storage.com fonts.googleapis.com www.gstatic.com;
        font-src ''self'' data: fonts.gstatic.com btcm6qilbbhv4yi1.public.blob.vercel-storage.com;
        object-src ''none''; base-uri ''self''; form-action ''self''; frame-ancestors
        ''self''; worker-src ''self'' blob:; report-uri https://o4507221741076480.ingest.us.sentry.io/api/4507221754380288/security/?sentry_key=27fa5ac907cf7c6ce4a1ab2a03f805b4&sentry_environment=production&sentry_release=14;
        report-to csp-endpoint-0'
      Content-Type:
      - text/plain; charset=utf-8
      Date:
      - Sat, 25 Oct 2025 16:04:48 GMT
      Etag:
      - '"d39wy7z1gu5d"'
      Reporting-Endpoints:
      - csp-endpoint-0="https://o4507221741076480.ingest.us.sentry.io/api/4507221754380288/security/?sentry_key=27fa5ac907cf7c6ce4a1ab2a03f805b4&sentry_environment=production&sentry_release=14"
      Server:
      - Vercel
      Strict-Transport-Security:
      - max-age=63072000
      X-Clerk-Auth-Message:
      - Invalid JWT form. A JWT consists of three parts separated by dots. (reason=token-invalid,
        token-carrier=header)
      X-Clerk-Auth-Reason:
      - token-invalid
      X-Clerk-Auth-Status:
      - signed-out
      X-Content-Type-Options:
      - nosniff
      X-Frame-Options:
      - SAMEORIGIN
      X-Matched-Path:
      - "/api/apikey/login"
      X-Nonce:
      - OWUyYTdjYTUtODA0MS00NGJmLWI5NjktNWJlZDg5MTU0YjBh
      X-Vercel-Cache:
      - MISS
      X-Vercel-Id:
      - iad1::iad1::wjknd-1761408288517-122a2590cc33
    body:
      encoding: UTF-8
      string: 'Failed to validate Cognito JWT: Error: JWT string does not consist
        of exactly 3 parts (header, payload, signature) [timestamp=1761408288.554]
        [request_id=iad1::wjknd-1761408288517-122a2590cc33]'
  recorded_at: Sat, 25 Oct 2025 16:04:48 GMT
- request:
    method: post
    uri: https://www.braintrust.dev/api/apikey/login
    body:
      encoding: UTF-8
      string: ''
    headers:
      Accept-Encoding:
      - gzip;q=1.0,deflate;q=0.6,identity;q=0.3
      Accept:
      - "*/*"
      User-Agent:
      - Ruby
      Host:
      - www.braintrust.dev
      Authorization:
      - Bearer test-key
  response:
    status:
      code: 401
      message: Unauthorized
    headers:
      Access-Control-Allow-Credentials:
      - 'true'
      Access-Control-Allow-Headers:
      - X-CSRF-Token, X-Requested-With, Accept, Accept-Version, Content-Length, Content-MD5,
        Content-Type, Date, X-Api-Version
      Access-Control-Allow-Methods:
      - GET,OPTIONS,PATCH,DELETE,POST,PUT
      Access-Control-Allow-Origin:
      - "*"
      Cache-Control:
      - public, max-age=0, must-revalidate
      Content-Length:
      - '193'
      Content-Security-Policy:
      - 'script-src ''self'' ''unsafe-eval'' ''wasm-unsafe-eval'' ''strict-dynamic''
        ''nonce-OWY3OWQ0NDgtYzAxMi00MTRlLTk1MDEtZThhNjA3ODViYmI3''  *.js.stripe.com
        js.stripe.com maps.googleapis.com ; style-src ''self'' ''unsafe-inline'' *.braintrust.dev
        btcm6qilbbhv4yi1.public.blob.vercel-storage.com fonts.googleapis.com www.gstatic.com;
        font-src ''self'' data: fonts.gstatic.com btcm6qilbbhv4yi1.public.blob.vercel-storage.com;
        object-src ''none''; base-uri ''self''; form-action ''self''; frame-ancestors
        ''self''; worker-src ''self'' blob:; report-uri https://o4507221741076480.ingest.us.sentry.io/api/4507221754380288/security/?sentry_key=27fa5ac907cf7c6ce4a1ab2a03f805b4&sentry_environment=production&sentry_release=14;
        report-to csp-endpoint-0'
      Content-Type:
      - text/plain; charset=utf-8
      Date:
      - Sat, 25 Oct 2025 16:04:48 GMT
      Etag:
      - '"wnm4j49gin5d"'
      Reporting-Endpoints:
      - csp-endpoint-0="https://o4507221741076480.ingest.us.sentry.io/api/4507221754380288/security/?sentry_key=27fa5ac907cf7c6ce4a1ab2a03f805b4&sentry_environment=production&sentry_release=14"
      Server:
      - Vercel
      Strict-Transport-Security:
      - max-age=63072000
      X-Clerk-Auth-Message:
      - Invalid JWT form. A JWT consists of three parts separated by dots. (reason=token-invalid,
        token-carrier=header)
      X-Clerk-Auth-Reason:
      - token-invalid
      X-Clerk-Auth-Status:
      - signed-out
      X-Content-Type-Options:
      - nosniff
      X-Frame-Options:
      - SAMEORIGIN
      X-Matched-Path:
      - "/api/apikey/login"
      X-Nonce:
      - OWY3OWQ0NDgtYzAxMi00MTRlLTk1MDEtZThhNjA3ODViYmI3
      X-Vercel-Cache:
      - MISS
      X-Vercel-Id:
      - iad1::iad1::f4dsm-1761408288484-f175b866e4e6
    body:
      encoding: UTF-8
      string: 'Failed to validate Cognito JWT: Error: JWT string does not consist
        of exactly 3 parts (header, payload, signature) [timestamp=1761408288.524]
        [request_id=iad1::f4dsm-1761408288484-f175b866e4e6]'
  recorded_at: Sat, 25 Oct 2025 16:04:48 GMT
- request:
    method: post
    uri: https://www.braintrust.dev/api/apikey/login
    body:
      encoding: UTF-8
      string: ''
    headers:
      Accept-Encoding:
      - gzip;q=1.0,deflate;q=0.6,identity;q=0.3
      Accept:
      - "*/*"
      User-Agent:
      - Ruby
      Host:
      - www.braintrust.dev
      Authorization:
      - Bearer test-key
  response:
    status:
      code: 401
      message: Unauthorized
    headers:
      Access-Control-Allow-Credentials:
      - 'true'
      Access-Control-Allow-Headers:
      - X-CSRF-Token, X-Requested-With, Accept, Accept-Version, Content-Length, Content-MD5,
        Content-Type, Date, X-Api-Version
      Access-Control-Allow-Methods:
      - GET,OPTIONS,PATCH,DELETE,POST,PUT
      Access-Control-Allow-Origin:
      - "*"
      Cache-Control:
      - public, max-age=0, must-revalidate
      Content-Length:
      - '193'
      Content-Security-Policy:
      - 'script-src ''self'' ''unsafe-eval'' ''wasm-unsafe-eval'' ''strict-dynamic''
        ''nonce-MDViNTI5NDEtMjVhOC00ZTkyLWJmMGUtMDRjMGI4ZDdkOWVj''  *.js.stripe.com
        js.stripe.com maps.googleapis.com ; style-src ''self'' ''unsafe-inline'' *.braintrust.dev
        btcm6qilbbhv4yi1.public.blob.vercel-storage.com fonts.googleapis.com www.gstatic.com;
        font-src ''self'' data: fonts.gstatic.com btcm6qilbbhv4yi1.public.blob.vercel-storage.com;
        object-src ''none''; base-uri ''self''; form-action ''self''; frame-ancestors
        ''self''; worker-src ''self'' blob:; report-uri https://o4507221741076480.ingest.us.sentry.io/api/4507221754380288/security/?sentry_key=27fa5ac907cf7c6ce4a1ab2a03f805b4&sentry_environment=production&sentry_release=14;
        report-to csp-endpoint-0'
      Content-Type:
      - text/plain; charset=utf-8
      Date:
      - Sat, 25 Oct 2025 16:04:48 GMT
      Etag:
      - '"twzf6ynj0m5d"'
      Reporting-Endpoints:
      - csp-endpoint-0="https://o4507221741076480.ingest.us.sentry.io/api/4507221754380288/security/?sentry_key=27fa5ac907cf7c6ce4a1ab2a03f805b4&sentry_environment=production&sentry_release=14"
      Server:
      - Vercel
      Strict-Transport-Security:
      - max-age=63072000
      X-Clerk-Auth-Message:
      - Invalid JWT form. A JWT consists of three parts separated by dots. (reason=token-invalid,
        token-carrier=header)
      X-Clerk-Auth-Reason:
      - token-invalid
      X-Clerk-Auth-Status:
      - signed-out
      X-Content-Type-Options:
      - nosniff
      X-Frame-Options:
      - SAMEORIGIN
      X-Matched-Path:
      - "/api/apikey/login"
      X-Nonce:
      - MDViNTI5NDEtMjVhOC00ZTkyLWJmMGUtMDRjMGI4ZDdkOWVj
      X-Vercel-Cache:
      - MISS
      X-Vercel-Id:
      - iad1::iad1::fjcqf-1761408288562-a34ad14b5c05
    body:
      encoding: UTF-8
      string: 'Failed to validate Cognito JWT: Error: JWT string does not consist
        of exactly 3 parts (header, payload, signature) [timestamp=1761408288.615]
        [request_id=iad1::fjcqf-1761408288562-a34ad14b5c05]'
  recorded_at: Sat, 25 Oct 2025 16:04:48 GMT
- request:
    method: post
    uri: https://www.braintrust.dev/api/apikey/login
    body:
      encoding: UTF-8
      string: ''
    headers:
      Accept-Encoding:
      - gzip;q=1.0,deflate;q=0.6,identity;q=0.3
      Accept:
      - "*/*"
      User-Agent:
      - Ruby
      Host:
      - www.braintrust.dev
      Authorization:
      - Bearer test-key
  response:
    status:
      code: 401
      message: Unauthorized
    headers:
      Access-Control-Allow-Credentials:
      - 'true'
      Access-Control-Allow-Headers:
      - X-CSRF-Token, X-Requested-With, Accept, Accept-Version, Content-Length, Content-MD5,
        Content-Type, Date, X-Api-Version
      Access-Control-Allow-Methods:
      - GET,OPTIONS,PATCH,DELETE,POST,PUT
      Access-Control-Allow-Origin:
      - "*"
      Cache-Control:
      - public, max-age=0, must-revalidate
      Content-Length:
      - '193'
      Content-Security-Policy:
      - 'script-src ''self'' ''unsafe-eval'' ''wasm-unsafe-eval'' ''strict-dynamic''
        ''nonce-ZTQ2NGUzNTUtY2FjYy00MGNkLThiYmItZWJlZGU3NDVmMGQ2''  *.js.stripe.com
        js.stripe.com maps.googleapis.com ; style-src ''self'' ''unsafe-inline'' *.braintrust.dev
        btcm6qilbbhv4yi1.public.blob.vercel-storage.com fonts.googleapis.com www.gstatic.com;
        font-src ''self'' data: fonts.gstatic.com btcm6qilbbhv4yi1.public.blob.vercel-storage.com;
        object-src ''none''; base-uri ''self''; form-action ''self''; frame-ancestors
        ''self''; worker-src ''self'' blob:; report-uri https://o4507221741076480.ingest.us.sentry.io/api/4507221754380288/security/?sentry_key=27fa5ac907cf7c6ce4a1ab2a03f805b4&sentry_environment=production&sentry_release=14;
        report-to csp-endpoint-0'
      Content-Type:
      - text/plain; charset=utf-8
      Date:
      - Sat, 25 Oct 2025 16:04:48 GMT
      Etag:
      - '"jh76ay1ai45d"'
      Reporting-Endpoints:
      - csp-endpoint-0="https://o4507221741076480.ingest.us.sentry.io/api/4507221754380288/security/?sentry_key=27fa5ac907cf7c6ce4a1ab2a03f805b4&sentry_environment=production&sentry_release=14"
      Server:
      - Vercel
      Strict-Transport-Security:
      - max-age=63072000
      X-Clerk-Auth-Message:
      - Invalid JWT form. A JWT consists of three parts separated by dots. (reason=token-invalid,
        token-carrier=header)
      X-Clerk-Auth-Reason:
      - token-invalid
      X-Clerk-Auth-Status:
      - signed-out
      X-Content-Type-Options:
      - nosniff
      X-Frame-Options:
      - SAMEORIGIN
      X-Matched-Path:
      - "/api/apikey/login"
      X-Nonce:
      - ZTQ2NGUzNTUtY2FjYy00MGNkLThiYmItZWJlZGU3NDVmMGQ2
      X-Vercel-Cache:
      - MISS
      X-Vercel-Id:
      - iad1::iad1::t7mcj-1761408288614-fc28fff0fd3b
    body:
      encoding: UTF-8
      string: 'Failed to validate Cognito JWT: Error: JWT string does not consist
        of exactly 3 parts (header, payload, signature) [timestamp=1761408288.652]
        [request_id=iad1::t7mcj-1761408288614-fc28fff0fd3b]'
  recorded_at: Sat, 25 Oct 2025 16:04:48 GMT
- request:
    method: post
    uri: https://www.braintrust.dev/api/apikey/login
    body:
      encoding: UTF-8
      string: ''
    headers:
      Accept-Encoding:
      - gzip;q=1.0,deflate;q=0.6,identity;q=0.3
      Accept:
      - "*/*"
      User-Agent:
      - Ruby
      Host:
      - www.braintrust.dev
      Authorization:
      - Bearer test-key
  response:
    status:
      code: 401
      message: Unauthorized
    headers:
      Access-Control-Allow-Credentials:
      - 'true'
      Access-Control-Allow-Headers:
      - X-CSRF-Token, X-Requested-With, Accept, Accept-Version, Content-Length, Content-MD5,
        Content-Type, Date, X-Api-Version
      Access-Control-Allow-Methods:
      - GET,OPTIONS,PATCH,DELETE,POST,PUT
      Access-Control-Allow-Origin:
      - "*"
      Cache-Control:
      - public, max-age=0, must-revalidate
      Content-Length:
      - '192'
      Content-Security-Policy:
      - 'script-src ''self'' ''unsafe-eval'' ''wasm-unsafe-eval'' ''strict-dynamic''
        ''nonce-OTE4NTVlMTEtZmY1OC00MDBjLWIxNTEtNmY2N2VlNmUyNTJj''  *.js.stripe.com
        js.stripe.com maps.googleapis.com ; style-src ''self'' ''unsafe-inline'' *.braintrust.dev
        btcm6qilbbhv4yi1.public.blob.vercel-storage.com fonts.googleapis.com www.gstatic.com;
        font-src ''self'' data: fonts.gstatic.com btcm6qilbbhv4yi1.public.blob.vercel-storage.com;
        object-src ''none''; base-uri ''self''; form-action ''self''; frame-ancestors
        ''self''; worker-src ''self'' blob:; report-uri https://o4507221741076480.ingest.us.sentry.io/api/4507221754380288/security/?sentry_key=27fa5ac907cf7c6ce4a1ab2a03f805b4&sentry_environment=production&sentry_release=14;
        report-to csp-endpoint-0'
      Content-Type:
      - text/plain; charset=utf-8
      Date:
      - Sat, 25 Oct 2025 16:04:48 GMT
      Etag:
      - '"e8on7yqsk85c"'
      Reporting-Endpoints:
      - csp-endpoint-0="https://o4507221741076480.ingest.us.sentry.io/api/4507221754380288/security/?sentry_key=27fa5ac907cf7c6ce4a1ab2a03f805b4&sentry_environment=production&sentry_release=14"
      Server:
      - Vercel
      Strict-Transport-Security:
      - max-age=63072000
      X-Clerk-Auth-Message:
      - Invalid JWT form. A JWT consists of three parts separated by dots. (reason=token-invalid,
        token-carrier=header)
      X-Clerk-Auth-Reason:
      - token-invalid
      X-Clerk-Auth-Status:
      - signed-out
      X-Content-Type-Options:
      - nosniff
      X-Frame-Options:
      - SAMEORIGIN
      X-Matched-Path:
      - "/api/apikey/login"
      X-Nonce:
      - OTE4NTVlMTEtZmY1OC00MDBjLWIxNTEtNmY2N2VlNmUyNTJj
      X-Vercel-Cache:
      - MISS
      X-Vercel-Id:
      - iad1::iad1::ngkqz-1761408288585-53f9561899c8
    body:
      encoding: UTF-8
      string: 'Failed to validate Cognito JWT: Error: JWT string does not consist
        of exactly 3 parts (header, payload, signature) [timestamp=1761408288.63]
        [request_id=iad1::ngkqz-1761408288585-53f9561899c8]'
  recorded_at: Sat, 25 Oct 2025 16:04:48 GMT
- request:
    method: post
    uri: https://www.braintrust.dev/api/apikey/login
    body:
      encoding: UTF-8
      string: ''
    headers:
      Accept-Encoding:
      - gzip;q=1.0,deflate;q=0.6,identity;q=0.3
      Accept:
      - "*/*"
      User-Agent:
      - Ruby
      Host:
      - www.braintrust.dev
      Authorization:
      - Bearer test-key
  response:
    status:
      code: 401
      message: Unauthorized
    headers:
      Access-Control-Allow-Credentials:
      - 'true'
      Access-Control-Allow-Headers:
      - X-CSRF-Token, X-Requested-With, Accept, Accept-Version, Content-Length, Content-MD5,
        Content-Type, Date, X-Api-Version
      Access-Control-Allow-Methods:
      - GET,OPTIONS,PATCH,DELETE,POST,PUT
      Access-Control-Allow-Origin:
      - "*"
      Cache-Control:
      - public, max-age=0, must-revalidate
      Content-Length:
      - '193'
      Content-Security-Policy:
      - 'script-src ''self'' ''unsafe-eval'' ''wasm-unsafe-eval'' ''strict-dynamic''
        ''nonce-NDZmZWE2ZDctODcwNS00ZDAxLWFmODMtODhjZjhlMmEzZWRk''  *.js.stripe.com
        js.stripe.com maps.googleapis.com ; style-src ''self'' ''unsafe-inline'' *.braintrust.dev
        btcm6qilbbhv4yi1.public.blob.vercel-storage.com fonts.googleapis.com www.gstatic.com;
        font-src ''self'' data: fonts.gstatic.com btcm6qilbbhv4yi1.public.blob.vercel-storage.com;
        object-src ''none''; base-uri ''self''; form-action ''self''; frame-ancestors
        ''self''; worker-src ''self'' blob:; report-uri https://o4507221741076480.ingest.us.sentry.io/api/4507221754380288/security/?sentry_key=27fa5ac907cf7c6ce4a1ab2a03f805b4&sentry_environment=production&sentry_release=14;
        report-to csp-endpoint-0'
      Content-Type:
      - text/plain; charset=utf-8
      Date:
      - Sat, 25 Oct 2025 16:04:48 GMT
      Etag:
      - '"x5l73oflwk5d"'
      Reporting-Endpoints:
      - csp-endpoint-0="https://o4507221741076480.ingest.us.sentry.io/api/4507221754380288/security/?sentry_key=27fa5ac907cf7c6ce4a1ab2a03f805b4&sentry_environment=production&sentry_release=14"
      Server:
      - Vercel
      Strict-Transport-Security:
      - max-age=63072000
      X-Clerk-Auth-Message:
      - Invalid JWT form. A JWT consists of three parts separated by dots. (reason=token-invalid,
        token-carrier=header)
      X-Clerk-Auth-Reason:
      - token-invalid
      X-Clerk-Auth-Status:
      - signed-out
      X-Content-Type-Options:
      - nosniff
      X-Frame-Options:
      - SAMEORIGIN
      X-Matched-Path:
      - "/api/apikey/login"
      X-Nonce:
      - NDZmZWE2ZDctODcwNS00ZDAxLWFmODMtODhjZjhlMmEzZWRk
      X-Vercel-Cache:
      - MISS
      X-Vercel-Id:
      - iad1::iad1::xtr5w-1761408288624-f0348a21194e
    body:
      encoding: UTF-8
      string: 'Failed to validate Cognito JWT: Error: JWT string does not consist
        of exactly 3 parts (header, payload, signature) [timestamp=1761408288.668]
        [request_id=iad1::xtr5w-1761408288624-f0348a21194e]'
  recorded_at: Sat, 25 Oct 2025 16:04:48 GMT
- request:
    method: post
    uri: https://www.braintrust.dev/api/apikey/login
    body:
      encoding: UTF-8
      string: ''
    headers:
      Accept-Encoding:
      - gzip;q=1.0,deflate;q=0.6,identity;q=0.3
      Accept:
      - "*/*"
      User-Agent:
      - Ruby
      Host:
      - www.braintrust.dev
      Authorization:
      - Bearer test-key
  response:
    status:
      code: 401
      message: Unauthorized
    headers:
      Access-Control-Allow-Credentials:
      - 'true'
      Access-Control-Allow-Headers:
      - X-CSRF-Token, X-Requested-With, Accept, Accept-Version, Content-Length, Content-MD5,
        Content-Type, Date, X-Api-Version
      Access-Control-Allow-Methods:
      - GET,OPTIONS,PATCH,DELETE,POST,PUT
      Access-Control-Allow-Origin:
      - "*"
      Cache-Control:
      - public, max-age=0, must-revalidate
      Content-Length:
      - '193'
      Content-Security-Policy:
      - 'script-src ''self'' ''unsafe-eval'' ''wasm-unsafe-eval'' ''strict-dynamic''
        ''nonce-ZWJjYThjNGQtNTYxZS00NDA3LWI3YmMtZmFlYTA0MDM4MzE0''  *.js.stripe.com
        js.stripe.com maps.googleapis.com ; style-src ''self'' ''unsafe-inline'' *.braintrust.dev
        btcm6qilbbhv4yi1.public.blob.vercel-storage.com fonts.googleapis.com www.gstatic.com;
        font-src ''self'' data: fonts.gstatic.com btcm6qilbbhv4yi1.public.blob.vercel-storage.com;
        object-src ''none''; base-uri ''self''; form-action ''self''; frame-ancestors
        ''self''; worker-src ''self'' blob:; report-uri https://o4507221741076480.ingest.us.sentry.io/api/4507221754380288/security/?sentry_key=27fa5ac907cf7c6ce4a1ab2a03f805b4&sentry_environment=production&sentry_release=14;
        report-to csp-endpoint-0'
      Content-Type:
      - text/plain; charset=utf-8
      Date:
      - Sat, 25 Oct 2025 16:04:48 GMT
      Etag:
      - '"n7ydqks0xv5d"'
      Reporting-Endpoints:
      - csp-endpoint-0="https://o4507221741076480.ingest.us.sentry.io/api/4507221754380288/security/?sentry_key=27fa5ac907cf7c6ce4a1ab2a03f805b4&sentry_environment=production&sentry_release=14"
      Server:
      - Vercel
      Strict-Transport-Security:
      - max-age=63072000
      X-Clerk-Auth-Message:
      - Invalid JWT form. A JWT consists of three parts separated by dots. (reason=token-invalid,
        token-carrier=header)
      X-Clerk-Auth-Reason:
      - token-invalid
      X-Clerk-Auth-Status:
      - signed-out
      X-Content-Type-Options:
      - nosniff
      X-Frame-Options:
      - SAMEORIGIN
      X-Matched-Path:
      - "/api/apikey/login"
      X-Nonce:
      - ZWJjYThjNGQtNTYxZS00NDA3LWI3YmMtZmFlYTA0MDM4MzE0
      X-Vercel-Cache:
      - MISS
      X-Vercel-Id:
      - iad1::iad1::fh8zw-1761408288624-06ebfe4b4b9e
    body:
      encoding: UTF-8
      string: 'Failed to validate Cognito JWT: Error: JWT string does not consist
        of exactly 3 parts (header, payload, signature) [timestamp=1761408288.674]
        [request_id=iad1::fh8zw-1761408288624-06ebfe4b4b9e]'
  recorded_at: Sat, 25 Oct 2025 16:04:48 GMT
- request:
    method: post
    uri: https://www.braintrust.dev/api/apikey/login
    body:
      encoding: UTF-8
      string: ''
    headers:
      Accept-Encoding:
      - gzip;q=1.0,deflate;q=0.6,identity;q=0.3
      Accept:
      - "*/*"
      User-Agent:
      - Ruby
      Host:
      - www.braintrust.dev
      Authorization:
      - Bearer explicit-key
  response:
    status:
      code: 401
      message: Unauthorized
    headers:
      Access-Control-Allow-Credentials:
      - 'true'
      Access-Control-Allow-Headers:
      - X-CSRF-Token, X-Requested-With, Accept, Accept-Version, Content-Length, Content-MD5,
        Content-Type, Date, X-Api-Version
      Access-Control-Allow-Methods:
      - GET,OPTIONS,PATCH,DELETE,POST,PUT
      Access-Control-Allow-Origin:
      - "*"
      Cache-Control:
      - public, max-age=0, must-revalidate
      Content-Length:
      - '193'
      Content-Security-Policy:
      - 'script-src ''self'' ''unsafe-eval'' ''wasm-unsafe-eval'' ''strict-dynamic''
        ''nonce-MTVkNWM0NzUtNTJmMC00M2NiLTg1MjQtN2Y2MGFiNTdiNDFj''  *.js.stripe.com
        js.stripe.com maps.googleapis.com ; style-src ''self'' ''unsafe-inline'' *.braintrust.dev
        btcm6qilbbhv4yi1.public.blob.vercel-storage.com fonts.googleapis.com www.gstatic.com;
        font-src ''self'' data: fonts.gstatic.com btcm6qilbbhv4yi1.public.blob.vercel-storage.com;
        object-src ''none''; base-uri ''self''; form-action ''self''; frame-ancestors
        ''self''; worker-src ''self'' blob:; report-uri https://o4507221741076480.ingest.us.sentry.io/api/4507221754380288/security/?sentry_key=27fa5ac907cf7c6ce4a1ab2a03f805b4&sentry_environment=production&sentry_release=14;
        report-to csp-endpoint-0'
      Content-Type:
      - text/plain; charset=utf-8
      Date:
      - Sat, 25 Oct 2025 16:04:48 GMT
      Etag:
      - '"w0qbrdu0cg5d"'
      Reporting-Endpoints:
      - csp-endpoint-0="https://o4507221741076480.ingest.us.sentry.io/api/4507221754380288/security/?sentry_key=27fa5ac907cf7c6ce4a1ab2a03f805b4&sentry_environment=production&sentry_release=14"
      Server:
      - Vercel
      Strict-Transport-Security:
      - max-age=63072000
      X-Clerk-Auth-Message:
      - Invalid JWT form. A JWT consists of three parts separated by dots. (reason=token-invalid,
        token-carrier=header)
      X-Clerk-Auth-Reason:
      - token-invalid
      X-Clerk-Auth-Status:
      - signed-out
      X-Content-Type-Options:
      - nosniff
      X-Frame-Options:
      - SAMEORIGIN
      X-Matched-Path:
      - "/api/apikey/login"
      X-Nonce:
      - MTVkNWM0NzUtNTJmMC00M2NiLTg1MjQtN2Y2MGFiNTdiNDFj
      X-Vercel-Cache:
      - MISS
      X-Vercel-Id:
      - iad1::iad1::994nc-1761408288618-d67258b12658
    body:
      encoding: UTF-8
      string: 'Failed to validate Cognito JWT: Error: JWT string does not consist
        of exactly 3 parts (header, payload, signature) [timestamp=1761408288.688]
        [request_id=iad1::994nc-1761408288618-d67258b12658]'
  recorded_at: Sat, 25 Oct 2025 16:04:48 GMT
- request:
    method: post
    uri: https://www.braintrust.dev/api/apikey/login
    body:
      encoding: UTF-8
      string: ''
    headers:
      Accept-Encoding:
      - gzip;q=1.0,deflate;q=0.6,identity;q=0.3
      Accept:
      - "*/*"
      User-Agent:
      - Ruby
      Host:
      - www.braintrust.dev
      Authorization:
      - Bearer test-key
  response:
    status:
      code: 401
      message: Unauthorized
    headers:
      Access-Control-Allow-Credentials:
      - 'true'
      Access-Control-Allow-Headers:
      - X-CSRF-Token, X-Requested-With, Accept, Accept-Version, Content-Length, Content-MD5,
        Content-Type, Date, X-Api-Version
      Access-Control-Allow-Methods:
      - GET,OPTIONS,PATCH,DELETE,POST,PUT
      Access-Control-Allow-Origin:
      - "*"
      Cache-Control:
      - public, max-age=0, must-revalidate
      Content-Length:
      - '193'
      Content-Security-Policy:
      - 'script-src ''self'' ''unsafe-eval'' ''wasm-unsafe-eval'' ''strict-dynamic''
        ''nonce-ODUzYzc5ZWEtNTM3Yi00ZjVmLWFkMTUtNTM3MzliOWYyMWRj''  *.js.stripe.com
        js.stripe.com maps.googleapis.com ; style-src ''self'' ''unsafe-inline'' *.braintrust.dev
        btcm6qilbbhv4yi1.public.blob.vercel-storage.com fonts.googleapis.com www.gstatic.com;
        font-src ''self'' data: fonts.gstatic.com btcm6qilbbhv4yi1.public.blob.vercel-storage.com;
        object-src ''none''; base-uri ''self''; form-action ''self''; frame-ancestors
        ''self''; worker-src ''self'' blob:; report-uri https://o4507221741076480.ingest.us.sentry.io/api/4507221754380288/security/?sentry_key=27fa5ac907cf7c6ce4a1ab2a03f805b4&sentry_environment=production&sentry_release=14;
        report-to csp-endpoint-0'
      Content-Type:
      - text/plain; charset=utf-8
      Date:
      - Sat, 25 Oct 2025 16:04:48 GMT
      Etag:
      - '"jmmep3lzw75d"'
      Reporting-Endpoints:
      - csp-endpoint-0="https://o4507221741076480.ingest.us.sentry.io/api/4507221754380288/security/?sentry_key=27fa5ac907cf7c6ce4a1ab2a03f805b4&sentry_environment=production&sentry_release=14"
      Server:
      - Vercel
      Strict-Transport-Security:
      - max-age=63072000
      X-Clerk-Auth-Message:
      - Invalid JWT form. A JWT consists of three parts separated by dots. (reason=token-invalid,
        token-carrier=header)
      X-Clerk-Auth-Reason:
      - token-invalid
      X-Clerk-Auth-Status:
      - signed-out
      X-Content-Type-Options:
      - nosniff
      X-Frame-Options:
      - SAMEORIGIN
      X-Matched-Path:
      - "/api/apikey/login"
      X-Nonce:
      - ODUzYzc5ZWEtNTM3Yi00ZjVmLWFkMTUtNTM3MzliOWYyMWRj
      X-Vercel-Cache:
      - MISS
      X-Vercel-Id:
      - iad1::iad1::kzlgf-1761408288661-aac03a62a8ee
    body:
      encoding: UTF-8
      string: 'Failed to validate Cognito JWT: Error: JWT string does not consist
        of exactly 3 parts (header, payload, signature) [timestamp=1761408288.706]
        [request_id=iad1::kzlgf-1761408288661-aac03a62a8ee]'
  recorded_at: Sat, 25 Oct 2025 16:04:48 GMT
- request:
    method: post
    uri: https://www.braintrust.dev/api/apikey/login
    body:
      encoding: UTF-8
      string: ''
    headers:
      Accept-Encoding:
      - gzip;q=1.0,deflate;q=0.6,identity;q=0.3
      Accept:
      - "*/*"
      User-Agent:
      - Ruby
      Host:
      - www.braintrust.dev
      Authorization:
      - Bearer test-key
  response:
    status:
      code: 401
      message: Unauthorized
    headers:
      Access-Control-Allow-Credentials:
      - 'true'
      Access-Control-Allow-Headers:
      - X-CSRF-Token, X-Requested-With, Accept, Accept-Version, Content-Length, Content-MD5,
        Content-Type, Date, X-Api-Version
      Access-Control-Allow-Methods:
      - GET,OPTIONS,PATCH,DELETE,POST,PUT
      Access-Control-Allow-Origin:
      - "*"
      Cache-Control:
      - public, max-age=0, must-revalidate
      Content-Length:
      - '193'
      Content-Security-Policy:
      - 'script-src ''self'' ''unsafe-eval'' ''wasm-unsafe-eval'' ''strict-dynamic''
        ''nonce-NmU5YTVjMDgtYmE4OC00Yjk1LTg2MzktNDEyZDRiNTZiNWQ0''  *.js.stripe.com
        js.stripe.com maps.googleapis.com ; style-src ''self'' ''unsafe-inline'' *.braintrust.dev
        btcm6qilbbhv4yi1.public.blob.vercel-storage.com fonts.googleapis.com www.gstatic.com;
        font-src ''self'' data: fonts.gstatic.com btcm6qilbbhv4yi1.public.blob.vercel-storage.com;
        object-src ''none''; base-uri ''self''; form-action ''self''; frame-ancestors
        ''self''; worker-src ''self'' blob:; report-uri https://o4507221741076480.ingest.us.sentry.io/api/4507221754380288/security/?sentry_key=27fa5ac907cf7c6ce4a1ab2a03f805b4&sentry_environment=production&sentry_release=14;
        report-to csp-endpoint-0'
      Content-Type:
      - text/plain; charset=utf-8
      Date:
      - Sat, 25 Oct 2025 16:04:48 GMT
      Etag:
      - '"13scppjrwag5d"'
      Reporting-Endpoints:
      - csp-endpoint-0="https://o4507221741076480.ingest.us.sentry.io/api/4507221754380288/security/?sentry_key=27fa5ac907cf7c6ce4a1ab2a03f805b4&sentry_environment=production&sentry_release=14"
      Server:
      - Vercel
      Strict-Transport-Security:
      - max-age=63072000
      X-Clerk-Auth-Message:
      - Invalid JWT form. A JWT consists of three parts separated by dots. (reason=token-invalid,
        token-carrier=header)
      X-Clerk-Auth-Reason:
      - token-invalid
      X-Clerk-Auth-Status:
      - signed-out
      X-Content-Type-Options:
      - nosniff
      X-Frame-Options:
      - SAMEORIGIN
      X-Matched-Path:
      - "/api/apikey/login"
      X-Nonce:
      - NmU5YTVjMDgtYmE4OC00Yjk1LTg2MzktNDEyZDRiNTZiNWQ0
      X-Vercel-Cache:
      - MISS
      X-Vercel-Id:
      - iad1::iad1::7ccdk-1761408288805-554a964a3059
    body:
      encoding: UTF-8
      string: 'Failed to validate Cognito JWT: Error: JWT string does not consist
        of exactly 3 parts (header, payload, signature) [timestamp=1761408288.855]
        [request_id=iad1::7ccdk-1761408288805-554a964a3059]'
  recorded_at: Sat, 25 Oct 2025 16:04:48 GMT
- request:
    method: post
    uri: https://www.braintrust.dev/api/apikey/login
    body:
      encoding: UTF-8
      string: ''
    headers:
      Accept-Encoding:
      - gzip;q=1.0,deflate;q=0.6,identity;q=0.3
      Accept:
      - "*/*"
      User-Agent:
      - Ruby
      Host:
      - www.braintrust.dev
      Authorization:
      - Bearer test-key
  response:
    status:
      code: 401
      message: Unauthorized
    headers:
      Access-Control-Allow-Credentials:
      - 'true'
      Access-Control-Allow-Headers:
      - X-CSRF-Token, X-Requested-With, Accept, Accept-Version, Content-Length, Content-MD5,
        Content-Type, Date, X-Api-Version
      Access-Control-Allow-Methods:
      - GET,OPTIONS,PATCH,DELETE,POST,PUT
      Access-Control-Allow-Origin:
      - "*"
      Cache-Control:
      - public, max-age=0, must-revalidate
      Content-Length:
      - '193'
      Content-Security-Policy:
      - 'script-src ''self'' ''unsafe-eval'' ''wasm-unsafe-eval'' ''strict-dynamic''
        ''nonce-NTkxNmRhYTgtYTE0MS00MDAzLWJlNmMtZjA2MjdkMzA1NTRi''  *.js.stripe.com
        js.stripe.com maps.googleapis.com ; style-src ''self'' ''unsafe-inline'' *.braintrust.dev
        btcm6qilbbhv4yi1.public.blob.vercel-storage.com fonts.googleapis.com www.gstatic.com;
        font-src ''self'' data: fonts.gstatic.com btcm6qilbbhv4yi1.public.blob.vercel-storage.com;
        object-src ''none''; base-uri ''self''; form-action ''self''; frame-ancestors
        ''self''; worker-src ''self'' blob:; report-uri https://o4507221741076480.ingest.us.sentry.io/api/4507221754380288/security/?sentry_key=27fa5ac907cf7c6ce4a1ab2a03f805b4&sentry_environment=production&sentry_release=14;
        report-to csp-endpoint-0'
      Content-Type:
      - text/plain; charset=utf-8
      Date:
      - Sat, 25 Oct 2025 16:04:49 GMT
      Etag:
      - '"fddpf5aooi5d"'
      Reporting-Endpoints:
      - csp-endpoint-0="https://o4507221741076480.ingest.us.sentry.io/api/4507221754380288/security/?sentry_key=27fa5ac907cf7c6ce4a1ab2a03f805b4&sentry_environment=production&sentry_release=14"
      Server:
      - Vercel
      Strict-Transport-Security:
      - max-age=63072000
      X-Clerk-Auth-Message:
      - Invalid JWT form. A JWT consists of three parts separated by dots. (reason=token-invalid,
        token-carrier=header)
      X-Clerk-Auth-Reason:
      - token-invalid
      X-Clerk-Auth-Status:
      - signed-out
      X-Content-Type-Options:
      - nosniff
      X-Frame-Options:
      - SAMEORIGIN
      X-Matched-Path:
      - "/api/apikey/login"
      X-Nonce:
      - NTkxNmRhYTgtYTE0MS00MDAzLWJlNmMtZjA2MjdkMzA1NTRi
      X-Vercel-Cache:
      - MISS
      X-Vercel-Id:
      - iad1::iad1::q5hf4-1761408289234-516557d53e73
    body:
      encoding: UTF-8
      string: 'Failed to validate Cognito JWT: Error: JWT string does not consist
        of exactly 3 parts (header, payload, signature) [timestamp=1761408289.275]
        [request_id=iad1::q5hf4-1761408289234-516557d53e73]'
  recorded_at: Sat, 25 Oct 2025 16:04:49 GMT
- request:
    method: post
    uri: https://www.braintrust.dev/api/apikey/login
    body:
      encoding: UTF-8
      string: ''
    headers:
      Accept-Encoding:
      - gzip;q=1.0,deflate;q=0.6,identity;q=0.3
      Accept:
      - "*/*"
      User-Agent:
      - Ruby
      Host:
      - www.braintrust.dev
      Authorization:
      - Bearer test-key
  response:
    status:
      code: 401
      message: Unauthorized
    headers:
      Access-Control-Allow-Credentials:
      - 'true'
      Access-Control-Allow-Headers:
      - X-CSRF-Token, X-Requested-With, Accept, Accept-Version, Content-Length, Content-MD5,
        Content-Type, Date, X-Api-Version
      Access-Control-Allow-Methods:
      - GET,OPTIONS,PATCH,DELETE,POST,PUT
      Access-Control-Allow-Origin:
      - "*"
      Cache-Control:
      - public, max-age=0, must-revalidate
      Content-Length:
      - '193'
      Content-Security-Policy:
      - 'script-src ''self'' ''unsafe-eval'' ''wasm-unsafe-eval'' ''strict-dynamic''
        ''nonce-NzM3YmJkZmYtYWM1NS00M2FmLWI5YjItNzA2N2M3M2U2YzU4''  *.js.stripe.com
        js.stripe.com maps.googleapis.com ; style-src ''self'' ''unsafe-inline'' *.braintrust.dev
        btcm6qilbbhv4yi1.public.blob.vercel-storage.com fonts.googleapis.com www.gstatic.com;
        font-src ''self'' data: fonts.gstatic.com btcm6qilbbhv4yi1.public.blob.vercel-storage.com;
        object-src ''none''; base-uri ''self''; form-action ''self''; frame-ancestors
        ''self''; worker-src ''self'' blob:; report-uri https://o4507221741076480.ingest.us.sentry.io/api/4507221754380288/security/?sentry_key=27fa5ac907cf7c6ce4a1ab2a03f805b4&sentry_environment=production&sentry_release=14;
        report-to csp-endpoint-0'
      Content-Type:
      - text/plain; charset=utf-8
      Date:
      - Sat, 25 Oct 2025 16:04:49 GMT
      Etag:
      - '"1n8rgixg1p5d"'
      Reporting-Endpoints:
      - csp-endpoint-0="https://o4507221741076480.ingest.us.sentry.io/api/4507221754380288/security/?sentry_key=27fa5ac907cf7c6ce4a1ab2a03f805b4&sentry_environment=production&sentry_release=14"
      Server:
      - Vercel
      Strict-Transport-Security:
      - max-age=63072000
      X-Clerk-Auth-Message:
      - Invalid JWT form. A JWT consists of three parts separated by dots. (reason=token-invalid,
        token-carrier=header)
      X-Clerk-Auth-Reason:
      - token-invalid
      X-Clerk-Auth-Status:
      - signed-out
      X-Content-Type-Options:
      - nosniff
      X-Frame-Options:
      - SAMEORIGIN
      X-Matched-Path:
      - "/api/apikey/login"
      X-Nonce:
      - NzM3YmJkZmYtYWM1NS00M2FmLWI5YjItNzA2N2M3M2U2YzU4
      X-Vercel-Cache:
      - MISS
      X-Vercel-Id:
      - iad1::iad1::9hfpp-1761408289245-9a3e4fc20571
    body:
      encoding: UTF-8
      string: 'Failed to validate Cognito JWT: Error: JWT string does not consist
        of exactly 3 parts (header, payload, signature) [timestamp=1761408289.285]
        [request_id=iad1::9hfpp-1761408289245-9a3e4fc20571]'
  recorded_at: Sat, 25 Oct 2025 16:04:49 GMT
- request:
    method: post
    uri: https://www.braintrust.dev/api/apikey/login
    body:
      encoding: UTF-8
      string: ''
    headers:
      Accept-Encoding:
      - gzip;q=1.0,deflate;q=0.6,identity;q=0.3
      Accept:
      - "*/*"
      User-Agent:
      - Ruby
      Host:
      - www.braintrust.dev
      Authorization:
      - Bearer test-key
  response:
    status:
      code: 401
      message: Unauthorized
    headers:
      Access-Control-Allow-Credentials:
      - 'true'
      Access-Control-Allow-Headers:
      - X-CSRF-Token, X-Requested-With, Accept, Accept-Version, Content-Length, Content-MD5,
        Content-Type, Date, X-Api-Version
      Access-Control-Allow-Methods:
      - GET,OPTIONS,PATCH,DELETE,POST,PUT
      Access-Control-Allow-Origin:
      - "*"
      Cache-Control:
      - public, max-age=0, must-revalidate
      Content-Length:
      - '192'
      Content-Security-Policy:
      - 'script-src ''self'' ''unsafe-eval'' ''wasm-unsafe-eval'' ''strict-dynamic''
        ''nonce-Y2VmMzFhNWMtNGY5My00MzI1LThlZDQtZDhhZDczNWEyM2Zj''  *.js.stripe.com
        js.stripe.com maps.googleapis.com ; style-src ''self'' ''unsafe-inline'' *.braintrust.dev
        btcm6qilbbhv4yi1.public.blob.vercel-storage.com fonts.googleapis.com www.gstatic.com;
        font-src ''self'' data: fonts.gstatic.com btcm6qilbbhv4yi1.public.blob.vercel-storage.com;
        object-src ''none''; base-uri ''self''; form-action ''self''; frame-ancestors
        ''self''; worker-src ''self'' blob:; report-uri https://o4507221741076480.ingest.us.sentry.io/api/4507221754380288/security/?sentry_key=27fa5ac907cf7c6ce4a1ab2a03f805b4&sentry_environment=production&sentry_release=14;
        report-to csp-endpoint-0'
      Content-Type:
      - text/plain; charset=utf-8
      Date:
      - Sat, 25 Oct 2025 16:04:49 GMT
      Etag:
      - '"izrrotecaf5c"'
      Reporting-Endpoints:
      - csp-endpoint-0="https://o4507221741076480.ingest.us.sentry.io/api/4507221754380288/security/?sentry_key=27fa5ac907cf7c6ce4a1ab2a03f805b4&sentry_environment=production&sentry_release=14"
      Server:
      - Vercel
      Strict-Transport-Security:
      - max-age=63072000
      X-Clerk-Auth-Message:
      - Invalid JWT form. A JWT consists of three parts separated by dots. (reason=token-invalid,
        token-carrier=header)
      X-Clerk-Auth-Reason:
      - token-invalid
      X-Clerk-Auth-Status:
      - signed-out
      X-Content-Type-Options:
      - nosniff
      X-Frame-Options:
      - SAMEORIGIN
      X-Matched-Path:
      - "/api/apikey/login"
      X-Nonce:
      - Y2VmMzFhNWMtNGY5My00MzI1LThlZDQtZDhhZDczNWEyM2Zj
      X-Vercel-Cache:
      - MISS
      X-Vercel-Id:
      - iad1::iad1::vqgm5-1761408289309-859c16ddafef
    body:
      encoding: UTF-8
      string: 'Failed to validate Cognito JWT: Error: JWT string does not consist
        of exactly 3 parts (header, payload, signature) [timestamp=1761408289.36]
        [request_id=iad1::vqgm5-1761408289309-859c16ddafef]'
  recorded_at: Sat, 25 Oct 2025 16:04:49 GMT
- request:
    method: post
    uri: https://www.braintrust.dev/api/apikey/login
    body:
      encoding: UTF-8
      string: ''
    headers:
      Accept-Encoding:
      - gzip;q=1.0,deflate;q=0.6,identity;q=0.3
      Accept:
      - "*/*"
      User-Agent:
      - Ruby
      Host:
      - www.braintrust.dev
      Authorization:
      - Bearer test-key
  response:
    status:
      code: 401
      message: Unauthorized
    headers:
      Access-Control-Allow-Credentials:
      - 'true'
      Access-Control-Allow-Headers:
      - X-CSRF-Token, X-Requested-With, Accept, Accept-Version, Content-Length, Content-MD5,
        Content-Type, Date, X-Api-Version
      Access-Control-Allow-Methods:
      - GET,OPTIONS,PATCH,DELETE,POST,PUT
      Access-Control-Allow-Origin:
      - "*"
      Cache-Control:
      - public, max-age=0, must-revalidate
      Content-Length:
      - '192'
      Content-Security-Policy:
      - 'script-src ''self'' ''unsafe-eval'' ''wasm-unsafe-eval'' ''strict-dynamic''
        ''nonce-YzBhNDg5YTUtMjU2ZS00MTExLWI5YTctMmQ5MTIwZmVkM2E3''  *.js.stripe.com
        js.stripe.com maps.googleapis.com ; style-src ''self'' ''unsafe-inline'' *.braintrust.dev
        btcm6qilbbhv4yi1.public.blob.vercel-storage.com fonts.googleapis.com www.gstatic.com;
        font-src ''self'' data: fonts.gstatic.com btcm6qilbbhv4yi1.public.blob.vercel-storage.com;
        object-src ''none''; base-uri ''self''; form-action ''self''; frame-ancestors
        ''self''; worker-src ''self'' blob:; report-uri https://o4507221741076480.ingest.us.sentry.io/api/4507221754380288/security/?sentry_key=27fa5ac907cf7c6ce4a1ab2a03f805b4&sentry_environment=production&sentry_release=14;
        report-to csp-endpoint-0'
      Content-Type:
      - text/plain; charset=utf-8
      Date:
      - Sat, 25 Oct 2025 16:04:49 GMT
      Etag:
      - '"kz8j27a665c"'
      Reporting-Endpoints:
      - csp-endpoint-0="https://o4507221741076480.ingest.us.sentry.io/api/4507221754380288/security/?sentry_key=27fa5ac907cf7c6ce4a1ab2a03f805b4&sentry_environment=production&sentry_release=14"
      Server:
      - Vercel
      Strict-Transport-Security:
      - max-age=63072000
      X-Clerk-Auth-Message:
      - Invalid JWT form. A JWT consists of three parts separated by dots. (reason=token-invalid,
        token-carrier=header)
      X-Clerk-Auth-Reason:
      - token-invalid
      X-Clerk-Auth-Status:
      - signed-out
      X-Content-Type-Options:
      - nosniff
      X-Frame-Options:
      - SAMEORIGIN
      X-Matched-Path:
      - "/api/apikey/login"
      X-Nonce:
      - YzBhNDg5YTUtMjU2ZS00MTExLWI5YTctMmQ5MTIwZmVkM2E3
      X-Vercel-Cache:
      - MISS
      X-Vercel-Id:
      - iad1::iad1::pt8b8-1761408289310-5f2fe6631c1a
    body:
      encoding: UTF-8
      string: 'Failed to validate Cognito JWT: Error: JWT string does not consist
        of exactly 3 parts (header, payload, signature) [timestamp=1761408289.36]
        [request_id=iad1::pt8b8-1761408289310-5f2fe6631c1a]'
  recorded_at: Sat, 25 Oct 2025 16:04:49 GMT
- request:
    method: post
    uri: https://www.braintrust.dev/api/apikey/login
    body:
      encoding: UTF-8
      string: ''
    headers:
      Accept-Encoding:
      - gzip;q=1.0,deflate;q=0.6,identity;q=0.3
      Accept:
      - "*/*"
      User-Agent:
      - Ruby
      Host:
      - www.braintrust.dev
      Authorization:
      - Bearer test-key
  response:
    status:
      code: 401
      message: Unauthorized
    headers:
      Access-Control-Allow-Credentials:
      - 'true'
      Access-Control-Allow-Headers:
      - X-CSRF-Token, X-Requested-With, Accept, Accept-Version, Content-Length, Content-MD5,
        Content-Type, Date, X-Api-Version
      Access-Control-Allow-Methods:
      - GET,OPTIONS,PATCH,DELETE,POST,PUT
      Access-Control-Allow-Origin:
      - "*"
      Cache-Control:
      - public, max-age=0, must-revalidate
      Content-Length:
      - '193'
      Content-Security-Policy:
      - 'script-src ''self'' ''unsafe-eval'' ''wasm-unsafe-eval'' ''strict-dynamic''
        ''nonce-OWMwNzM3MWQtNTJjMi00NDliLWEyMWYtOWY1OTExOTQ5YzRm''  *.js.stripe.com
        js.stripe.com maps.googleapis.com ; style-src ''self'' ''unsafe-inline'' *.braintrust.dev
        btcm6qilbbhv4yi1.public.blob.vercel-storage.com fonts.googleapis.com www.gstatic.com;
        font-src ''self'' data: fonts.gstatic.com btcm6qilbbhv4yi1.public.blob.vercel-storage.com;
        object-src ''none''; base-uri ''self''; form-action ''self''; frame-ancestors
        ''self''; worker-src ''self'' blob:; report-uri https://o4507221741076480.ingest.us.sentry.io/api/4507221754380288/security/?sentry_key=27fa5ac907cf7c6ce4a1ab2a03f805b4&sentry_environment=production&sentry_release=14;
        report-to csp-endpoint-0'
      Content-Type:
      - text/plain; charset=utf-8
      Date:
      - Sat, 25 Oct 2025 16:04:49 GMT
      Etag:
      - '"j0y8xnsfs95d"'
      Reporting-Endpoints:
      - csp-endpoint-0="https://o4507221741076480.ingest.us.sentry.io/api/4507221754380288/security/?sentry_key=27fa5ac907cf7c6ce4a1ab2a03f805b4&sentry_environment=production&sentry_release=14"
      Server:
      - Vercel
      Strict-Transport-Security:
      - max-age=63072000
      X-Clerk-Auth-Message:
      - Invalid JWT form. A JWT consists of three parts separated by dots. (reason=token-invalid,
        token-carrier=header)
      X-Clerk-Auth-Reason:
      - token-invalid
      X-Clerk-Auth-Status:
      - signed-out
      X-Content-Type-Options:
      - nosniff
      X-Frame-Options:
      - SAMEORIGIN
      X-Matched-Path:
      - "/api/apikey/login"
      X-Nonce:
      - OWMwNzM3MWQtNTJjMi00NDliLWEyMWYtOWY1OTExOTQ5YzRm
      X-Vercel-Cache:
      - MISS
      X-Vercel-Id:
      - iad1::iad1::szlpq-1761408289311-1e6114a91200
    body:
      encoding: UTF-8
      string: 'Failed to validate Cognito JWT: Error: JWT string does not consist
        of exactly 3 parts (header, payload, signature) [timestamp=1761408289.365]
        [request_id=iad1::szlpq-1761408289311-1e6114a91200]'
  recorded_at: Sat, 25 Oct 2025 16:04:49 GMT
- request:
    method: post
    uri: https://www.braintrust.dev/api/apikey/login
    body:
      encoding: UTF-8
      string: ''
    headers:
      Accept-Encoding:
      - gzip;q=1.0,deflate;q=0.6,identity;q=0.3
      Accept:
      - "*/*"
      User-Agent:
      - Ruby
      Host:
      - www.braintrust.dev
      Authorization:
      - Bearer test-key
  response:
    status:
      code: 401
      message: Unauthorized
    headers:
      Access-Control-Allow-Credentials:
      - 'true'
      Access-Control-Allow-Headers:
      - X-CSRF-Token, X-Requested-With, Accept, Accept-Version, Content-Length, Content-MD5,
        Content-Type, Date, X-Api-Version
      Access-Control-Allow-Methods:
      - GET,OPTIONS,PATCH,DELETE,POST,PUT
      Access-Control-Allow-Origin:
      - "*"
      Cache-Control:
      - public, max-age=0, must-revalidate
      Content-Length:
      - '192'
      Content-Security-Policy:
      - 'script-src ''self'' ''unsafe-eval'' ''wasm-unsafe-eval'' ''strict-dynamic''
        ''nonce-OTE1NjQ3OTQtMGUzNC00YmI0LTk1ZjEtOWZhNmUyYjkzYzZk''  *.js.stripe.com
        js.stripe.com maps.googleapis.com ; style-src ''self'' ''unsafe-inline'' *.braintrust.dev
        btcm6qilbbhv4yi1.public.blob.vercel-storage.com fonts.googleapis.com www.gstatic.com;
        font-src ''self'' data: fonts.gstatic.com btcm6qilbbhv4yi1.public.blob.vercel-storage.com;
        object-src ''none''; base-uri ''self''; form-action ''self''; frame-ancestors
        ''self''; worker-src ''self'' blob:; report-uri https://o4507221741076480.ingest.us.sentry.io/api/4507221754380288/security/?sentry_key=27fa5ac907cf7c6ce4a1ab2a03f805b4&sentry_environment=production&sentry_release=14;
        report-to csp-endpoint-0'
      Content-Type:
      - text/plain; charset=utf-8
      Date:
      - Sat, 25 Oct 2025 16:04:49 GMT
      Etag:
      - '"15izlyv5mpi5c"'
      Reporting-Endpoints:
      - csp-endpoint-0="https://o4507221741076480.ingest.us.sentry.io/api/4507221754380288/security/?sentry_key=27fa5ac907cf7c6ce4a1ab2a03f805b4&sentry_environment=production&sentry_release=14"
      Server:
      - Vercel
      Strict-Transport-Security:
      - max-age=63072000
      X-Clerk-Auth-Message:
      - Invalid JWT form. A JWT consists of three parts separated by dots. (reason=token-invalid,
        token-carrier=header)
      X-Clerk-Auth-Reason:
      - token-invalid
      X-Clerk-Auth-Status:
      - signed-out
      X-Content-Type-Options:
      - nosniff
      X-Frame-Options:
      - SAMEORIGIN
      X-Matched-Path:
      - "/api/apikey/login"
      X-Nonce:
      - OTE1NjQ3OTQtMGUzNC00YmI0LTk1ZjEtOWZhNmUyYjkzYzZk
      X-Vercel-Cache:
      - MISS
      X-Vercel-Id:
      - iad1::iad1::pb5ql-1761408289348-63a9ccdbd199
    body:
      encoding: UTF-8
      string: 'Failed to validate Cognito JWT: Error: JWT string does not consist
        of exactly 3 parts (header, payload, signature) [timestamp=1761408289.39]
        [request_id=iad1::pb5ql-1761408289348-63a9ccdbd199]'
  recorded_at: Sat, 25 Oct 2025 16:04:49 GMT
- request:
    method: post
    uri: https://www.braintrust.dev/api/apikey/login
    body:
      encoding: UTF-8
      string: ''
    headers:
      Accept-Encoding:
      - gzip;q=1.0,deflate;q=0.6,identity;q=0.3
      Accept:
      - "*/*"
      User-Agent:
      - Ruby
      Host:
      - www.braintrust.dev
      Authorization:
      - Bearer test-key
  response:
    status:
      code: 401
      message: Unauthorized
    headers:
      Access-Control-Allow-Credentials:
      - 'true'
      Access-Control-Allow-Headers:
      - X-CSRF-Token, X-Requested-With, Accept, Accept-Version, Content-Length, Content-MD5,
        Content-Type, Date, X-Api-Version
      Access-Control-Allow-Methods:
      - GET,OPTIONS,PATCH,DELETE,POST,PUT
      Access-Control-Allow-Origin:
      - "*"
      Cache-Control:
      - public, max-age=0, must-revalidate
      Content-Length:
      - '193'
      Content-Security-Policy:
      - 'script-src ''self'' ''unsafe-eval'' ''wasm-unsafe-eval'' ''strict-dynamic''
        ''nonce-MDEwZTU1ODUtNDg1NS00NWVhLTgxYzctMGIxMTBkOWI4MGEy''  *.js.stripe.com
        js.stripe.com maps.googleapis.com ; style-src ''self'' ''unsafe-inline'' *.braintrust.dev
        btcm6qilbbhv4yi1.public.blob.vercel-storage.com fonts.googleapis.com www.gstatic.com;
        font-src ''self'' data: fonts.gstatic.com btcm6qilbbhv4yi1.public.blob.vercel-storage.com;
        object-src ''none''; base-uri ''self''; form-action ''self''; frame-ancestors
        ''self''; worker-src ''self'' blob:; report-uri https://o4507221741076480.ingest.us.sentry.io/api/4507221754380288/security/?sentry_key=27fa5ac907cf7c6ce4a1ab2a03f805b4&sentry_environment=production&sentry_release=14;
        report-to csp-endpoint-0'
      Content-Type:
      - text/plain; charset=utf-8
      Date:
      - Sat, 25 Oct 2025 16:04:49 GMT
      Etag:
      - '"16qmcw8fboo5d"'
      Reporting-Endpoints:
      - csp-endpoint-0="https://o4507221741076480.ingest.us.sentry.io/api/4507221754380288/security/?sentry_key=27fa5ac907cf7c6ce4a1ab2a03f805b4&sentry_environment=production&sentry_release=14"
      Server:
      - Vercel
      Strict-Transport-Security:
      - max-age=63072000
      X-Clerk-Auth-Message:
      - Invalid JWT form. A JWT consists of three parts separated by dots. (reason=token-invalid,
        token-carrier=header)
      X-Clerk-Auth-Reason:
      - token-invalid
      X-Clerk-Auth-Status:
      - signed-out
      X-Content-Type-Options:
      - nosniff
      X-Frame-Options:
      - SAMEORIGIN
      X-Matched-Path:
      - "/api/apikey/login"
      X-Nonce:
      - MDEwZTU1ODUtNDg1NS00NWVhLTgxYzctMGIxMTBkOWI4MGEy
      X-Vercel-Cache:
      - MISS
      X-Vercel-Id:
      - iad1::iad1::6c7dc-1761408289355-3a747c30fae3
    body:
      encoding: UTF-8
      string: 'Failed to validate Cognito JWT: Error: JWT string does not consist
        of exactly 3 parts (header, payload, signature) [timestamp=1761408289.405]
        [request_id=iad1::6c7dc-1761408289355-3a747c30fae3]'
  recorded_at: Sat, 25 Oct 2025 16:04:49 GMT
- request:
    method: post
    uri: https://www.braintrust.dev/api/apikey/login
    body:
      encoding: UTF-8
      string: ''
    headers:
      Accept-Encoding:
      - gzip;q=1.0,deflate;q=0.6,identity;q=0.3
      Accept:
      - "*/*"
      User-Agent:
      - Ruby
      Host:
      - www.braintrust.dev
      Authorization:
      - Bearer explicit-key
  response:
    status:
      code: 401
      message: Unauthorized
    headers:
      Access-Control-Allow-Credentials:
      - 'true'
      Access-Control-Allow-Headers:
      - X-CSRF-Token, X-Requested-With, Accept, Accept-Version, Content-Length, Content-MD5,
        Content-Type, Date, X-Api-Version
      Access-Control-Allow-Methods:
      - GET,OPTIONS,PATCH,DELETE,POST,PUT
      Access-Control-Allow-Origin:
      - "*"
      Cache-Control:
      - public, max-age=0, must-revalidate
      Content-Length:
      - '192'
      Content-Security-Policy:
      - 'script-src ''self'' ''unsafe-eval'' ''wasm-unsafe-eval'' ''strict-dynamic''
        ''nonce-YTI5NzgwZTAtOTFjNC00ZjMxLWJiYjctOTliYzU1NTIyZTMz''  *.js.stripe.com
        js.stripe.com maps.googleapis.com ; style-src ''self'' ''unsafe-inline'' *.braintrust.dev
        btcm6qilbbhv4yi1.public.blob.vercel-storage.com fonts.googleapis.com www.gstatic.com;
        font-src ''self'' data: fonts.gstatic.com btcm6qilbbhv4yi1.public.blob.vercel-storage.com;
        object-src ''none''; base-uri ''self''; form-action ''self''; frame-ancestors
        ''self''; worker-src ''self'' blob:; report-uri https://o4507221741076480.ingest.us.sentry.io/api/4507221754380288/security/?sentry_key=27fa5ac907cf7c6ce4a1ab2a03f805b4&sentry_environment=production&sentry_release=14;
        report-to csp-endpoint-0'
      Content-Type:
      - text/plain; charset=utf-8
      Date:
      - Sat, 25 Oct 2025 16:04:49 GMT
      Etag:
      - '"16cztlk1g445c"'
      Reporting-Endpoints:
      - csp-endpoint-0="https://o4507221741076480.ingest.us.sentry.io/api/4507221754380288/security/?sentry_key=27fa5ac907cf7c6ce4a1ab2a03f805b4&sentry_environment=production&sentry_release=14"
      Server:
      - Vercel
      Strict-Transport-Security:
      - max-age=63072000
      X-Clerk-Auth-Message:
      - Invalid JWT form. A JWT consists of three parts separated by dots. (reason=token-invalid,
        token-carrier=header)
      X-Clerk-Auth-Reason:
      - token-invalid
      X-Clerk-Auth-Status:
      - signed-out
      X-Content-Type-Options:
      - nosniff
      X-Frame-Options:
      - SAMEORIGIN
      X-Matched-Path:
      - "/api/apikey/login"
      X-Nonce:
      - YTI5NzgwZTAtOTFjNC00ZjMxLWJiYjctOTliYzU1NTIyZTMz
      X-Vercel-Cache:
      - MISS
      X-Vercel-Id:
      - iad1::iad1::92s2d-1761408289373-5d1521dbacec
    body:
      encoding: UTF-8
      string: 'Failed to validate Cognito JWT: Error: JWT string does not consist
        of exactly 3 parts (header, payload, signature) [timestamp=1761408289.41]
        [request_id=iad1::92s2d-1761408289373-5d1521dbacec]'
  recorded_at: Sat, 25 Oct 2025 16:04:49 GMT
- request:
    method: post
    uri: https://www.braintrust.dev/api/apikey/login
    body:
      encoding: UTF-8
      string: ''
    headers:
      Accept-Encoding:
      - gzip;q=1.0,deflate;q=0.6,identity;q=0.3
      Accept:
      - "*/*"
      User-Agent:
      - Ruby
      Host:
      - www.braintrust.dev
      Authorization:
      - Bearer test-key
  response:
    status:
      code: 401
      message: Unauthorized
    headers:
      Access-Control-Allow-Credentials:
      - 'true'
      Access-Control-Allow-Headers:
      - X-CSRF-Token, X-Requested-With, Accept, Accept-Version, Content-Length, Content-MD5,
        Content-Type, Date, X-Api-Version
      Access-Control-Allow-Methods:
      - GET,OPTIONS,PATCH,DELETE,POST,PUT
      Access-Control-Allow-Origin:
      - "*"
      Cache-Control:
      - public, max-age=0, must-revalidate
      Content-Length:
      - '193'
      Content-Security-Policy:
      - 'script-src ''self'' ''unsafe-eval'' ''wasm-unsafe-eval'' ''strict-dynamic''
        ''nonce-ZmRhMDJkMjYtODM4MS00MjVmLTk3ZmItY2QwNjJlYzA4N2U3''  *.js.stripe.com
        js.stripe.com maps.googleapis.com ; style-src ''self'' ''unsafe-inline'' *.braintrust.dev
        btcm6qilbbhv4yi1.public.blob.vercel-storage.com fonts.googleapis.com www.gstatic.com;
        font-src ''self'' data: fonts.gstatic.com btcm6qilbbhv4yi1.public.blob.vercel-storage.com;
        object-src ''none''; base-uri ''self''; form-action ''self''; frame-ancestors
        ''self''; worker-src ''self'' blob:; report-uri https://o4507221741076480.ingest.us.sentry.io/api/4507221754380288/security/?sentry_key=27fa5ac907cf7c6ce4a1ab2a03f805b4&sentry_environment=production&sentry_release=14;
        report-to csp-endpoint-0'
      Content-Type:
      - text/plain; charset=utf-8
      Date:
      - Sat, 25 Oct 2025 16:04:49 GMT
      Etag:
      - '"zhqk2u20dc5d"'
      Reporting-Endpoints:
      - csp-endpoint-0="https://o4507221741076480.ingest.us.sentry.io/api/4507221754380288/security/?sentry_key=27fa5ac907cf7c6ce4a1ab2a03f805b4&sentry_environment=production&sentry_release=14"
      Server:
      - Vercel
      Strict-Transport-Security:
      - max-age=63072000
      X-Clerk-Auth-Message:
      - Invalid JWT form. A JWT consists of three parts separated by dots. (reason=token-invalid,
        token-carrier=header)
      X-Clerk-Auth-Reason:
      - token-invalid
      X-Clerk-Auth-Status:
      - signed-out
      X-Content-Type-Options:
      - nosniff
      X-Frame-Options:
      - SAMEORIGIN
      X-Matched-Path:
      - "/api/apikey/login"
      X-Nonce:
      - ZmRhMDJkMjYtODM4MS00MjVmLTk3ZmItY2QwNjJlYzA4N2U3
      X-Vercel-Cache:
      - MISS
      X-Vercel-Id:
      - iad1::iad1::6c7dc-1761408289398-78ce34776ef8
    body:
      encoding: UTF-8
      string: 'Failed to validate Cognito JWT: Error: JWT string does not consist
        of exactly 3 parts (header, payload, signature) [timestamp=1761408289.434]
        [request_id=iad1::6c7dc-1761408289398-78ce34776ef8]'
  recorded_at: Sat, 25 Oct 2025 16:04:49 GMT
- request:
    method: post
    uri: https://www.braintrust.dev/api/apikey/login
    body:
      encoding: UTF-8
      string: ''
    headers:
      Accept-Encoding:
      - gzip;q=1.0,deflate;q=0.6,identity;q=0.3
      Accept:
      - "*/*"
      User-Agent:
      - Ruby
      Host:
      - www.braintrust.dev
      Authorization:
      - Bearer test-key
  response:
    status:
      code: 401
      message: Unauthorized
    headers:
      Access-Control-Allow-Credentials:
      - 'true'
      Access-Control-Allow-Headers:
      - X-CSRF-Token, X-Requested-With, Accept, Accept-Version, Content-Length, Content-MD5,
        Content-Type, Date, X-Api-Version
      Access-Control-Allow-Methods:
      - GET,OPTIONS,PATCH,DELETE,POST,PUT
      Access-Control-Allow-Origin:
      - "*"
      Cache-Control:
      - public, max-age=0, must-revalidate
      Content-Length:
      - '193'
      Content-Security-Policy:
      - 'script-src ''self'' ''unsafe-eval'' ''wasm-unsafe-eval'' ''strict-dynamic''
        ''nonce-YzljMzIwMGEtOTgzNC00NDBkLWE4ZDUtNmM3Yjg0OWVlYjIy''  *.js.stripe.com
        js.stripe.com maps.googleapis.com ; style-src ''self'' ''unsafe-inline'' *.braintrust.dev
        btcm6qilbbhv4yi1.public.blob.vercel-storage.com fonts.googleapis.com www.gstatic.com;
        font-src ''self'' data: fonts.gstatic.com btcm6qilbbhv4yi1.public.blob.vercel-storage.com;
        object-src ''none''; base-uri ''self''; form-action ''self''; frame-ancestors
        ''self''; worker-src ''self'' blob:; report-uri https://o4507221741076480.ingest.us.sentry.io/api/4507221754380288/security/?sentry_key=27fa5ac907cf7c6ce4a1ab2a03f805b4&sentry_environment=production&sentry_release=14;
        report-to csp-endpoint-0'
      Content-Type:
      - text/plain; charset=utf-8
      Date:
      - Sat, 25 Oct 2025 16:04:49 GMT
      Etag:
      - '"a6xnvzla895d"'
      Reporting-Endpoints:
      - csp-endpoint-0="https://o4507221741076480.ingest.us.sentry.io/api/4507221754380288/security/?sentry_key=27fa5ac907cf7c6ce4a1ab2a03f805b4&sentry_environment=production&sentry_release=14"
      Server:
      - Vercel
      Strict-Transport-Security:
      - max-age=63072000
      X-Clerk-Auth-Message:
      - Invalid JWT form. A JWT consists of three parts separated by dots. (reason=token-invalid,
        token-carrier=header)
      X-Clerk-Auth-Reason:
      - token-invalid
      X-Clerk-Auth-Status:
      - signed-out
      X-Content-Type-Options:
      - nosniff
      X-Frame-Options:
      - SAMEORIGIN
      X-Matched-Path:
      - "/api/apikey/login"
      X-Nonce:
      - YzljMzIwMGEtOTgzNC00NDBkLWE4ZDUtNmM3Yjg0OWVlYjIy
      X-Vercel-Cache:
      - MISS
      X-Vercel-Id:
      - iad1::iad1::vslc2-1761408289586-1337a1689aed
    body:
      encoding: UTF-8
      string: 'Failed to validate Cognito JWT: Error: JWT string does not consist
        of exactly 3 parts (header, payload, signature) [timestamp=1761408289.626]
        [request_id=iad1::vslc2-1761408289586-1337a1689aed]'
  recorded_at: Sat, 25 Oct 2025 16:04:49 GMT
- request:
    method: post
    uri: https://www.braintrust.dev/api/apikey/login
    body:
      encoding: UTF-8
      string: ''
    headers:
      Accept-Encoding:
      - gzip;q=1.0,deflate;q=0.6,identity;q=0.3
      Accept:
      - "*/*"
      User-Agent:
      - Ruby
      Host:
      - www.braintrust.dev
      Authorization:
      - Bearer <BRAINTRUST_API_KEY>
  response:
    status:
      code: 200
      message: OK
    headers:
      Access-Control-Allow-Credentials:
      - 'true'
      Access-Control-Allow-Headers:
      - X-CSRF-Token, X-Requested-With, Accept, Accept-Version, Content-Length, Content-MD5,
        Content-Type, Date, X-Api-Version
      Access-Control-Allow-Methods:
      - GET,OPTIONS,PATCH,DELETE,POST,PUT
      Access-Control-Allow-Origin:
      - "*"
      Cache-Control:
      - public, max-age=0, must-revalidate
      Content-Length:
      - '257'
      Content-Security-Policy:
      - 'script-src ''self'' ''unsafe-eval'' ''wasm-unsafe-eval'' ''strict-dynamic''
        ''nonce-NGRiMjMyNTAtZjVhMC00ZDQ1LThlOGYtMzRkMDRjMGMyY2I3''  *.js.stripe.com
        js.stripe.com maps.googleapis.com ; style-src ''self'' ''unsafe-inline'' *.braintrust.dev
        btcm6qilbbhv4yi1.public.blob.vercel-storage.com fonts.googleapis.com www.gstatic.com;
        font-src ''self'' data: fonts.gstatic.com btcm6qilbbhv4yi1.public.blob.vercel-storage.com;
        object-src ''none''; base-uri ''self''; form-action ''self''; frame-ancestors
        ''self''; worker-src ''self'' blob:; report-uri https://o4507221741076480.ingest.us.sentry.io/api/4507221754380288/security/?sentry_key=27fa5ac907cf7c6ce4a1ab2a03f805b4&sentry_environment=production&sentry_release=14;
        report-to csp-endpoint-0'
      Content-Type:
      - application/json; charset=utf-8
      Date:
      - Sat, 25 Oct 2025 16:04:49 GMT
      Etag:
      - '"ubzjf1iqqj75"'
      Reporting-Endpoints:
      - csp-endpoint-0="https://o4507221741076480.ingest.us.sentry.io/api/4507221754380288/security/?sentry_key=27fa5ac907cf7c6ce4a1ab2a03f805b4&sentry_environment=production&sentry_release=14"
      Server:
      - Vercel
      Strict-Transport-Security:
      - max-age=63072000
      X-Clerk-Auth-Message:
      - Invalid JWT form. A JWT consists of three parts separated by dots. (reason=token-invalid,
        token-carrier=header)
      X-Clerk-Auth-Reason:
      - token-invalid
      X-Clerk-Auth-Status:
      - signed-out
      X-Content-Type-Options:
      - nosniff
      X-Frame-Options:
      - SAMEORIGIN
      X-Matched-Path:
      - "/api/apikey/login"
      X-Nonce:
      - NGRiMjMyNTAtZjVhMC00ZDQ1LThlOGYtMzRkMDRjMGMyY2I3
      X-Vercel-Cache:
      - MISS
      X-Vercel-Id:
      - iad1::iad1::j8f42-1761408287402-e63ba1dffdde
    body:
      encoding: UTF-8
      string: '{"org_info":[{"id":"5ba6d482-b475-4c66-8cd2-5815694764e3","name":"matt-test-org","api_url":"https://api.braintrust.dev","git_metadata":null,"is_universal_api":null,"proxy_url":"https://api.braintrust.dev","realtime_url":"wss://realtime.braintrustapi.com"}]}'
  recorded_at: Sat, 25 Oct 2025 16:04:49 GMT
- request:
    method: post
    uri: https://www.braintrust.dev/api/apikey/login
    body:
      encoding: UTF-8
      string: ''
    headers:
      Accept-Encoding:
      - gzip;q=1.0,deflate;q=0.6,identity;q=0.3
      Accept:
      - "*/*"
      User-Agent:
      - Ruby
      Host:
      - www.braintrust.dev
      Authorization:
      - Bearer test-key
  response:
    status:
      code: 401
      message: Unauthorized
    headers:
      Access-Control-Allow-Credentials:
      - 'true'
      Access-Control-Allow-Headers:
      - X-CSRF-Token, X-Requested-With, Accept, Accept-Version, Content-Length, Content-MD5,
        Content-Type, Date, X-Api-Version
      Access-Control-Allow-Methods:
      - GET,OPTIONS,PATCH,DELETE,POST,PUT
      Access-Control-Allow-Origin:
      - "*"
      Cache-Control:
      - public, max-age=0, must-revalidate
      Content-Length:
      - '192'
      Content-Security-Policy:
      - 'script-src ''self'' ''unsafe-eval'' ''wasm-unsafe-eval'' ''strict-dynamic''
        ''nonce-M2I1MWRjZTUtMmUyYS00MjAxLWIzODgtNGFiZjBmY2Y4ZmQw''  *.js.stripe.com
        js.stripe.com maps.googleapis.com ; style-src ''self'' ''unsafe-inline'' *.braintrust.dev
        btcm6qilbbhv4yi1.public.blob.vercel-storage.com fonts.googleapis.com www.gstatic.com;
        font-src ''self'' data: fonts.gstatic.com btcm6qilbbhv4yi1.public.blob.vercel-storage.com;
        object-src ''none''; base-uri ''self''; form-action ''self''; frame-ancestors
        ''self''; worker-src ''self'' blob:; report-uri https://o4507221741076480.ingest.us.sentry.io/api/4507221754380288/security/?sentry_key=27fa5ac907cf7c6ce4a1ab2a03f805b4&sentry_environment=production&sentry_release=14;
        report-to csp-endpoint-0'
      Content-Type:
      - text/plain; charset=utf-8
      Date:
      - Sat, 25 Oct 2025 16:04:50 GMT
      Etag:
      - '"ra8scx99mp5c"'
      Reporting-Endpoints:
      - csp-endpoint-0="https://o4507221741076480.ingest.us.sentry.io/api/4507221754380288/security/?sentry_key=27fa5ac907cf7c6ce4a1ab2a03f805b4&sentry_environment=production&sentry_release=14"
      Server:
      - Vercel
      Strict-Transport-Security:
      - max-age=63072000
      X-Clerk-Auth-Message:
      - Invalid JWT form. A JWT consists of three parts separated by dots. (reason=token-invalid,
        token-carrier=header)
      X-Clerk-Auth-Reason:
      - token-invalid
      X-Clerk-Auth-Status:
      - signed-out
      X-Content-Type-Options:
      - nosniff
      X-Frame-Options:
      - SAMEORIGIN
      X-Matched-Path:
      - "/api/apikey/login"
      X-Nonce:
      - M2I1MWRjZTUtMmUyYS00MjAxLWIzODgtNGFiZjBmY2Y4ZmQw
      X-Vercel-Cache:
      - MISS
      X-Vercel-Id:
      - iad1::iad1::gxrvn-1761408290510-178425ee9237
    body:
      encoding: UTF-8
      string: 'Failed to validate Cognito JWT: Error: JWT string does not consist
        of exactly 3 parts (header, payload, signature) [timestamp=1761408290.57]
        [request_id=iad1::gxrvn-1761408290510-178425ee9237]'
  recorded_at: Sat, 25 Oct 2025 16:04:50 GMT
- request:
    method: post
    uri: https://www.braintrust.dev/api/apikey/login
    body:
      encoding: UTF-8
      string: ''
    headers:
      Accept-Encoding:
      - gzip;q=1.0,deflate;q=0.6,identity;q=0.3
      Accept:
      - "*/*"
      User-Agent:
      - Ruby
      Host:
      - www.braintrust.dev
      Authorization:
      - Bearer test-key
  response:
    status:
      code: 401
      message: Unauthorized
    headers:
      Access-Control-Allow-Credentials:
      - 'true'
      Access-Control-Allow-Headers:
      - X-CSRF-Token, X-Requested-With, Accept, Accept-Version, Content-Length, Content-MD5,
        Content-Type, Date, X-Api-Version
      Access-Control-Allow-Methods:
      - GET,OPTIONS,PATCH,DELETE,POST,PUT
      Access-Control-Allow-Origin:
      - "*"
      Cache-Control:
      - public, max-age=0, must-revalidate
      Content-Length:
      - '193'
      Content-Security-Policy:
      - 'script-src ''self'' ''unsafe-eval'' ''wasm-unsafe-eval'' ''strict-dynamic''
        ''nonce-ZDRkMTM5MDItN2ViZC00NGYxLTk5OTAtMzAxNGQwYTFkN2E0''  *.js.stripe.com
        js.stripe.com maps.googleapis.com ; style-src ''self'' ''unsafe-inline'' *.braintrust.dev
        btcm6qilbbhv4yi1.public.blob.vercel-storage.com fonts.googleapis.com www.gstatic.com;
        font-src ''self'' data: fonts.gstatic.com btcm6qilbbhv4yi1.public.blob.vercel-storage.com;
        object-src ''none''; base-uri ''self''; form-action ''self''; frame-ancestors
        ''self''; worker-src ''self'' blob:; report-uri https://o4507221741076480.ingest.us.sentry.io/api/4507221754380288/security/?sentry_key=27fa5ac907cf7c6ce4a1ab2a03f805b4&sentry_environment=production&sentry_release=14;
        report-to csp-endpoint-0'
      Content-Type:
      - text/plain; charset=utf-8
      Date:
      - Sat, 25 Oct 2025 16:04:50 GMT
      Etag:
      - '"h2mp24gdb65d"'
      Reporting-Endpoints:
      - csp-endpoint-0="https://o4507221741076480.ingest.us.sentry.io/api/4507221754380288/security/?sentry_key=27fa5ac907cf7c6ce4a1ab2a03f805b4&sentry_environment=production&sentry_release=14"
      Server:
      - Vercel
      Strict-Transport-Security:
      - max-age=63072000
      X-Clerk-Auth-Message:
      - Invalid JWT form. A JWT consists of three parts separated by dots. (reason=token-invalid,
        token-carrier=header)
      X-Clerk-Auth-Reason:
      - token-invalid
      X-Clerk-Auth-Status:
      - signed-out
      X-Content-Type-Options:
      - nosniff
      X-Frame-Options:
      - SAMEORIGIN
      X-Matched-Path:
      - "/api/apikey/login"
      X-Nonce:
      - ZDRkMTM5MDItN2ViZC00NGYxLTk5OTAtMzAxNGQwYTFkN2E0
      X-Vercel-Cache:
      - MISS
      X-Vercel-Id:
      - iad1::iad1::7dbgp-1761408290513-cb76b226e0af
    body:
      encoding: UTF-8
      string: 'Failed to validate Cognito JWT: Error: JWT string does not consist
        of exactly 3 parts (header, payload, signature) [timestamp=1761408290.558]
        [request_id=iad1::7dbgp-1761408290513-cb76b226e0af]'
  recorded_at: Sat, 25 Oct 2025 16:04:50 GMT
- request:
    method: post
    uri: https://www.braintrust.dev/api/apikey/login
    body:
      encoding: UTF-8
      string: ''
    headers:
      Accept-Encoding:
      - gzip;q=1.0,deflate;q=0.6,identity;q=0.3
      Accept:
      - "*/*"
      User-Agent:
      - Ruby
      Host:
      - www.braintrust.dev
      Authorization:
      - Bearer test-key
  response:
    status:
      code: 401
      message: Unauthorized
    headers:
      Access-Control-Allow-Credentials:
      - 'true'
      Access-Control-Allow-Headers:
      - X-CSRF-Token, X-Requested-With, Accept, Accept-Version, Content-Length, Content-MD5,
        Content-Type, Date, X-Api-Version
      Access-Control-Allow-Methods:
      - GET,OPTIONS,PATCH,DELETE,POST,PUT
      Access-Control-Allow-Origin:
      - "*"
      Cache-Control:
      - public, max-age=0, must-revalidate
      Content-Length:
      - '193'
      Content-Security-Policy:
      - 'script-src ''self'' ''unsafe-eval'' ''wasm-unsafe-eval'' ''strict-dynamic''
        ''nonce-MTcxMzkzMDctNzgwZC00MzE3LWJmYWItNWE1M2ZlZTFjZjY1''  *.js.stripe.com
        js.stripe.com maps.googleapis.com ; style-src ''self'' ''unsafe-inline'' *.braintrust.dev
        btcm6qilbbhv4yi1.public.blob.vercel-storage.com fonts.googleapis.com www.gstatic.com;
        font-src ''self'' data: fonts.gstatic.com btcm6qilbbhv4yi1.public.blob.vercel-storage.com;
        object-src ''none''; base-uri ''self''; form-action ''self''; frame-ancestors
        ''self''; worker-src ''self'' blob:; report-uri https://o4507221741076480.ingest.us.sentry.io/api/4507221754380288/security/?sentry_key=27fa5ac907cf7c6ce4a1ab2a03f805b4&sentry_environment=production&sentry_release=14;
        report-to csp-endpoint-0'
      Content-Type:
      - text/plain; charset=utf-8
      Date:
      - Sat, 25 Oct 2025 16:04:50 GMT
      Etag:
      - '"xzm6hy5fl5d"'
      Reporting-Endpoints:
      - csp-endpoint-0="https://o4507221741076480.ingest.us.sentry.io/api/4507221754380288/security/?sentry_key=27fa5ac907cf7c6ce4a1ab2a03f805b4&sentry_environment=production&sentry_release=14"
      Server:
      - Vercel
      Strict-Transport-Security:
      - max-age=63072000
      X-Clerk-Auth-Message:
      - Invalid JWT form. A JWT consists of three parts separated by dots. (reason=token-invalid,
        token-carrier=header)
      X-Clerk-Auth-Reason:
      - token-invalid
      X-Clerk-Auth-Status:
      - signed-out
      X-Content-Type-Options:
      - nosniff
      X-Frame-Options:
      - SAMEORIGIN
      X-Matched-Path:
      - "/api/apikey/login"
      X-Nonce:
      - MTcxMzkzMDctNzgwZC00MzE3LWJmYWItNWE1M2ZlZTFjZjY1
      X-Vercel-Cache:
      - MISS
      X-Vercel-Id:
      - iad1::iad1::79sgv-1761408290552-874f84661869
    body:
      encoding: UTF-8
      string: 'Failed to validate Cognito JWT: Error: JWT string does not consist
        of exactly 3 parts (header, payload, signature) [timestamp=1761408290.621]
        [request_id=iad1::79sgv-1761408290552-874f84661869]'
  recorded_at: Sat, 25 Oct 2025 16:04:50 GMT
- request:
    method: post
    uri: https://www.braintrust.dev/api/apikey/login
    body:
      encoding: UTF-8
      string: ''
    headers:
      Accept-Encoding:
      - gzip;q=1.0,deflate;q=0.6,identity;q=0.3
      Accept:
      - "*/*"
      User-Agent:
      - Ruby
      Host:
      - www.braintrust.dev
      Authorization:
      - Bearer test-key
  response:
    status:
      code: 401
      message: Unauthorized
    headers:
      Access-Control-Allow-Credentials:
      - 'true'
      Access-Control-Allow-Headers:
      - X-CSRF-Token, X-Requested-With, Accept, Accept-Version, Content-Length, Content-MD5,
        Content-Type, Date, X-Api-Version
      Access-Control-Allow-Methods:
      - GET,OPTIONS,PATCH,DELETE,POST,PUT
      Access-Control-Allow-Origin:
      - "*"
      Cache-Control:
      - public, max-age=0, must-revalidate
      Content-Length:
      - '193'
      Content-Security-Policy:
      - 'script-src ''self'' ''unsafe-eval'' ''wasm-unsafe-eval'' ''strict-dynamic''
        ''nonce-ZmU3ZmI0Y2ItMGY3MC00NjgzLWJmMzAtMTA1YjAwZTBhMWQ2''  *.js.stripe.com
        js.stripe.com maps.googleapis.com ; style-src ''self'' ''unsafe-inline'' *.braintrust.dev
        btcm6qilbbhv4yi1.public.blob.vercel-storage.com fonts.googleapis.com www.gstatic.com;
        font-src ''self'' data: fonts.gstatic.com btcm6qilbbhv4yi1.public.blob.vercel-storage.com;
        object-src ''none''; base-uri ''self''; form-action ''self''; frame-ancestors
        ''self''; worker-src ''self'' blob:; report-uri https://o4507221741076480.ingest.us.sentry.io/api/4507221754380288/security/?sentry_key=27fa5ac907cf7c6ce4a1ab2a03f805b4&sentry_environment=production&sentry_release=14;
        report-to csp-endpoint-0'
      Content-Type:
      - text/plain; charset=utf-8
      Date:
      - Sat, 25 Oct 2025 16:04:50 GMT
      Etag:
      - '"ri9n11ew5n5d"'
      Reporting-Endpoints:
      - csp-endpoint-0="https://o4507221741076480.ingest.us.sentry.io/api/4507221754380288/security/?sentry_key=27fa5ac907cf7c6ce4a1ab2a03f805b4&sentry_environment=production&sentry_release=14"
      Server:
      - Vercel
      Strict-Transport-Security:
      - max-age=63072000
      X-Clerk-Auth-Message:
      - Invalid JWT form. A JWT consists of three parts separated by dots. (reason=token-invalid,
        token-carrier=header)
      X-Clerk-Auth-Reason:
      - token-invalid
      X-Clerk-Auth-Status:
      - signed-out
      X-Content-Type-Options:
      - nosniff
      X-Frame-Options:
      - SAMEORIGIN
      X-Matched-Path:
      - "/api/apikey/login"
      X-Nonce:
      - ZmU3ZmI0Y2ItMGY3MC00NjgzLWJmMzAtMTA1YjAwZTBhMWQ2
      X-Vercel-Cache:
      - MISS
      X-Vercel-Id:
      - iad1::iad1::6lnpt-1761408290589-ec9969fc843c
    body:
      encoding: UTF-8
      string: 'Failed to validate Cognito JWT: Error: JWT string does not consist
        of exactly 3 parts (header, payload, signature) [timestamp=1761408290.623]
        [request_id=iad1::6lnpt-1761408290589-ec9969fc843c]'
  recorded_at: Sat, 25 Oct 2025 16:04:50 GMT
- request:
    method: post
    uri: https://www.braintrust.dev/api/apikey/login
    body:
      encoding: UTF-8
      string: ''
    headers:
      Accept-Encoding:
      - gzip;q=1.0,deflate;q=0.6,identity;q=0.3
      Accept:
      - "*/*"
      User-Agent:
      - Ruby
      Host:
      - www.braintrust.dev
      Authorization:
      - Bearer <BRAINTRUST_API_KEY>
  response:
    status:
      code: 200
      message: OK
    headers:
      Access-Control-Allow-Credentials:
      - 'true'
      Access-Control-Allow-Headers:
      - X-CSRF-Token, X-Requested-With, Accept, Accept-Version, Content-Length, Content-MD5,
        Content-Type, Date, X-Api-Version
      Access-Control-Allow-Methods:
      - GET,OPTIONS,PATCH,DELETE,POST,PUT
      Access-Control-Allow-Origin:
      - "*"
      Cache-Control:
      - public, max-age=0, must-revalidate
      Content-Length:
      - '257'
      Content-Security-Policy:
      - 'script-src ''self'' ''unsafe-eval'' ''wasm-unsafe-eval'' ''strict-dynamic''
        ''nonce-M2Q2MzI1MjEtMWY4Mi00ZDMzLTkxOTUtYTE4NjFmMTg0NDFk''  *.js.stripe.com
        js.stripe.com maps.googleapis.com ; style-src ''self'' ''unsafe-inline'' *.braintrust.dev
        btcm6qilbbhv4yi1.public.blob.vercel-storage.com fonts.googleapis.com www.gstatic.com;
        font-src ''self'' data: fonts.gstatic.com btcm6qilbbhv4yi1.public.blob.vercel-storage.com;
        object-src ''none''; base-uri ''self''; form-action ''self''; frame-ancestors
        ''self''; worker-src ''self'' blob:; report-uri https://o4507221741076480.ingest.us.sentry.io/api/4507221754380288/security/?sentry_key=27fa5ac907cf7c6ce4a1ab2a03f805b4&sentry_environment=production&sentry_release=14;
        report-to csp-endpoint-0'
      Content-Type:
      - application/json; charset=utf-8
      Date:
      - Sat, 25 Oct 2025 16:07:26 GMT
      Etag:
      - '"ubzjf1iqqj75"'
      Reporting-Endpoints:
      - csp-endpoint-0="https://o4507221741076480.ingest.us.sentry.io/api/4507221754380288/security/?sentry_key=27fa5ac907cf7c6ce4a1ab2a03f805b4&sentry_environment=production&sentry_release=14"
      Server:
      - Vercel
      Strict-Transport-Security:
      - max-age=63072000
      X-Clerk-Auth-Message:
      - Invalid JWT form. A JWT consists of three parts separated by dots. (reason=token-invalid,
        token-carrier=header)
      X-Clerk-Auth-Reason:
      - token-invalid
      X-Clerk-Auth-Status:
      - signed-out
      X-Content-Type-Options:
      - nosniff
      X-Frame-Options:
      - SAMEORIGIN
      X-Matched-Path:
      - "/api/apikey/login"
      X-Nonce:
      - M2Q2MzI1MjEtMWY4Mi00ZDMzLTkxOTUtYTE4NjFmMTg0NDFk
      X-Vercel-Cache:
      - MISS
      X-Vercel-Id:
      - iad1::iad1::p5jdx-1761408446506-3dcb1aeec4c9
    body:
      encoding: UTF-8
      string: '{"org_info":[{"id":"5ba6d482-b475-4c66-8cd2-5815694764e3","name":"matt-test-org","api_url":"https://api.braintrust.dev","git_metadata":null,"is_universal_api":null,"proxy_url":"https://api.braintrust.dev","realtime_url":"wss://realtime.braintrustapi.com"}]}'
  recorded_at: Sat, 25 Oct 2025 16:07:26 GMT
- request:
    method: post
    uri: https://api.braintrust.dev/v1/project
    body:
      encoding: UTF-8
      string: '{"name":"ruby-sdk-test"}'
    headers:
      Accept-Encoding:
      - gzip;q=1.0,deflate;q=0.6,identity;q=0.3
      Accept:
      - "*/*"
      User-Agent:
      - Ruby
      Host:
      - api.braintrust.dev
      Content-Type:
      - application/json
      Authorization:
      - Bearer <BRAINTRUST_API_KEY>
  response:
    status:
      code: 200
      message: OK
    headers:
      Content-Type:
      - application/json; charset=utf-8
      Content-Length:
      - '236'
      Connection:
      - keep-alive
      X-Amz-Cf-Pop:
      - PHL51-P2
      - PHL51-P3
      Date:
      - Sat, 25 Oct 2025 16:07:27 GMT
      Access-Control-Allow-Credentials:
      - 'true'
      X-Amzn-Requestid:
      - 6219fe1e-de12-4d46-bbd7-6fc6ff481626
      X-Bt-Internal-Trace-Id:
      - 68fcf5be0000000004465ca68e5dc662
      X-Amz-Apigw-Id:
      - TAtV5HovIAMEWYw=
      Vary:
      - Origin, Accept-Encoding
      Etag:
      - W/"ec-ae+104VIsuTGSnPanxA+Dc4IyRE"
      Access-Control-Expose-Headers:
      - x-bt-cursor,x-bt-found-existing,x-bt-query-plan
      X-Amzn-Trace-Id:
      - Root=1-68fcf5be-2f16d19206f5db6d5b0a15b5;Parent=707aeef9485f605d;Sampled=0;Lineage=1:24be3d11:0
      X-Bt-Found-Existing:
      - 'true'
      Via:
      - 1.1 09065f5a7dc17a65496eddf826458682.cloudfront.net (CloudFront), 1.1 208a9f2e1f79b95fcc17a047c4c04e9c.cloudfront.net
        (CloudFront)
      X-Cache:
      - Miss from cloudfront
      X-Amz-Cf-Id:
      - 6NEBHQA6PZl3_tMYlfibKSXTHS_ldvwp5yLU3qfi70IuTdlMMeallg==
    body:
      encoding: ASCII-8BIT
      string: '{"id":"c532bc50-7094-4bbb-8704-42344c9728b9","org_id":"5ba6d482-b475-4c66-8cd2-5815694764e3","name":"ruby-sdk-test","created":"2025-10-22T02:53:49.779Z","deleted_at":null,"user_id":"855483c6-68f0-4df4-a147-df9b4ea32e0c","settings":null}'
  recorded_at: Sat, 25 Oct 2025 16:07:26 GMT
- request:
    method: post
    uri: https://api.braintrust.dev/v1/experiment
    body:
      encoding: UTF-8
      string: '{"project_id":"c532bc50-7094-4bbb-8704-42344c9728b9","name":"test-auto-init","ensure_new":true}'
    headers:
      Accept-Encoding:
      - gzip;q=1.0,deflate;q=0.6,identity;q=0.3
      Accept:
      - "*/*"
      User-Agent:
      - Ruby
      Host:
      - api.braintrust.dev
      Content-Type:
      - application/json
      Authorization:
      - Bearer <BRAINTRUST_API_KEY>
  response:
    status:
      code: 200
      message: OK
    headers:
      Content-Type:
      - application/json; charset=utf-8
      Content-Length:
      - '385'
      Connection:
      - keep-alive
      X-Amz-Cf-Pop:
      - PHL51-P2
      - PHL51-P3
      Date:
      - Sat, 25 Oct 2025 16:07:27 GMT
      Access-Control-Allow-Credentials:
      - 'true'
      X-Amzn-Requestid:
      - 7c10ace2-ba9e-4667-bee7-1eed16249c4e
      X-Bt-Internal-Trace-Id:
      - 68fcf5bf000000001aca104770a45443
      X-Amz-Apigw-Id:
      - TAtV7H05IAMEJaQ=
      Vary:
      - Origin, Accept-Encoding
      Etag:
      - W/"181-uJXa91vLzWR2qImjzy9xFdgfFHk"
      Access-Control-Expose-Headers:
      - x-bt-cursor,x-bt-found-existing,x-bt-query-plan
      X-Amzn-Trace-Id:
      - Root=1-68fcf5bf-3f0494290aee355e4714ed51;Parent=15cde0c101d632b1;Sampled=0;Lineage=1:24be3d11:0
      Via:
      - 1.1 edb78a24a403acf9e5a52dc1055fd8c2.cloudfront.net (CloudFront), 1.1 5666ac43d17aeb308a9b45833ddb5b80.cloudfront.net
        (CloudFront)
      X-Cache:
      - Miss from cloudfront
      X-Amz-Cf-Id:
      - 2DdACCF3UkVzwc0UrfKOEoBGarbcIxcNpUGxVGea4gJX1tg2bvgMkA==
    body:
      encoding: ASCII-8BIT
      string: '{"id":"2f9080a2-368d-403f-8d11-9b8f94ed8153","project_id":"c532bc50-7094-4bbb-8704-42344c9728b9","name":"test-auto-init-e01a8919","description":null,"created":"2025-10-25T16:07:27.302Z","repo_info":{},"commit":null,"base_exp_id":null,"deleted_at":null,"dataset_id":null,"dataset_version":null,"public":false,"user_id":"855483c6-68f0-4df4-a147-df9b4ea32e0c","metadata":null,"tags":null}'
  recorded_at: Sat, 25 Oct 2025 16:07:27 GMT
recorded_with: VCR 6.3.1
