---
http_interactions:
- request:
    method: post
    uri: https://www.braintrust.dev/api/apikey/login
    body:
      encoding: UTF-8
      string: ''
    headers:
      Accept-Encoding:
      - gzip;q=1.0,deflate;q=0.6,identity;q=0.3
      Accept:
      - "*/*"
      User-Agent:
      - Ruby
      Host:
      - www.braintrust.dev
      Authorization:
      - Bearer <BRAINTRUST_API_KEY>
  response:
    status:
      code: 200
      message: OK
    headers:
      Access-Control-Allow-Credentials:
      - 'true'
      Access-Control-Allow-Headers:
      - X-CSRF-Token, X-Requested-With, Accept, Accept-Version, Content-Length, Content-MD5,
        Content-Type, Date, X-Api-Version
      Access-Control-Allow-Methods:
      - GET,OPTIONS,PATCH,DELETE,POST,PUT
      Access-Control-Allow-Origin:
      - "*"
      Cache-Control:
      - public, max-age=0, must-revalidate
      Content-Length:
      - '257'
      Content-Security-Policy:
      - 'script-src ''self'' ''unsafe-eval'' ''wasm-unsafe-eval'' ''strict-dynamic''
        ''nonce-Y2UwNDBhY2MtMjU0Ny00NTRkLTg0N2ItZGI4OTQ4ZmI2MjM0''  *.js.stripe.com
        js.stripe.com maps.googleapis.com ; style-src ''self'' ''unsafe-inline'' *.braintrust.dev
        btcm6qilbbhv4yi1.public.blob.vercel-storage.com fonts.googleapis.com www.gstatic.com;
        font-src ''self'' data: fonts.gstatic.com btcm6qilbbhv4yi1.public.blob.vercel-storage.com;
        object-src ''none''; base-uri ''self''; form-action ''self''; frame-ancestors
        ''self''; worker-src ''self'' blob:; report-uri https://o4507221741076480.ingest.us.sentry.io/api/4507221754380288/security/?sentry_key=27fa5ac907cf7c6ce4a1ab2a03f805b4&sentry_environment=production&sentry_release=14;
        report-to csp-endpoint-0'
      Content-Type:
      - application/json; charset=utf-8
      Date:
      - Fri, 24 Oct 2025 15:29:19 GMT
      Etag:
      - '"ubzjf1iqqj75"'
      Reporting-Endpoints:
      - csp-endpoint-0="https://o4507221741076480.ingest.us.sentry.io/api/4507221754380288/security/?sentry_key=27fa5ac907cf7c6ce4a1ab2a03f805b4&sentry_environment=production&sentry_release=14"
      Server:
      - Vercel
      Strict-Transport-Security:
      - max-age=63072000
      X-Clerk-Auth-Message:
      - Invalid JWT form. A JWT consists of three parts separated by dots. (reason=token-invalid,
        token-carrier=header)
      X-Clerk-Auth-Reason:
      - token-invalid
      X-Clerk-Auth-Status:
      - signed-out
      X-Content-Type-Options:
      - nosniff
      X-Frame-Options:
      - SAMEORIGIN
      X-Matched-Path:
      - "/api/apikey/login"
      X-Nonce:
      - Y2UwNDBhY2MtMjU0Ny00NTRkLTg0N2ItZGI4OTQ4ZmI2MjM0
      X-Vercel-Cache:
      - MISS
      X-Vercel-Id:
      - iad1::iad1::s27qb-1761319759832-b9907970dc2f
    body:
      encoding: UTF-8
      string: '{"org_info":[{"id":"5ba6d482-b475-4c66-8cd2-5815694764e3","name":"matt-test-org","api_url":"https://api.braintrust.dev","git_metadata":null,"is_universal_api":null,"proxy_url":"https://api.braintrust.dev","realtime_url":"wss://realtime.braintrustapi.com"}]}'
  recorded_at: Fri, 24 Oct 2025 15:29:19 GMT
- request:
    method: post
    uri: https://api.braintrust.dev/v1/project
    body:
      encoding: UTF-8
      string: '{"name":"ruby-sdk-test"}'
    headers:
      Accept-Encoding:
      - gzip;q=1.0,deflate;q=0.6,identity;q=0.3
      Accept:
      - "*/*"
      User-Agent:
      - Ruby
      Host:
      - api.braintrust.dev
      Content-Type:
      - application/json
      Authorization:
      - Bearer <BRAINTRUST_API_KEY>
  response:
    status:
      code: 200
      message: OK
    headers:
      Content-Type:
      - application/json; charset=utf-8
      Content-Length:
      - '236'
      Connection:
      - keep-alive
      X-Amz-Cf-Pop:
      - JFK50-P2
      - JFK50-P5
      Date:
      - Fri, 24 Oct 2025 15:29:20 GMT
      Access-Control-Allow-Credentials:
      - 'true'
      X-Amzn-Requestid:
      - 549e4f69-f064-4958-8a16-da32e9b3e219
      X-Bt-Internal-Trace-Id:
      - 68fb9b4f0000000010bbfc237014deb3
      X-Amz-Apigw-Id:
      - S9U0jFYloAMEXMw=
      Vary:
      - Origin, Accept-Encoding
      Etag:
      - W/"ec-ae+104VIsuTGSnPanxA+Dc4IyRE"
      Access-Control-Expose-Headers:
      - x-bt-cursor,x-bt-found-existing,x-bt-query-plan
      X-Amzn-Trace-Id:
      - Root=1-68fb9b4f-701cb3d84d8ec743644ca66f;Parent=1d9928876bfead56;Sampled=0;Lineage=1:24be3d11:0
      X-Bt-Found-Existing:
      - 'true'
      Via:
      - 1.1 f8b0654d6e6bbf12f54a635de5db7ee4.cloudfront.net (CloudFront), 1.1 baec235d174153a8f2e92ea724643824.cloudfront.net
        (CloudFront)
      X-Cache:
      - Miss from cloudfront
      X-Amz-Cf-Id:
      - "-MLEMjytRWi7x7lX5_eEDPxCEs8oOHaIzQ_PHKmwKakkHHEIljtMuA=="
    body:
      encoding: ASCII-8BIT
      string: '{"id":"c532bc50-7094-4bbb-8704-42344c9728b9","org_id":"5ba6d482-b475-4c66-8cd2-5815694764e3","name":"ruby-sdk-test","created":"2025-10-22T02:53:49.779Z","deleted_at":null,"user_id":"855483c6-68f0-4df4-a147-df9b4ea32e0c","settings":null}'
  recorded_at: Fri, 24 Oct 2025 15:29:20 GMT
- request:
    method: post
    uri: https://api.braintrust.dev/v1/experiment
    body:
      encoding: UTF-8
      string: '{"project_id":"c532bc50-7094-4bbb-8704-42344c9728b9","name":"test-ruby-sdk-scorer-error","ensure_new":true}'
    headers:
      Accept-Encoding:
      - gzip;q=1.0,deflate;q=0.6,identity;q=0.3
      Accept:
      - "*/*"
      User-Agent:
      - Ruby
      Host:
      - api.braintrust.dev
      Content-Type:
      - application/json
      Authorization:
      - Bearer <BRAINTRUST_API_KEY>
  response:
    status:
      code: 200
      message: OK
    headers:
      Content-Type:
      - application/json; charset=utf-8
      Content-Length:
      - '397'
      Connection:
      - keep-alive
      X-Amz-Cf-Pop:
      - JFK50-P2
      - JFK50-P5
      Date:
      - Fri, 24 Oct 2025 15:29:20 GMT
      Access-Control-Allow-Credentials:
      - 'true'
      X-Amzn-Requestid:
      - 9e534f11-e794-4bfc-a1a5-e051d558785f
      X-Bt-Internal-Trace-Id:
      - 68fb9b50000000005d8dd68ecf9d5d44
      X-Amz-Apigw-Id:
      - S9U0lGmyIAMEJSQ=
      Vary:
      - Origin, Accept-Encoding
      Etag:
      - W/"18d-uORWhJs0D/7dPuBAH6Qd5quVKGs"
      Access-Control-Expose-Headers:
      - x-bt-cursor,x-bt-found-existing,x-bt-query-plan
      X-Amzn-Trace-Id:
      - Root=1-68fb9b50-0f501a6a34f55ec4406253cb;Parent=72f28c2a44d9f5b0;Sampled=0;Lineage=1:24be3d11:0
      Via:
      - 1.1 8a9cdb228e33f8d52a4b42c56ca26590.cloudfront.net (CloudFront), 1.1 d3a2886dcf7e47b1e56baf628c69dc24.cloudfront.net
        (CloudFront)
      X-Cache:
      - Miss from cloudfront
      X-Amz-Cf-Id:
      - h9ASYGHOmyE05t8TJM9oa_gPtK4YGW67ksTwXhDD_hQO6zaUtLB7MA==
    body:
      encoding: ASCII-8BIT
      string: '{"id":"8a22930d-677b-4d06-9d8d-7375e4a99c69","project_id":"c532bc50-7094-4bbb-8704-42344c9728b9","name":"test-ruby-sdk-scorer-error-347045bc","description":null,"created":"2025-10-24T15:29:20.232Z","repo_info":{},"commit":null,"base_exp_id":null,"deleted_at":null,"dataset_id":null,"dataset_version":null,"public":false,"user_id":"855483c6-68f0-4df4-a147-df9b4ea32e0c","metadata":null,"tags":null}'
  recorded_at: Fri, 24 Oct 2025 15:29:20 GMT
recorded_with: VCR 6.3.1
